2026-07-03 01:01:22,922 INFO o.a.j.u.JMeterUtils: Setting Locale to en_EN
2026-07-03 01:01:22,950 INFO o.a.j.JMeter: Loading user properties from: /opt/apache-jmeter-5.6.3/bin/user.properties
2026-07-03 01:01:22,952 INFO o.a.j.JMeter: Loading system properties from: /opt/apache-jmeter-5.6.3/bin/system.properties
2026-07-03 01:01:22,953 INFO o.a.j.JMeter: Setting JMeter property: base_url=http://host.docker.internal:19093
2026-07-03 01:01:22,954 INFO o.a.j.JMeter: Setting JMeter property: simulator_url=http://host.docker.internal:19094
2026-07-03 01:01:22,954 INFO o.a.j.JMeter: Setting JMeter property: charger_country_code=US
2026-07-03 01:01:22,956 INFO o.a.j.JMeter: Setting JMeter property: dynamic_connector_selection=true
2026-07-03 01:01:22,957 INFO o.a.j.JMeter: Setting JMeter property: users=1
2026-07-03 01:01:22,958 INFO o.a.j.JMeter: Setting JMeter property: ramp_seconds=1
2026-07-03 01:01:22,958 INFO o.a.j.JMeter: Setting JMeter property: hold_seconds=15
2026-07-03 01:01:22,959 INFO o.a.j.JMeter: Setting JMeter property: sse_seconds=15
2026-07-03 01:01:22,960 INFO o.a.j.JMeter: Setting JMeter property: run_id=subscription-discount-prod-portforward-r2
2026-07-03 01:01:22,965 INFO o.a.j.JMeter: Copyright (c) 1998-2024 The Apache Software Foundation
2026-07-03 01:01:22,966 INFO o.a.j.JMeter: Version 5.6.3
2026-07-03 01:01:22,967 INFO o.a.j.JMeter: java.version=17.0.19
2026-07-03 01:01:22,968 INFO o.a.j.JMeter: java.vm.name=OpenJDK 64-Bit Server VM
2026-07-03 01:01:22,968 INFO o.a.j.JMeter: os.name=Linux
2026-07-03 01:01:22,969 INFO o.a.j.JMeter: os.arch=amd64
2026-07-03 01:01:22,970 INFO o.a.j.JMeter: os.version=6.18.33.1-microsoft-standard-WSL2
2026-07-03 01:01:22,971 INFO o.a.j.JMeter: file.encoding=UTF-8
2026-07-03 01:01:22,971 INFO o.a.j.JMeter: java.awt.headless=true
2026-07-03 01:01:22,972 INFO o.a.j.JMeter: Max memory     =1073741824
2026-07-03 01:01:22,973 INFO o.a.j.JMeter: Available Processors =16
2026-07-03 01:01:22,983 INFO o.a.j.JMeter: Default Locale=English (EN)
2026-07-03 01:01:22,984 INFO o.a.j.JMeter: JMeter  Locale=English (EN)
2026-07-03 01:01:22,984 INFO o.a.j.JMeter: JMeterHome=/opt/apache-jmeter-5.6.3
2026-07-03 01:01:22,985 INFO o.a.j.JMeter: user.dir  =/work
2026-07-03 01:01:22,986 INFO o.a.j.JMeter: PWD       =/work
2026-07-03 01:01:22,986 INFO o.a.j.JMeter: IP: 172.17.0.37 Name: 8cc4bd829a40 FullName: 8cc4bd829a40
2026-07-03 01:01:23,007 INFO o.a.j.s.FileServer: Default base='/work'
2026-07-03 01:01:23,012 INFO o.a.j.s.FileServer: Set new base='/work/scripts/jmeter'
2026-07-03 01:01:23,178 INFO o.a.j.s.SaveService: Testplan (JMX) version: 2.2. Testlog (JTL) version: 2.2
2026-07-03 01:01:23,205 INFO o.a.j.s.SaveService: Using SaveService properties version 5.0
2026-07-03 01:01:23,211 INFO o.a.j.s.SaveService: Using SaveService properties file encoding UTF-8
2026-07-03 01:01:23,215 INFO o.a.j.s.SaveService: Loading file: scripts/jmeter/07-subscription-discount-charging-flow.jmx
2026-07-03 01:01:23,273 INFO o.a.j.JMeter: Creating summariser <summary>
2026-07-03 01:01:23,290 INFO o.a.j.e.StandardJMeterEngine: Running the test!
2026-07-03 01:01:23,291 INFO o.a.j.s.SampleEvent: List of sample_variables: []
2026-07-03 01:01:23,292 INFO o.a.j.s.SampleEvent: List of sample_variables: []
2026-07-03 01:01:23,296 INFO o.a.j.e.u.CompoundVariable: Note: Function class names must contain the string: '.functions.'
2026-07-03 01:01:23,297 INFO o.a.j.e.u.CompoundVariable: Note: Function class names must not contain the string: '.gui.'
2026-07-03 01:01:23,538 INFO o.a.j.JMeter: Running test (1783040483538)
2026-07-03 01:01:23,573 INFO o.a.j.e.StandardJMeterEngine: Starting ThreadGroup: 1 : Subscription-discount driver journeys
2026-07-03 01:01:23,574 INFO o.a.j.e.StandardJMeterEngine: Starting 1 threads for group Subscription-discount driver journeys.
2026-07-03 01:01:23,576 INFO o.a.j.e.StandardJMeterEngine: Test will stop on error
2026-07-03 01:01:23,579 INFO o.a.j.t.ThreadGroup: Starting thread group... number=1 threads=1 ramp-up=1 delayedStart=false
2026-07-03 01:01:23,600 INFO o.a.j.t.ThreadGroup: Started thread group number 1
2026-07-03 01:01:23,601 INFO o.a.j.e.StandardJMeterEngine: All thread groups have been started
2026-07-03 01:01:23,605 INFO o.a.j.t.JMeterThread: Thread started: Subscription-discount driver journeys 1-1
2026-07-03 01:01:23,619 INFO o.a.j.s.FileServer: Stored: scripts/jmeter/data/connectors-100.csv
2026-07-03 01:01:23,649 INFO o.a.j.s.SampleResult: Note: Sample TimeStamps are START times
2026-07-03 01:01:23,650 INFO o.a.j.s.SampleResult: sampleresult.default.encoding is set to UTF-8
2026-07-03 01:01:23,651 INFO o.a.j.s.SampleResult: sampleresult.useNanoTime=true
2026-07-03 01:01:23,652 INFO o.a.j.s.SampleResult: sampleresult.nanoThreadSleep=5000
2026-07-03 01:01:25,113 INFO o.a.j.p.j.s.J.Subscription discount charging journey: [electrahub-jmeter][subscription-discount][001] step=register
2026-07-03 01:01:25,318 INFO o.a.j.p.j.s.J.Subscription discount charging journey: [electrahub-jmeter][subscription-discount][001] http POST /auth/api/auth/register status=200 elapsedMs=159
2026-07-03 01:01:25,334 INFO o.a.j.p.j.s.J.Subscription discount charging journey: [electrahub-jmeter][subscription-discount][001] registered uid=1da4765a-0402-4930-a0d2-4c167af75e2e
2026-07-03 01:01:25,359 INFO o.a.j.p.j.s.J.Subscription discount charging journey: [electrahub-jmeter][subscription-discount][001] step=payment state before setup
2026-07-03 01:01:25,373 INFO o.a.j.p.j.s.J.Subscription discount charging journey: [electrahub-jmeter][subscription-discount][001] http GET /payment/api/v1/payment/state status=451 elapsedMs=13
2026-07-03 01:01:25,374 INFO o.a.j.p.j.s.J.Subscription discount charging journey: [electrahub-jmeter][subscription-discount][001] step=accept terms
2026-07-03 01:01:25,390 INFO o.a.j.p.j.s.J.Subscription discount charging journey: [electrahub-jmeter][subscription-discount][001] http POST /auth/api/terms/accept status=201 elapsedMs=14
2026-07-03 01:01:25,398 INFO o.a.j.p.j.s.J.Subscription discount charging journey: [electrahub-jmeter][subscription-discount][001] accepted terms; refreshing token through login
2026-07-03 01:01:25,399 INFO o.a.j.p.j.s.J.Subscription discount charging journey: [electrahub-jmeter][subscription-discount][001] step=login
2026-07-03 01:01:25,476 INFO o.a.j.p.j.s.J.Subscription discount charging journey: [electrahub-jmeter][subscription-discount][001] http POST /auth/api/auth/login status=200 elapsedMs=75
2026-07-03 01:01:25,477 INFO o.a.j.p.j.s.J.Subscription discount charging journey: [electrahub-jmeter][subscription-discount][001] logged in uid=1da4765a-0402-4930-a0d2-4c167af75e2e
2026-07-03 01:01:25,478 INFO o.a.j.p.j.s.J.Subscription discount charging journey: [electrahub-jmeter][subscription-discount][001] step=payment state after terms
2026-07-03 01:01:25,500 INFO o.a.j.p.j.s.J.Subscription discount charging journey: [electrahub-jmeter][subscription-discount][001] http GET /payment/api/v1/payment/state status=200 elapsedMs=21
2026-07-03 01:01:25,502 INFO o.a.j.p.j.s.J.Subscription discount charging journey: [electrahub-jmeter][subscription-discount][001] step=add card
2026-07-03 01:01:25,520 INFO o.a.j.p.j.s.J.Subscription discount charging journey: [electrahub-jmeter][subscription-discount][001] http POST /payment/api/v1/payment/cards status=201 elapsedMs=16
2026-07-03 01:01:25,522 INFO o.a.j.p.j.s.J.Subscription discount charging journey: [electrahub-jmeter][subscription-discount][001] step=wallet topup
2026-07-03 01:01:25,539 INFO o.a.j.p.j.s.J.Subscription discount charging journey: [electrahub-jmeter][subscription-discount][001] http POST /payment/api/v1/payment/wallet/topups status=201 elapsedMs=15
2026-07-03 01:01:25,541 INFO o.a.j.p.j.s.J.Subscription discount charging journey: [electrahub-jmeter][subscription-discount][001] step=payment state after setup
2026-07-03 01:01:25,556 INFO o.a.j.p.j.s.J.Subscription discount charging journey: [electrahub-jmeter][subscription-discount][001] http GET /payment/api/v1/payment/state status=200 elapsedMs=14
2026-07-03 01:01:25,557 INFO o.a.j.p.j.s.J.Subscription discount charging journey: [electrahub-jmeter][subscription-discount][001] payment ready wallet=120.00
2026-07-03 01:01:25,559 INFO o.a.j.p.j.s.J.Subscription discount charging journey: [electrahub-jmeter][subscription-discount][001] step=charger graphql list
2026-07-03 01:01:25,670 INFO o.a.j.p.j.s.J.Subscription discount charging journey: [electrahub-jmeter][subscription-discount][001] http POST /charger/graphql status=200 elapsedMs=110
2026-07-03 01:01:25,691 INFO o.a.j.p.j.s.J.Subscription discount charging journey: [electrahub-jmeter][subscription-discount][001] selected available connector EH-US-CHG-0002/CON-US-0002 location=US*EHB*LOC*USA001 candidate=1/89
2026-07-03 01:01:25,692 INFO o.a.j.p.j.s.J.Subscription discount charging journey: [electrahub-jmeter][subscription-discount][001] step=charger graphql view
2026-07-03 01:01:25,727 INFO o.a.j.p.j.s.J.Subscription discount charging journey: [electrahub-jmeter][subscription-discount][001] http POST /charger/graphql status=200 elapsedMs=34
2026-07-03 01:01:25,728 INFO o.a.j.p.j.s.J.Subscription discount charging journey: [electrahub-jmeter][subscription-discount][001] step=payment state before start
2026-07-03 01:01:25,745 INFO o.a.j.p.j.s.J.Subscription discount charging journey: [electrahub-jmeter][subscription-discount][001] http GET /payment/api/v1/payment/state status=200 elapsedMs=16
2026-07-03 01:01:25,754 INFO o.a.j.p.j.s.J.Subscription discount charging journey: [electrahub-jmeter][subscription-discount][001] step=start charging attempt 1
2026-07-03 01:01:27,614 INFO o.a.j.p.j.s.J.Subscription discount charging journey: [electrahub-jmeter][subscription-discount][001] http POST /session/api/v1/sessions/start status=201 elapsedMs=1859
2026-07-03 01:01:27,616 INFO o.a.j.p.j.s.J.Subscription discount charging journey: [electrahub-jmeter][subscription-discount][001] started session=95c82ca7-3961-49ea-b02a-a2f76da38059 charger=EH-US-CHG-0002/CON-US-0002 status=PREPARING remote=Accepted attempt=1/89
2026-07-03 01:01:27,618 INFO o.a.j.p.j.s.J.Subscription discount charging journey: [electrahub-jmeter][subscription-discount][001] step=active sessions
2026-07-03 01:01:28,133 INFO o.a.j.p.j.s.J.Subscription discount charging journey: [electrahub-jmeter][subscription-discount][001] http GET /session/api/v1/sessions/active status=200 elapsedMs=512
2026-07-03 01:01:44,246 INFO o.a.j.p.j.s.J.Subscription discount charging journey: [electrahub-jmeter][subscription-discount][001] sse ok connected=1 snapshot=2 updates=15 receipts=0 heartbeats=0
2026-07-03 01:01:44,250 INFO o.a.j.p.j.s.J.Subscription discount charging journey: [electrahub-jmeter][subscription-discount][001] step=active sessions
2026-07-03 01:01:45,252 INFO o.a.j.p.j.s.J.Subscription discount charging journey: [electrahub-jmeter][subscription-discount][001] http GET /session/api/v1/sessions/active status=200 elapsedMs=1001
2026-07-03 01:01:50,690 INFO o.a.j.p.j.s.J.Subscription discount charging journey: [electrahub-jmeter][subscription-discount][001] step=active sessions
2026-07-03 01:01:51,704 INFO o.a.j.p.j.s.J.Subscription discount charging journey: [electrahub-jmeter][subscription-discount][001] http GET /session/api/v1/sessions/active status=200 elapsedMs=1013
2026-07-03 01:01:54,706 INFO o.a.j.p.j.s.J.Subscription discount charging journey: [electrahub-jmeter][subscription-discount][001] step=active sessions
2026-07-03 01:01:55,732 INFO o.a.j.p.j.s.J.Subscription discount charging journey: [electrahub-jmeter][subscription-discount][001] http GET /session/api/v1/sessions/active status=200 elapsedMs=1024
2026-07-03 01:01:58,734 INFO o.a.j.p.j.s.J.Subscription discount charging journey: [electrahub-jmeter][subscription-discount][001] step=active sessions
2026-07-03 01:01:59,770 INFO o.a.j.p.j.s.J.Subscription discount charging journey: [electrahub-jmeter][subscription-discount][001] http GET /session/api/v1/sessions/active status=200 elapsedMs=1034
2026-07-03 01:02:02,771 INFO o.a.j.p.j.s.J.Subscription discount charging journey: [electrahub-jmeter][subscription-discount][001] step=active sessions
2026-07-03 01:02:03,798 INFO o.a.j.p.j.s.J.Subscription discount charging journey: [electrahub-jmeter][subscription-discount][001] http GET /session/api/v1/sessions/active status=200 elapsedMs=1025
2026-07-03 01:02:06,800 INFO o.a.j.p.j.s.J.Subscription discount charging journey: [electrahub-jmeter][subscription-discount][001] step=active sessions
2026-07-03 01:02:07,838 INFO o.a.j.p.j.s.J.Subscription discount charging journey: [electrahub-jmeter][subscription-discount][001] http GET /session/api/v1/sessions/active status=200 elapsedMs=1037
2026-07-03 01:02:10,841 INFO o.a.j.p.j.s.J.Subscription discount charging journey: [electrahub-jmeter][subscription-discount][001] step=active sessions
2026-07-03 01:02:11,873 INFO o.a.j.p.j.s.J.Subscription discount charging journey: [electrahub-jmeter][subscription-discount][001] http GET /session/api/v1/sessions/active status=200 elapsedMs=1031
2026-07-03 01:02:14,875 INFO o.a.j.p.j.s.J.Subscription discount charging journey: [electrahub-jmeter][subscription-discount][001] step=active sessions
2026-07-03 01:02:15,898 INFO o.a.j.p.j.s.J.Subscription discount charging journey: [electrahub-jmeter][subscription-discount][001] http GET /session/api/v1/sessions/active status=200 elapsedMs=1022
2026-07-03 01:02:18,900 INFO o.a.j.p.j.s.J.Subscription discount charging journey: [electrahub-jmeter][subscription-discount][001] step=active sessions
2026-07-03 01:02:22,364 INFO o.a.j.p.j.s.J.Subscription discount charging journey: [electrahub-jmeter][subscription-discount][001] http GET /session/api/v1/sessions/active status=200 elapsedMs=3463
2026-07-03 01:02:25,365 INFO o.a.j.p.j.s.J.Subscription discount charging journey: [electrahub-jmeter][subscription-discount][001] step=active sessions
2026-07-03 01:02:26,412 INFO o.a.j.p.j.s.J.Subscription discount charging journey: [electrahub-jmeter][subscription-discount][001] http GET /session/api/v1/sessions/active status=200 elapsedMs=1045
2026-07-03 01:02:26,414 INFO o.a.j.p.j.s.J.Subscription discount charging journey: [electrahub-jmeter][subscription-discount][001] active session predicate ok subscription discount active price session=95c82ca7-3961-49ea-b02a-a2f76da38059
2026-07-03 01:02:26,416 INFO o.a.j.p.j.s.J.Subscription discount charging journey: [electrahub-jmeter][subscription-discount][001] subscription discount active session=95c82ca7-3961-49ea-b02a-a2f76da38059 regular=1.4223 discounted=1.1378 discount=0.2845 plan=NEW_USER_20_OFF_500KWH_1Y
2026-07-03 01:02:26,417 INFO o.a.j.p.j.s.J.Subscription discount charging journey: [electrahub-jmeter][subscription-discount][001] step=stop charging session
2026-07-03 01:02:27,436 INFO o.a.j.p.j.s.J.Subscription discount charging journey: [electrahub-jmeter][subscription-discount][001] http POST /session/api/v1/sessions/95c82ca7-3961-49ea-b02a-a2f76da38059/stop status=204 elapsedMs=1016
2026-07-03 01:02:27,437 INFO o.a.j.p.j.s.J.Subscription discount charging journey: [electrahub-jmeter][subscription-discount][001] stop requested session=95c82ca7-3961-49ea-b02a-a2f76da38059
2026-07-03 01:02:27,440 INFO o.a.j.p.j.s.J.Subscription discount charging journey: [electrahub-jmeter][subscription-discount][001] step=simulator status Available
2026-07-03 01:02:27,455 INFO o.a.j.p.j.s.J.Subscription discount charging journey: [electrahub-jmeter][subscription-discount][001] simulator POST /api/v1/chargers/EH-US-CHG-0002/connectors/1/status status=200 elapsedMs=8
2026-07-03 01:02:27,457 INFO o.a.j.p.j.s.J.Subscription discount charging journey: [electrahub-jmeter][subscription-discount][001] step=active sessions
2026-07-03 01:02:28,449 INFO o.a.j.p.j.s.J.Subscription discount charging journey: [electrahub-jmeter][subscription-discount][001] http GET /session/api/v1/sessions/active status=200 elapsedMs=991
2026-07-03 01:02:33,451 INFO o.a.j.p.j.s.J.Subscription discount charging journey: [electrahub-jmeter][subscription-discount][001] step=active sessions
2026-07-03 01:02:33,473 INFO o.a.j.p.j.s.J.Subscription discount charging journey: [electrahub-jmeter][subscription-discount][001] http GET /session/api/v1/sessions/active status=200 elapsedMs=21
2026-07-03 01:02:33,474 INFO o.a.j.p.j.s.J.Subscription discount charging journey: [electrahub-jmeter][subscription-discount][001] step=receipt
2026-07-03 01:02:33,494 INFO o.a.j.p.j.s.J.Subscription discount charging journey: [electrahub-jmeter][subscription-discount][001] http GET /session/api/v1/sessions/95c82ca7-3961-49ea-b02a-a2f76da38059/receipt status=200 elapsedMs=18
2026-07-03 01:02:33,495 INFO o.a.j.p.j.s.J.Subscription discount charging journey: [electrahub-jmeter][subscription-discount][001] step=session history
2026-07-03 01:02:33,588 INFO o.a.j.p.j.s.J.Subscription discount charging journey: [electrahub-jmeter][subscription-discount][001] http GET /session/api/v1/sessions/history?page=0&size=10 status=200 elapsedMs=91
2026-07-03 01:02:33,590 INFO o.a.j.p.j.s.J.Subscription discount charging journey: [electrahub-jmeter][subscription-discount][001] step=dashboard stats
2026-07-03 01:02:33,633 INFO o.a.j.p.j.s.J.Subscription discount charging journey: [electrahub-jmeter][subscription-discount][001] http GET /session/api/v1/sessions/dashboard-stats status=200 elapsedMs=42
2026-07-03 01:02:33,634 INFO o.a.j.p.j.s.J.Subscription discount charging journey: [electrahub-jmeter][subscription-discount][001] receipt ok session=95c82ca7-3961-49ea-b02a-a2f76da38059 status=Completed total=1.148
2026-07-03 01:02:33,645 INFO o.a.j.r.Summariser: summary +      1 in 00:01:10 =    0.0/s Avg: 65121 Min: 65121 Max: 65121 Err:     0 (0.00%) Active: 1 Started: 1 Finished: 0
2026-07-03 01:02:33,646 INFO o.a.j.t.JMeterThread: Thread is done: Subscription-discount driver journeys 1-1
2026-07-03 01:02:33,647 INFO o.a.j.t.JMeterThread: Thread finished: Subscription-discount driver journeys 1-1
2026-07-03 01:02:33,648 INFO o.a.j.e.StandardJMeterEngine: Notifying test listeners of end of test
2026-07-03 01:02:33,649 INFO o.a.j.s.FileServer: Close: scripts/jmeter/data/connectors-100.csv
2026-07-03 01:02:33,654 INFO o.a.j.r.Summariser: summary =      1 in 00:01:10 =    0.0/s Avg: 65121 Min: 65121 Max: 65121 Err:     0 (0.00%)
