2026-07-03 13:56:07,982 INFO o.a.j.u.JMeterUtils: Setting Locale to en_EN
2026-07-03 13:56:08,008 INFO o.a.j.JMeter: Loading user properties from: /opt/apache-jmeter-5.6.3/bin/user.properties
2026-07-03 13:56:08,010 INFO o.a.j.JMeter: Loading system properties from: /opt/apache-jmeter-5.6.3/bin/system.properties
2026-07-03 13:56:08,011 INFO o.a.j.JMeter: Setting JMeter property: base_url=https://api.electrahub.net
2026-07-03 13:56:08,012 INFO o.a.j.JMeter: Setting JMeter property: users=1
2026-07-03 13:56:08,013 INFO o.a.j.JMeter: Setting JMeter property: ramp_seconds=1
2026-07-03 13:56:08,014 INFO o.a.j.JMeter: Setting JMeter property: request_timeout_ms=30000
2026-07-03 13:56:08,015 INFO o.a.j.JMeter: Setting JMeter property: session_command_timeout_ms=45000
2026-07-03 13:56:08,015 INFO o.a.j.JMeter: Setting JMeter property: dynamic_connector_selection=true
2026-07-03 13:56:08,016 INFO o.a.j.JMeter: Setting JMeter property: idle_tick_wait_seconds=70
2026-07-03 13:56:08,017 INFO o.a.j.JMeter: Setting JMeter property: run_id=idle-zset-20260703-r7
2026-07-03 13:56:08,022 INFO o.a.j.JMeter: Copyright (c) 1998-2024 The Apache Software Foundation
2026-07-03 13:56:08,023 INFO o.a.j.JMeter: Version 5.6.3
2026-07-03 13:56:08,023 INFO o.a.j.JMeter: java.version=17.0.19
2026-07-03 13:56:08,024 INFO o.a.j.JMeter: java.vm.name=OpenJDK 64-Bit Server VM
2026-07-03 13:56:08,024 INFO o.a.j.JMeter: os.name=Linux
2026-07-03 13:56:08,025 INFO o.a.j.JMeter: os.arch=amd64
2026-07-03 13:56:08,026 INFO o.a.j.JMeter: os.version=6.18.33.1-microsoft-standard-WSL2
2026-07-03 13:56:08,026 INFO o.a.j.JMeter: file.encoding=UTF-8
2026-07-03 13:56:08,027 INFO o.a.j.JMeter: java.awt.headless=true
2026-07-03 13:56:08,028 INFO o.a.j.JMeter: Max memory     =1073741824
2026-07-03 13:56:08,028 INFO o.a.j.JMeter: Available Processors =16
2026-07-03 13:56:08,040 INFO o.a.j.JMeter: Default Locale=English (EN)
2026-07-03 13:56:08,041 INFO o.a.j.JMeter: JMeter  Locale=English (EN)
2026-07-03 13:56:08,042 INFO o.a.j.JMeter: JMeterHome=/opt/apache-jmeter-5.6.3
2026-07-03 13:56:08,043 INFO o.a.j.JMeter: user.dir  =/work
2026-07-03 13:56:08,044 INFO o.a.j.JMeter: PWD       =/work
2026-07-03 13:56:08,045 INFO o.a.j.JMeter: IP: 172.17.0.39 Name: e65c62a9901b FullName: e65c62a9901b
2026-07-03 13:56:08,058 INFO o.a.j.s.FileServer: Default base='/work'
2026-07-03 13:56:08,061 INFO o.a.j.s.FileServer: Set new base='/work/scripts/jmeter'
2026-07-03 13:56:08,195 INFO o.a.j.s.SaveService: Testplan (JMX) version: 2.2. Testlog (JTL) version: 2.2
2026-07-03 13:56:08,216 INFO o.a.j.s.SaveService: Using SaveService properties version 5.0
2026-07-03 13:56:08,219 INFO o.a.j.s.SaveService: Using SaveService properties file encoding UTF-8
2026-07-03 13:56:08,222 INFO o.a.j.s.SaveService: Loading file: scripts/jmeter/06-idle-fee-charging-flow.jmx
2026-07-03 13:56:08,278 INFO o.a.j.JMeter: Creating summariser <summary>
2026-07-03 13:56:08,294 INFO o.a.j.e.StandardJMeterEngine: Running the test!
2026-07-03 13:56:08,295 INFO o.a.j.s.SampleEvent: List of sample_variables: []
2026-07-03 13:56:08,296 INFO o.a.j.s.SampleEvent: List of sample_variables: []
2026-07-03 13:56:08,300 INFO o.a.j.e.u.CompoundVariable: Note: Function class names must contain the string: '.functions.'
2026-07-03 13:56:08,302 INFO o.a.j.e.u.CompoundVariable: Note: Function class names must not contain the string: '.gui.'
2026-07-03 13:56:08,478 INFO o.a.j.JMeter: Running test (1783086968478)
2026-07-03 13:56:08,502 INFO o.a.j.e.StandardJMeterEngine: Starting ThreadGroup: 1 : Idle-fee driver journeys
2026-07-03 13:56:08,503 INFO o.a.j.e.StandardJMeterEngine: Starting 1 threads for group Idle-fee driver journeys.
2026-07-03 13:56:08,504 INFO o.a.j.e.StandardJMeterEngine: Test will stop on error
2026-07-03 13:56:08,505 INFO o.a.j.t.ThreadGroup: Starting thread group... number=1 threads=1 ramp-up=1 delayedStart=false
2026-07-03 13:56:08,509 INFO o.a.j.t.ThreadGroup: Started thread group number 1
2026-07-03 13:56:08,510 INFO o.a.j.e.StandardJMeterEngine: All thread groups have been started
2026-07-03 13:56:08,513 INFO o.a.j.t.JMeterThread: Thread started: Idle-fee driver journeys 1-1
2026-07-03 13:56:08,520 INFO o.a.j.s.FileServer: Stored: scripts/jmeter/data/connectors-100.csv
2026-07-03 13:56:08,542 INFO o.a.j.s.SampleResult: Note: Sample TimeStamps are START times
2026-07-03 13:56:08,542 INFO o.a.j.s.SampleResult: sampleresult.default.encoding is set to UTF-8
2026-07-03 13:56:08,543 INFO o.a.j.s.SampleResult: sampleresult.useNanoTime=true
2026-07-03 13:56:08,544 INFO o.a.j.s.SampleResult: sampleresult.nanoThreadSleep=5000
2026-07-03 13:56:09,808 INFO o.a.j.p.j.s.J.Idle fee charging journey: [electrahub-jmeter][idle-fee][001] step=register
2026-07-03 13:56:10,363 INFO o.a.j.p.j.s.J.Idle fee charging journey: [electrahub-jmeter][idle-fee][001] http POST /auth/api/auth/register status=200 elapsedMs=305
2026-07-03 13:56:10,383 INFO o.a.j.p.j.s.J.Idle fee charging journey: [electrahub-jmeter][idle-fee][001] registered uid=85832845-b245-47bd-9adc-fa2a28f671e2
2026-07-03 13:56:10,406 INFO o.a.j.p.j.s.J.Idle fee charging journey: [electrahub-jmeter][idle-fee][001] step=payment state before setup
2026-07-03 13:56:11,743 INFO o.a.j.p.j.s.J.Idle fee charging journey: [electrahub-jmeter][idle-fee][001] http GET /payment/api/v1/payment/state status=451 elapsedMs=1336
2026-07-03 13:56:11,744 INFO o.a.j.p.j.s.J.Idle fee charging journey: [electrahub-jmeter][idle-fee][001] step=accept terms
2026-07-03 13:56:13,474 INFO o.a.j.p.j.s.J.Idle fee charging journey: [electrahub-jmeter][idle-fee][001] http POST /auth/api/terms/accept status=201 elapsedMs=1729
2026-07-03 13:56:13,481 INFO o.a.j.p.j.s.J.Idle fee charging journey: [electrahub-jmeter][idle-fee][001] accepted terms; refreshing token through login
2026-07-03 13:56:13,483 INFO o.a.j.p.j.s.J.Idle fee charging journey: [electrahub-jmeter][idle-fee][001] step=login
2026-07-03 13:56:13,647 INFO o.a.j.p.j.s.J.Idle fee charging journey: [electrahub-jmeter][idle-fee][001] http POST /auth/api/auth/login status=200 elapsedMs=162
2026-07-03 13:56:13,648 INFO o.a.j.p.j.s.J.Idle fee charging journey: [electrahub-jmeter][idle-fee][001] logged in uid=85832845-b245-47bd-9adc-fa2a28f671e2
2026-07-03 13:56:13,650 INFO o.a.j.p.j.s.J.Idle fee charging journey: [electrahub-jmeter][idle-fee][001] step=payment state after terms
2026-07-03 13:56:13,731 INFO o.a.j.p.j.s.J.Idle fee charging journey: [electrahub-jmeter][idle-fee][001] http GET /payment/api/v1/payment/state status=200 elapsedMs=80
2026-07-03 13:56:13,733 INFO o.a.j.p.j.s.J.Idle fee charging journey: [electrahub-jmeter][idle-fee][001] step=add card
2026-07-03 13:56:13,800 INFO o.a.j.p.j.s.J.Idle fee charging journey: [electrahub-jmeter][idle-fee][001] http POST /payment/api/v1/payment/cards status=201 elapsedMs=65
2026-07-03 13:56:13,801 INFO o.a.j.p.j.s.J.Idle fee charging journey: [electrahub-jmeter][idle-fee][001] step=wallet topup
2026-07-03 13:56:13,865 INFO o.a.j.p.j.s.J.Idle fee charging journey: [electrahub-jmeter][idle-fee][001] http POST /payment/api/v1/payment/wallet/topups status=201 elapsedMs=62
2026-07-03 13:56:13,867 INFO o.a.j.p.j.s.J.Idle fee charging journey: [electrahub-jmeter][idle-fee][001] step=payment state after setup
2026-07-03 13:56:13,931 INFO o.a.j.p.j.s.J.Idle fee charging journey: [electrahub-jmeter][idle-fee][001] http GET /payment/api/v1/payment/state status=200 elapsedMs=62
2026-07-03 13:56:13,932 INFO o.a.j.p.j.s.J.Idle fee charging journey: [electrahub-jmeter][idle-fee][001] payment ready wallet=120.00
2026-07-03 13:56:13,934 INFO o.a.j.p.j.s.J.Idle fee charging journey: [electrahub-jmeter][idle-fee][001] step=charger graphql list
2026-07-03 13:56:14,098 INFO o.a.j.p.j.s.J.Idle fee charging journey: [electrahub-jmeter][idle-fee][001] http POST /charger/graphql status=200 elapsedMs=162
2026-07-03 13:56:14,141 INFO o.a.j.p.j.s.J.Idle fee charging journey: [electrahub-jmeter][idle-fee][001] selected available connector EH-SFO-CHG-001/CON-SFO-001 location=US*EHB*LOC*SFO001 candidate=1/75
2026-07-03 13:56:14,143 INFO o.a.j.p.j.s.J.Idle fee charging journey: [electrahub-jmeter][idle-fee][001] step=charger graphql view
2026-07-03 13:56:14,252 INFO o.a.j.p.j.s.J.Idle fee charging journey: [electrahub-jmeter][idle-fee][001] http POST /charger/graphql status=200 elapsedMs=106
2026-07-03 13:56:14,255 INFO o.a.j.p.j.s.J.Idle fee charging journey: [electrahub-jmeter][idle-fee][001] idle fee discovery ok charger=EH-SFO-CHG-001/CON-SFO-001 rate=2.0 USD
2026-07-03 13:56:14,258 INFO o.a.j.p.j.s.J.Idle fee charging journey: [electrahub-jmeter][idle-fee][001] step=payment state before start
2026-07-03 13:56:14,332 INFO o.a.j.p.j.s.J.Idle fee charging journey: [electrahub-jmeter][idle-fee][001] http GET /payment/api/v1/payment/state status=200 elapsedMs=73
2026-07-03 13:56:14,349 INFO o.a.j.p.j.s.J.Idle fee charging journey: [electrahub-jmeter][idle-fee][001] step=start charging attempt 1
2026-07-03 13:56:15,526 INFO o.a.j.p.j.s.J.Idle fee charging journey: [electrahub-jmeter][idle-fee][001] http POST /session/api/v1/sessions/start status=201 elapsedMs=1174
2026-07-03 13:56:15,527 INFO o.a.j.p.j.s.J.Idle fee charging journey: [electrahub-jmeter][idle-fee][001] started session=95b2f349-c618-410c-b8fd-109466bfb072 charger=EH-SFO-CHG-001/CON-SFO-001 status=PREPARING remote=Accepted attempt=1/75
2026-07-03 13:56:15,528 INFO o.a.j.p.j.s.J.Idle fee charging journey: [electrahub-jmeter][idle-fee][001] step=active sessions
2026-07-03 13:56:16,532 INFO o.a.j.p.j.s.J.Idle fee charging journey: [electrahub-jmeter][idle-fee][001] http GET /session/api/v1/sessions/active status=200 elapsedMs=1003
2026-07-03 13:58:21,476 INFO o.a.j.p.j.s.J.Idle fee charging journey: [electrahub-jmeter][idle-fee][001] sse ok connected=1 snapshot=2 updates=51 receipts=0 heartbeats=0
2026-07-03 13:58:21,480 INFO o.a.j.p.j.s.J.Idle fee charging journey: [electrahub-jmeter][idle-fee][001] step=active sessions
2026-07-03 13:58:25,423 INFO o.a.j.p.j.s.J.Idle fee charging journey: [electrahub-jmeter][idle-fee][001] http GET /session/api/v1/sessions/active status=200 elapsedMs=3940
2026-07-03 13:58:25,425 INFO o.a.j.p.j.s.J.Idle fee charging journey: [electrahub-jmeter][idle-fee][001] active session predicate ok idle fee policy snapshot session=95b2f349-c618-410c-b8fd-109466bfb072
2026-07-03 13:58:25,427 INFO o.a.j.p.j.s.J.Idle fee charging journey: [electrahub-jmeter][idle-fee][001] step=simulator meter value
2026-07-03 13:58:25,581 INFO o.a.j.p.j.s.J.Idle fee charging journey: [electrahub-jmeter][idle-fee][001] simulator POST /api/v1/chargers/EH-SFO-CHG-001/connectors/1/meter-values/send status=202 elapsedMs=81
2026-07-03 13:58:25,583 INFO o.a.j.p.j.s.J.Idle fee charging journey: [electrahub-jmeter][idle-fee][001] step=stop charging session
2026-07-03 13:58:26,439 INFO o.a.j.p.j.s.J.Idle fee charging journey: [electrahub-jmeter][idle-fee][001] http POST /session/api/v1/sessions/95b2f349-c618-410c-b8fd-109466bfb072/stop status=204 elapsedMs=855
2026-07-03 13:58:26,440 INFO o.a.j.p.j.s.J.Idle fee charging journey: [electrahub-jmeter][idle-fee][001] stop requested session=95b2f349-c618-410c-b8fd-109466bfb072
2026-07-03 13:58:26,441 INFO o.a.j.p.j.s.J.Idle fee charging journey: [electrahub-jmeter][idle-fee][001] step=active sessions
2026-07-03 13:58:27,444 INFO o.a.j.p.j.s.J.Idle fee charging journey: [electrahub-jmeter][idle-fee][001] http GET /session/api/v1/sessions/active status=200 elapsedMs=1001
2026-07-03 13:58:27,445 INFO o.a.j.p.j.s.J.Idle fee charging journey: [electrahub-jmeter][idle-fee][001] active session predicate ok remote stop requires unplug session=95b2f349-c618-410c-b8fd-109466bfb072
2026-07-03 13:58:27,447 INFO o.a.j.p.j.s.J.Idle fee charging journey: [electrahub-jmeter][idle-fee][001] remote stop kept idle-fee session active session=95b2f349-c618-410c-b8fd-109466bfb072 status=SUSPENDED idleSeconds=1 idleFeeAmount=0.0 estimatedCost=1.502
2026-07-03 13:58:27,448 INFO o.a.j.p.j.s.J.Idle fee charging journey: [electrahub-jmeter][idle-fee][001] waiting 70s for backend idle-fee ZSET ticker
2026-07-03 13:59:43,135 INFO o.a.j.p.j.s.J.Idle fee charging journey: [electrahub-jmeter][idle-fee][001] step=active sessions
2026-07-03 13:59:43,354 INFO o.a.j.p.j.s.J.Idle fee charging journey: [electrahub-jmeter][idle-fee][001] http GET /session/api/v1/sessions/active status=200 elapsedMs=218
2026-07-03 13:59:43,356 INFO o.a.j.p.j.s.J.Idle fee charging journey: [electrahub-jmeter][idle-fee][001] active session predicate ok backend idle ticker minute update session=95b2f349-c618-410c-b8fd-109466bfb072
2026-07-03 13:59:43,358 INFO o.a.j.p.j.s.J.Idle fee charging journey: [electrahub-jmeter][idle-fee][001] backend idle tick ok session=95b2f349-c618-410c-b8fd-109466bfb072 billableMinutes=1 idleSeconds=77 idleFeeAmount=3.0 estimatedCost=7.2584
2026-07-03 13:59:43,359 INFO o.a.j.p.j.s.J.Idle fee charging journey: [electrahub-jmeter][idle-fee][001] step=simulator charging stop
2026-07-03 13:59:43,454 INFO o.a.j.p.j.s.J.Idle fee charging journey: [electrahub-jmeter][idle-fee][001] simulator POST /api/v1/chargers/EH-SFO-CHG-001/connectors/1/charging/stop status=404 elapsedMs=49
2026-07-03 13:59:43,458 INFO o.a.j.p.j.s.J.Idle fee charging journey: [electrahub-jmeter][idle-fee][001] simulator charging stop had no active transaction; falling back to OCPP Available unplug signal charger=EH-SFO-CHG-001 connectorNumber=1
2026-07-03 13:59:43,459 INFO o.a.j.p.j.s.J.Idle fee charging journey: [electrahub-jmeter][idle-fee][001] step=simulator status Available
2026-07-03 13:59:43,505 INFO o.a.j.p.j.s.J.Idle fee charging journey: [electrahub-jmeter][idle-fee][001] simulator POST /api/v1/chargers/EH-SFO-CHG-001/connectors/1/status status=200 elapsedMs=45
2026-07-03 13:59:43,507 INFO o.a.j.p.j.s.J.Idle fee charging journey: [electrahub-jmeter][idle-fee][001] step=backend ocpp status Available
2026-07-03 13:59:43,590 INFO o.a.j.p.j.s.J.Idle fee charging journey: [electrahub-jmeter][idle-fee][001] http POST /session/api/v1/sessions/ocpp/status-notification status=401 elapsedMs=77
2026-07-03 13:59:43,597 ERROR o.a.j.p.j.s.J.Idle fee charging journey: [electrahub-jmeter][idle-fee][001] failed
java.lang.IllegalStateException: backend ocpp status Available failed with HTTP 401: {"code":"INTERNAL_AUTH_REQUIRED","message":"Internal service token is required"}
	at java.base/jdk.internal.reflect.NativeConstructorAccessorImpl.newInstance0(Native Method) ~[?:?]
	at java.base/jdk.internal.reflect.NativeConstructorAccessorImpl.newInstance(Unknown Source) ~[?:?]
	at java.base/jdk.internal.reflect.DelegatingConstructorAccessorImpl.newInstance(Unknown Source) ~[?:?]
	at java.base/java.lang.reflect.Constructor.newInstanceWithCaller(Unknown Source) ~[?:?]
	at java.base/java.lang.reflect.Constructor.newInstance(Unknown Source) ~[?:?]
	at org.codehaus.groovy.reflection.CachedConstructor.invoke(CachedConstructor.java:72) ~[groovy-3.0.20.jar:3.0.20]
	at org.codehaus.groovy.reflection.CachedConstructor.doConstructorInvoke(CachedConstructor.java:59) ~[groovy-3.0.20.jar:3.0.20]
	at org.codehaus.groovy.runtime.callsite.ConstructorSite$ConstructorSiteNoUnwrap.callConstructor(ConstructorSite.java:84) ~[groovy-3.0.20.jar:3.0.20]
	at org.codehaus.groovy.runtime.callsite.CallSiteArray.defaultCallConstructor(CallSiteArray.java:59) ~[groovy-3.0.20.jar:3.0.20]
	at org.codehaus.groovy.runtime.callsite.AbstractCallSite.callConstructor(AbstractCallSite.java:263) ~[groovy-3.0.20.jar:3.0.20]
	at org.codehaus.groovy.runtime.callsite.AbstractCallSite.callConstructor(AbstractCallSite.java:277) ~[groovy-3.0.20.jar:3.0.20]
	at Script1$_run_closure9.doCall(Script1.groovy:179) ~[?:?]
	at jdk.internal.reflect.GeneratedMethodAccessor13.invoke(Unknown Source) ~[?:?]
	at java.base/jdk.internal.reflect.DelegatingMethodAccessorImpl.invoke(Unknown Source) ~[?:?]
	at java.base/java.lang.reflect.Method.invoke(Unknown Source) ~[?:?]
	at org.codehaus.groovy.reflection.CachedMethod.invoke(CachedMethod.java:107) ~[groovy-3.0.20.jar:3.0.20]
	at groovy.lang.MetaMethod.doMethodInvoke(MetaMethod.java:323) ~[groovy-3.0.20.jar:3.0.20]
	at org.codehaus.groovy.runtime.metaclass.ClosureMetaClass.invokeMethod(ClosureMetaClass.java:274) ~[groovy-3.0.20.jar:3.0.20]
	at groovy.lang.MetaClassImpl.invokeMethod(MetaClassImpl.java:1030) ~[groovy-3.0.20.jar:3.0.20]
	at org.codehaus.groovy.runtime.callsite.PogoMetaClassSite.call(PogoMetaClassSite.java:38) ~[groovy-3.0.20.jar:3.0.20]
	at org.codehaus.groovy.runtime.callsite.CallSiteArray.defaultCall(CallSiteArray.java:47) ~[groovy-3.0.20.jar:3.0.20]
	at org.codehaus.groovy.runtime.callsite.AbstractCallSite.call(AbstractCallSite.java:125) ~[groovy-3.0.20.jar:3.0.20]
	at org.codehaus.groovy.runtime.callsite.AbstractCallSite.call(AbstractCallSite.java:157) ~[groovy-3.0.20.jar:3.0.20]
	at Script1$_run_closure21.doCall(Script1.groovy:528) ~[?:?]
	at Script1$_run_closure21.doCall(Script1.groovy) ~[?:?]
	at java.base/jdk.internal.reflect.NativeMethodAccessorImpl.invoke0(Native Method) ~[?:?]
	at java.base/jdk.internal.reflect.NativeMethodAccessorImpl.invoke(Unknown Source) ~[?:?]
	at java.base/jdk.internal.reflect.DelegatingMethodAccessorImpl.invoke(Unknown Source) ~[?:?]
	at java.base/java.lang.reflect.Method.invoke(Unknown Source) ~[?:?]
	at org.codehaus.groovy.reflection.CachedMethod.invoke(CachedMethod.java:107) ~[groovy-3.0.20.jar:3.0.20]
	at groovy.lang.MetaMethod.doMethodInvoke(MetaMethod.java:323) ~[groovy-3.0.20.jar:3.0.20]
	at org.codehaus.groovy.runtime.metaclass.ClosureMetaClass.invokeMethod(ClosureMetaClass.java:274) ~[groovy-3.0.20.jar:3.0.20]
	at groovy.lang.MetaClassImpl.invokeMethod(MetaClassImpl.java:1030) ~[groovy-3.0.20.jar:3.0.20]
	at org.codehaus.groovy.runtime.callsite.PogoMetaClassSite.call(PogoMetaClassSite.java:38) ~[groovy-3.0.20.jar:3.0.20]
	at org.codehaus.groovy.runtime.callsite.CallSiteArray.defaultCall(CallSiteArray.java:47) ~[groovy-3.0.20.jar:3.0.20]
	at org.codehaus.groovy.runtime.callsite.AbstractCallSite.call(AbstractCallSite.java:125) ~[groovy-3.0.20.jar:3.0.20]
	at org.codehaus.groovy.runtime.callsite.AbstractCallSite.call(AbstractCallSite.java:139) ~[groovy-3.0.20.jar:3.0.20]
	at Script1$_run_closure23.doCall(Script1.groovy:557) ~[?:?]
	at Script1$_run_closure23.doCall(Script1.groovy) ~[?:?]
	at java.base/jdk.internal.reflect.NativeMethodAccessorImpl.invoke0(Native Method) ~[?:?]
	at java.base/jdk.internal.reflect.NativeMethodAccessorImpl.invoke(Unknown Source) ~[?:?]
	at java.base/jdk.internal.reflect.DelegatingMethodAccessorImpl.invoke(Unknown Source) ~[?:?]
	at java.base/java.lang.reflect.Method.invoke(Unknown Source) ~[?:?]
	at org.codehaus.groovy.reflection.CachedMethod.invoke(CachedMethod.java:107) ~[groovy-3.0.20.jar:3.0.20]
	at groovy.lang.MetaMethod.doMethodInvoke(MetaMethod.java:323) ~[groovy-3.0.20.jar:3.0.20]
	at org.codehaus.groovy.runtime.metaclass.ClosureMetaClass.invokeMethod(ClosureMetaClass.java:274) ~[groovy-3.0.20.jar:3.0.20]
	at groovy.lang.MetaClassImpl.invokeMethod(MetaClassImpl.java:1030) ~[groovy-3.0.20.jar:3.0.20]
	at org.codehaus.groovy.runtime.callsite.PogoMetaClassSite.call(PogoMetaClassSite.java:38) ~[groovy-3.0.20.jar:3.0.20]
	at org.codehaus.groovy.runtime.callsite.CallSiteArray.defaultCall(CallSiteArray.java:47) ~[groovy-3.0.20.jar:3.0.20]
	at org.codehaus.groovy.runtime.callsite.AbstractCallSite.call(AbstractCallSite.java:125) ~[groovy-3.0.20.jar:3.0.20]
	at org.codehaus.groovy.runtime.callsite.AbstractCallSite.call(AbstractCallSite.java:130) ~[groovy-3.0.20.jar:3.0.20]
	at Script1$_run_closure28.doCall(Script1.groovy:722) ~[?:?]
	at java.base/jdk.internal.reflect.NativeMethodAccessorImpl.invoke0(Native Method) ~[?:?]
	at java.base/jdk.internal.reflect.NativeMethodAccessorImpl.invoke(Unknown Source) ~[?:?]
	at java.base/jdk.internal.reflect.DelegatingMethodAccessorImpl.invoke(Unknown Source) ~[?:?]
	at java.base/java.lang.reflect.Method.invoke(Unknown Source) ~[?:?]
	at org.codehaus.groovy.reflection.CachedMethod.invoke(CachedMethod.java:107) ~[groovy-3.0.20.jar:3.0.20]
	at groovy.lang.MetaMethod.doMethodInvoke(MetaMethod.java:323) ~[groovy-3.0.20.jar:3.0.20]
	at org.codehaus.groovy.runtime.metaclass.ClosureMetaClass.invokeMethod(ClosureMetaClass.java:274) ~[groovy-3.0.20.jar:3.0.20]
	at groovy.lang.MetaClassImpl.invokeMethod(MetaClassImpl.java:1030) ~[groovy-3.0.20.jar:3.0.20]
	at org.codehaus.groovy.runtime.callsite.PogoMetaClassSite.call(PogoMetaClassSite.java:38) ~[groovy-3.0.20.jar:3.0.20]
	at org.codehaus.groovy.runtime.callsite.CallSiteArray.defaultCall(CallSiteArray.java:47) [groovy-3.0.20.jar:3.0.20]
	at org.codehaus.groovy.runtime.callsite.AbstractCallSite.call(AbstractCallSite.java:125) [groovy-3.0.20.jar:3.0.20]
	at org.codehaus.groovy.runtime.callsite.AbstractCallSite.call(AbstractCallSite.java:148) [groovy-3.0.20.jar:3.0.20]
	at Script1.run(Script1.groovy:748) [script:?]
	at org.codehaus.groovy.jsr223.GroovyScriptEngineImpl.eval(GroovyScriptEngineImpl.java:317) [groovy-jsr223-3.0.20.jar:3.0.20]
	at org.codehaus.groovy.jsr223.GroovyCompiledScript.eval(GroovyCompiledScript.java:71) [groovy-jsr223-3.0.20.jar:3.0.20]
	at java.scripting/javax.script.CompiledScript.eval(Unknown Source) [java.scripting:?]
	at org.apache.jmeter.util.JSR223TestElement.processFileOrScript(JSR223TestElement.java:216) [ApacheJMeter_core.jar:5.6.3]
	at org.apache.jmeter.protocol.java.sampler.JSR223Sampler.sample(JSR223Sampler.java:72) [ApacheJMeter_java.jar:5.6.3]
	at org.apache.jmeter.threads.JMeterThread.doSampling(JMeterThread.java:651) [ApacheJMeter_core.jar:5.6.3]
	at org.apache.jmeter.threads.JMeterThread.executeSamplePackage(JMeterThread.java:570) [ApacheJMeter_core.jar:5.6.3]
	at org.apache.jmeter.threads.JMeterThread.processSampler(JMeterThread.java:501) [ApacheJMeter_core.jar:5.6.3]
	at org.apache.jmeter.threads.JMeterThread.run(JMeterThread.java:268) [ApacheJMeter_core.jar:5.6.3]
	at java.base/java.lang.Thread.run(Unknown Source) [?:?]
2026-07-03 13:59:43,604 ERROR o.a.j.p.j.s.JSR223Sampler: Problem in JSR223 script Idle fee charging journey, message: javax.script.ScriptException: java.lang.IllegalStateException: backend ocpp status Available failed with HTTP 401: {"code":"INTERNAL_AUTH_REQUIRED","message":"Internal service token is required"}
javax.script.ScriptException: java.lang.IllegalStateException: backend ocpp status Available failed with HTTP 401: {"code":"INTERNAL_AUTH_REQUIRED","message":"Internal service token is required"}
	at org.codehaus.groovy.jsr223.GroovyScriptEngineImpl.eval(GroovyScriptEngineImpl.java:320) ~[groovy-jsr223-3.0.20.jar:3.0.20]
	at org.codehaus.groovy.jsr223.GroovyCompiledScript.eval(GroovyCompiledScript.java:71) ~[groovy-jsr223-3.0.20.jar:3.0.20]
	at java.scripting/javax.script.CompiledScript.eval(Unknown Source) ~[java.scripting:?]
	at org.apache.jmeter.util.JSR223TestElement.processFileOrScript(JSR223TestElement.java:216) ~[ApacheJMeter_core.jar:5.6.3]
	at org.apache.jmeter.protocol.java.sampler.JSR223Sampler.sample(JSR223Sampler.java:72) [ApacheJMeter_java.jar:5.6.3]
	at org.apache.jmeter.threads.JMeterThread.doSampling(JMeterThread.java:651) [ApacheJMeter_core.jar:5.6.3]
	at org.apache.jmeter.threads.JMeterThread.executeSamplePackage(JMeterThread.java:570) [ApacheJMeter_core.jar:5.6.3]
	at org.apache.jmeter.threads.JMeterThread.processSampler(JMeterThread.java:501) [ApacheJMeter_core.jar:5.6.3]
	at org.apache.jmeter.threads.JMeterThread.run(JMeterThread.java:268) [ApacheJMeter_core.jar:5.6.3]
	at java.base/java.lang.Thread.run(Unknown Source) [?:?]
Caused by: java.lang.IllegalStateException: backend ocpp status Available failed with HTTP 401: {"code":"INTERNAL_AUTH_REQUIRED","message":"Internal service token is required"}
	at java.base/jdk.internal.reflect.NativeConstructorAccessorImpl.newInstance0(Native Method) ~[?:?]
	at java.base/jdk.internal.reflect.NativeConstructorAccessorImpl.newInstance(Unknown Source) ~[?:?]
	at java.base/jdk.internal.reflect.DelegatingConstructorAccessorImpl.newInstance(Unknown Source) ~[?:?]
	at java.base/java.lang.reflect.Constructor.newInstanceWithCaller(Unknown Source) ~[?:?]
	at java.base/java.lang.reflect.Constructor.newInstance(Unknown Source) ~[?:?]
	at org.codehaus.groovy.reflection.CachedConstructor.invoke(CachedConstructor.java:72) ~[groovy-3.0.20.jar:3.0.20]
	at org.codehaus.groovy.reflection.CachedConstructor.doConstructorInvoke(CachedConstructor.java:59) ~[groovy-3.0.20.jar:3.0.20]
	at org.codehaus.groovy.runtime.callsite.ConstructorSite$ConstructorSiteNoUnwrap.callConstructor(ConstructorSite.java:84) ~[groovy-3.0.20.jar:3.0.20]
	at org.codehaus.groovy.runtime.callsite.CallSiteArray.defaultCallConstructor(CallSiteArray.java:59) ~[groovy-3.0.20.jar:3.0.20]
	at org.codehaus.groovy.runtime.callsite.AbstractCallSite.callConstructor(AbstractCallSite.java:263) ~[groovy-3.0.20.jar:3.0.20]
	at org.codehaus.groovy.runtime.callsite.AbstractCallSite.callConstructor(AbstractCallSite.java:277) ~[groovy-3.0.20.jar:3.0.20]
	at Script1$_run_closure9.doCall(Script1.groovy:179) ~[?:?]
	at jdk.internal.reflect.GeneratedMethodAccessor13.invoke(Unknown Source) ~[?:?]
	at java.base/jdk.internal.reflect.DelegatingMethodAccessorImpl.invoke(Unknown Source) ~[?:?]
	at java.base/java.lang.reflect.Method.invoke(Unknown Source) ~[?:?]
	at org.codehaus.groovy.reflection.CachedMethod.invoke(CachedMethod.java:107) ~[groovy-3.0.20.jar:3.0.20]
	at groovy.lang.MetaMethod.doMethodInvoke(MetaMethod.java:323) ~[groovy-3.0.20.jar:3.0.20]
	at org.codehaus.groovy.runtime.metaclass.ClosureMetaClass.invokeMethod(ClosureMetaClass.java:274) ~[groovy-3.0.20.jar:3.0.20]
	at groovy.lang.MetaClassImpl.invokeMethod(MetaClassImpl.java:1030) ~[groovy-3.0.20.jar:3.0.20]
	at org.codehaus.groovy.runtime.callsite.PogoMetaClassSite.call(PogoMetaClassSite.java:38) ~[groovy-3.0.20.jar:3.0.20]
	at org.codehaus.groovy.runtime.callsite.CallSiteArray.defaultCall(CallSiteArray.java:47) ~[groovy-3.0.20.jar:3.0.20]
	at org.codehaus.groovy.runtime.callsite.AbstractCallSite.call(AbstractCallSite.java:125) ~[groovy-3.0.20.jar:3.0.20]
	at org.codehaus.groovy.runtime.callsite.AbstractCallSite.call(AbstractCallSite.java:157) ~[groovy-3.0.20.jar:3.0.20]
	at Script1$_run_closure21.doCall(Script1.groovy:528) ~[?:?]
	at Script1$_run_closure21.doCall(Script1.groovy) ~[?:?]
	at java.base/jdk.internal.reflect.NativeMethodAccessorImpl.invoke0(Native Method) ~[?:?]
	at java.base/jdk.internal.reflect.NativeMethodAccessorImpl.invoke(Unknown Source) ~[?:?]
	at java.base/jdk.internal.reflect.DelegatingMethodAccessorImpl.invoke(Unknown Source) ~[?:?]
	at java.base/java.lang.reflect.Method.invoke(Unknown Source) ~[?:?]
	at org.codehaus.groovy.reflection.CachedMethod.invoke(CachedMethod.java:107) ~[groovy-3.0.20.jar:3.0.20]
	at groovy.lang.MetaMethod.doMethodInvoke(MetaMethod.java:323) ~[groovy-3.0.20.jar:3.0.20]
	at org.codehaus.groovy.runtime.metaclass.ClosureMetaClass.invokeMethod(ClosureMetaClass.java:274) ~[groovy-3.0.20.jar:3.0.20]
	at groovy.lang.MetaClassImpl.invokeMethod(MetaClassImpl.java:1030) ~[groovy-3.0.20.jar:3.0.20]
	at org.codehaus.groovy.runtime.callsite.PogoMetaClassSite.call(PogoMetaClassSite.java:38) ~[groovy-3.0.20.jar:3.0.20]
	at org.codehaus.groovy.runtime.callsite.CallSiteArray.defaultCall(CallSiteArray.java:47) ~[groovy-3.0.20.jar:3.0.20]
	at org.codehaus.groovy.runtime.callsite.AbstractCallSite.call(AbstractCallSite.java:125) ~[groovy-3.0.20.jar:3.0.20]
	at org.codehaus.groovy.runtime.callsite.AbstractCallSite.call(AbstractCallSite.java:139) ~[groovy-3.0.20.jar:3.0.20]
	at Script1$_run_closure23.doCall(Script1.groovy:557) ~[?:?]
	at Script1$_run_closure23.doCall(Script1.groovy) ~[?:?]
	at java.base/jdk.internal.reflect.NativeMethodAccessorImpl.invoke0(Native Method) ~[?:?]
	at java.base/jdk.internal.reflect.NativeMethodAccessorImpl.invoke(Unknown Source) ~[?:?]
	at java.base/jdk.internal.reflect.DelegatingMethodAccessorImpl.invoke(Unknown Source) ~[?:?]
	at java.base/java.lang.reflect.Method.invoke(Unknown Source) ~[?:?]
	at org.codehaus.groovy.reflection.CachedMethod.invoke(CachedMethod.java:107) ~[groovy-3.0.20.jar:3.0.20]
	at groovy.lang.MetaMethod.doMethodInvoke(MetaMethod.java:323) ~[groovy-3.0.20.jar:3.0.20]
	at org.codehaus.groovy.runtime.metaclass.ClosureMetaClass.invokeMethod(ClosureMetaClass.java:274) ~[groovy-3.0.20.jar:3.0.20]
	at groovy.lang.MetaClassImpl.invokeMethod(MetaClassImpl.java:1030) ~[groovy-3.0.20.jar:3.0.20]
	at org.codehaus.groovy.runtime.callsite.PogoMetaClassSite.call(PogoMetaClassSite.java:38) ~[groovy-3.0.20.jar:3.0.20]
	at org.codehaus.groovy.runtime.callsite.CallSiteArray.defaultCall(CallSiteArray.java:47) ~[groovy-3.0.20.jar:3.0.20]
	at org.codehaus.groovy.runtime.callsite.AbstractCallSite.call(AbstractCallSite.java:125) ~[groovy-3.0.20.jar:3.0.20]
	at org.codehaus.groovy.runtime.callsite.AbstractCallSite.call(AbstractCallSite.java:130) ~[groovy-3.0.20.jar:3.0.20]
	at Script1$_run_closure28.doCall(Script1.groovy:722) ~[?:?]
	at java.base/jdk.internal.reflect.NativeMethodAccessorImpl.invoke0(Native Method) ~[?:?]
	at java.base/jdk.internal.reflect.NativeMethodAccessorImpl.invoke(Unknown Source) ~[?:?]
	at java.base/jdk.internal.reflect.DelegatingMethodAccessorImpl.invoke(Unknown Source) ~[?:?]
	at java.base/java.lang.reflect.Method.invoke(Unknown Source) ~[?:?]
	at org.codehaus.groovy.reflection.CachedMethod.invoke(CachedMethod.java:107) ~[groovy-3.0.20.jar:3.0.20]
	at groovy.lang.MetaMethod.doMethodInvoke(MetaMethod.java:323) ~[groovy-3.0.20.jar:3.0.20]
	at org.codehaus.groovy.runtime.metaclass.ClosureMetaClass.invokeMethod(ClosureMetaClass.java:274) ~[groovy-3.0.20.jar:3.0.20]
	at groovy.lang.MetaClassImpl.invokeMethod(MetaClassImpl.java:1030) ~[groovy-3.0.20.jar:3.0.20]
	at org.codehaus.groovy.runtime.callsite.PogoMetaClassSite.call(PogoMetaClassSite.java:38) ~[groovy-3.0.20.jar:3.0.20]
	at org.codehaus.groovy.runtime.callsite.CallSiteArray.defaultCall(CallSiteArray.java:47) ~[groovy-3.0.20.jar:3.0.20]
	at org.codehaus.groovy.runtime.callsite.AbstractCallSite.call(AbstractCallSite.java:125) ~[groovy-3.0.20.jar:3.0.20]
	at org.codehaus.groovy.runtime.callsite.AbstractCallSite.call(AbstractCallSite.java:148) ~[groovy-3.0.20.jar:3.0.20]
	at Script1.run(Script1.groovy:748) ~[?:?]
	at org.codehaus.groovy.jsr223.GroovyScriptEngineImpl.eval(GroovyScriptEngineImpl.java:317) ~[groovy-jsr223-3.0.20.jar:3.0.20]
	... 9 more
2026-07-03 13:59:43,609 INFO o.a.j.t.JMeterThread: Shutdown Test detected by thread: Idle-fee driver journeys 1-1
2026-07-03 13:59:43,610 INFO o.a.j.t.JMeterThread: Thread is done: Idle-fee driver journeys 1-1
2026-07-03 13:59:43,610 INFO o.a.j.t.JMeterThread: Thread finished: Idle-fee driver journeys 1-1
2026-07-03 13:59:43,611 INFO o.a.j.t.JMeterThread: Stopping: Idle-fee driver journeys 1-1
2026-07-03 13:59:43,611 INFO o.a.j.e.StandardJMeterEngine: Notifying test listeners of end of test
2026-07-03 13:59:43,612 INFO o.a.j.s.FileServer: Close: scripts/jmeter/data/connectors-100.csv
2026-07-03 13:59:43,617 INFO o.a.j.r.Summariser: summary =      1 in 00:03:35 =    0.0/s Avg: 195001 Min: 195001 Max: 195001 Err:     1 (100.00%)
