2026-07-03 11:27:07,470 INFO o.a.j.u.JMeterUtils: Setting Locale to en_EN
2026-07-03 11:27:07,488 INFO o.a.j.JMeter: Loading user properties from: /opt/apache-jmeter-5.6.3/bin/user.properties
2026-07-03 11:27:07,490 INFO o.a.j.JMeter: Loading system properties from: /opt/apache-jmeter-5.6.3/bin/system.properties
2026-07-03 11:27:07,490 INFO o.a.j.JMeter: Setting JMeter property: base_url=https://api.electrahub.net
2026-07-03 11:27:07,491 INFO o.a.j.JMeter: Setting JMeter property: users=1
2026-07-03 11:27:07,492 INFO o.a.j.JMeter: Setting JMeter property: ramp_seconds=1
2026-07-03 11:27:07,492 INFO o.a.j.JMeter: Setting JMeter property: request_timeout_ms=30000
2026-07-03 11:27:07,494 INFO o.a.j.JMeter: Setting JMeter property: session_command_timeout_ms=45000
2026-07-03 11:27:07,495 INFO o.a.j.JMeter: Setting JMeter property: dynamic_connector_selection=true
2026-07-03 11:27:07,495 INFO o.a.j.JMeter: Setting JMeter property: idle_tick_wait_seconds=70
2026-07-03 11:27:07,496 INFO o.a.j.JMeter: Setting JMeter property: run_id=idle-zset-20260703-r4
2026-07-03 11:27:07,501 INFO o.a.j.JMeter: Copyright (c) 1998-2024 The Apache Software Foundation
2026-07-03 11:27:07,502 INFO o.a.j.JMeter: Version 5.6.3
2026-07-03 11:27:07,502 INFO o.a.j.JMeter: java.version=17.0.19
2026-07-03 11:27:07,503 INFO o.a.j.JMeter: java.vm.name=OpenJDK 64-Bit Server VM
2026-07-03 11:27:07,503 INFO o.a.j.JMeter: os.name=Linux
2026-07-03 11:27:07,504 INFO o.a.j.JMeter: os.arch=amd64
2026-07-03 11:27:07,505 INFO o.a.j.JMeter: os.version=6.18.33.1-microsoft-standard-WSL2
2026-07-03 11:27:07,505 INFO o.a.j.JMeter: file.encoding=UTF-8
2026-07-03 11:27:07,506 INFO o.a.j.JMeter: java.awt.headless=true
2026-07-03 11:27:07,506 INFO o.a.j.JMeter: Max memory     =1073741824
2026-07-03 11:27:07,507 INFO o.a.j.JMeter: Available Processors =16
2026-07-03 11:27:07,514 INFO o.a.j.JMeter: Default Locale=English (EN)
2026-07-03 11:27:07,516 INFO o.a.j.JMeter: JMeter  Locale=English (EN)
2026-07-03 11:27:07,516 INFO o.a.j.JMeter: JMeterHome=/opt/apache-jmeter-5.6.3
2026-07-03 11:27:07,517 INFO o.a.j.JMeter: user.dir  =/work
2026-07-03 11:27:07,518 INFO o.a.j.JMeter: PWD       =/work
2026-07-03 11:27:07,519 INFO o.a.j.JMeter: IP: 172.17.0.39 Name: 9a8857030ed5 FullName: 9a8857030ed5
2026-07-03 11:27:07,537 INFO o.a.j.s.FileServer: Default base='/work'
2026-07-03 11:27:07,540 INFO o.a.j.s.FileServer: Set new base='/work/scripts/jmeter'
2026-07-03 11:27:07,689 INFO o.a.j.s.SaveService: Testplan (JMX) version: 2.2. Testlog (JTL) version: 2.2
2026-07-03 11:27:07,708 INFO o.a.j.s.SaveService: Using SaveService properties version 5.0
2026-07-03 11:27:07,711 INFO o.a.j.s.SaveService: Using SaveService properties file encoding UTF-8
2026-07-03 11:27:07,715 INFO o.a.j.s.SaveService: Loading file: scripts/jmeter/06-idle-fee-charging-flow.jmx
2026-07-03 11:27:07,768 INFO o.a.j.JMeter: Creating summariser <summary>
2026-07-03 11:27:07,787 INFO o.a.j.e.StandardJMeterEngine: Running the test!
2026-07-03 11:27:07,788 INFO o.a.j.s.SampleEvent: List of sample_variables: []
2026-07-03 11:27:07,789 INFO o.a.j.s.SampleEvent: List of sample_variables: []
2026-07-03 11:27:07,793 INFO o.a.j.e.u.CompoundVariable: Note: Function class names must contain the string: '.functions.'
2026-07-03 11:27:07,794 INFO o.a.j.e.u.CompoundVariable: Note: Function class names must not contain the string: '.gui.'
2026-07-03 11:27:07,962 INFO o.a.j.JMeter: Running test (1783078027962)
2026-07-03 11:27:07,983 INFO o.a.j.e.StandardJMeterEngine: Starting ThreadGroup: 1 : Idle-fee driver journeys
2026-07-03 11:27:07,984 INFO o.a.j.e.StandardJMeterEngine: Starting 1 threads for group Idle-fee driver journeys.
2026-07-03 11:27:07,985 INFO o.a.j.e.StandardJMeterEngine: Test will stop on error
2026-07-03 11:27:07,986 INFO o.a.j.t.ThreadGroup: Starting thread group... number=1 threads=1 ramp-up=1 delayedStart=false
2026-07-03 11:27:07,989 INFO o.a.j.t.ThreadGroup: Started thread group number 1
2026-07-03 11:27:07,990 INFO o.a.j.e.StandardJMeterEngine: All thread groups have been started
2026-07-03 11:27:07,995 INFO o.a.j.t.JMeterThread: Thread started: Idle-fee driver journeys 1-1
2026-07-03 11:27:08,003 INFO o.a.j.s.FileServer: Stored: scripts/jmeter/data/connectors-100.csv
2026-07-03 11:27:08,026 INFO o.a.j.s.SampleResult: Note: Sample TimeStamps are START times
2026-07-03 11:27:08,027 INFO o.a.j.s.SampleResult: sampleresult.default.encoding is set to UTF-8
2026-07-03 11:27:08,027 INFO o.a.j.s.SampleResult: sampleresult.useNanoTime=true
2026-07-03 11:27:08,028 INFO o.a.j.s.SampleResult: sampleresult.nanoThreadSleep=5000
2026-07-03 11:27:09,393 INFO o.a.j.p.j.s.J.Idle fee charging journey: [electrahub-jmeter][idle-fee][001] step=register
2026-07-03 11:27:09,902 INFO o.a.j.p.j.s.J.Idle fee charging journey: [electrahub-jmeter][idle-fee][001] http POST /auth/api/auth/register status=200 elapsedMs=277
2026-07-03 11:27:09,918 INFO o.a.j.p.j.s.J.Idle fee charging journey: [electrahub-jmeter][idle-fee][001] registered uid=bc96d9b9-6603-4189-bdea-8e02aabac606
2026-07-03 11:27:09,938 INFO o.a.j.p.j.s.J.Idle fee charging journey: [electrahub-jmeter][idle-fee][001] step=payment state before setup
2026-07-03 11:27:10,004 INFO o.a.j.p.j.s.J.Idle fee charging journey: [electrahub-jmeter][idle-fee][001] http GET /payment/api/v1/payment/state status=451 elapsedMs=65
2026-07-03 11:27:10,005 INFO o.a.j.p.j.s.J.Idle fee charging journey: [electrahub-jmeter][idle-fee][001] step=accept terms
2026-07-03 11:27:10,074 INFO o.a.j.p.j.s.J.Idle fee charging journey: [electrahub-jmeter][idle-fee][001] http POST /auth/api/terms/accept status=201 elapsedMs=67
2026-07-03 11:27:10,082 INFO o.a.j.p.j.s.J.Idle fee charging journey: [electrahub-jmeter][idle-fee][001] accepted terms; refreshing token through login
2026-07-03 11:27:10,083 INFO o.a.j.p.j.s.J.Idle fee charging journey: [electrahub-jmeter][idle-fee][001] step=login
2026-07-03 11:27:10,263 INFO o.a.j.p.j.s.J.Idle fee charging journey: [electrahub-jmeter][idle-fee][001] http POST /auth/api/auth/login status=200 elapsedMs=179
2026-07-03 11:27:10,264 INFO o.a.j.p.j.s.J.Idle fee charging journey: [electrahub-jmeter][idle-fee][001] logged in uid=bc96d9b9-6603-4189-bdea-8e02aabac606
2026-07-03 11:27:10,266 INFO o.a.j.p.j.s.J.Idle fee charging journey: [electrahub-jmeter][idle-fee][001] step=payment state after terms
2026-07-03 11:27:10,328 INFO o.a.j.p.j.s.J.Idle fee charging journey: [electrahub-jmeter][idle-fee][001] http GET /payment/api/v1/payment/state status=200 elapsedMs=61
2026-07-03 11:27:10,330 INFO o.a.j.p.j.s.J.Idle fee charging journey: [electrahub-jmeter][idle-fee][001] step=add card
2026-07-03 11:27:10,394 INFO o.a.j.p.j.s.J.Idle fee charging journey: [electrahub-jmeter][idle-fee][001] http POST /payment/api/v1/payment/cards status=201 elapsedMs=62
2026-07-03 11:27:10,395 INFO o.a.j.p.j.s.J.Idle fee charging journey: [electrahub-jmeter][idle-fee][001] step=wallet topup
2026-07-03 11:27:10,461 INFO o.a.j.p.j.s.J.Idle fee charging journey: [electrahub-jmeter][idle-fee][001] http POST /payment/api/v1/payment/wallet/topups status=201 elapsedMs=64
2026-07-03 11:27:10,463 INFO o.a.j.p.j.s.J.Idle fee charging journey: [electrahub-jmeter][idle-fee][001] step=payment state after setup
2026-07-03 11:27:10,522 INFO o.a.j.p.j.s.J.Idle fee charging journey: [electrahub-jmeter][idle-fee][001] http GET /payment/api/v1/payment/state status=200 elapsedMs=57
2026-07-03 11:27:10,523 INFO o.a.j.p.j.s.J.Idle fee charging journey: [electrahub-jmeter][idle-fee][001] payment ready wallet=120.00
2026-07-03 11:27:10,524 INFO o.a.j.p.j.s.J.Idle fee charging journey: [electrahub-jmeter][idle-fee][001] step=charger graphql list
2026-07-03 11:27:10,759 INFO o.a.j.p.j.s.J.Idle fee charging journey: [electrahub-jmeter][idle-fee][001] http POST /charger/graphql status=200 elapsedMs=233
2026-07-03 11:27:10,780 INFO o.a.j.p.j.s.J.Idle fee charging journey: [electrahub-jmeter][idle-fee][001] selected available connector EH-US-CHG-0004/CON-US-0004 location=US*EHB*LOC*USA001 candidate=1/71
2026-07-03 11:27:10,781 INFO o.a.j.p.j.s.J.Idle fee charging journey: [electrahub-jmeter][idle-fee][001] step=charger graphql view
2026-07-03 11:27:10,908 INFO o.a.j.p.j.s.J.Idle fee charging journey: [electrahub-jmeter][idle-fee][001] http POST /charger/graphql status=200 elapsedMs=126
2026-07-03 11:27:10,910 INFO o.a.j.p.j.s.J.Idle fee charging journey: [electrahub-jmeter][idle-fee][001] idle fee discovery ok charger=EH-US-CHG-0004/CON-US-0004 rate=2.5 USD
2026-07-03 11:27:10,912 INFO o.a.j.p.j.s.J.Idle fee charging journey: [electrahub-jmeter][idle-fee][001] step=payment state before start
2026-07-03 11:27:10,975 INFO o.a.j.p.j.s.J.Idle fee charging journey: [electrahub-jmeter][idle-fee][001] http GET /payment/api/v1/payment/state status=200 elapsedMs=62
2026-07-03 11:27:10,979 INFO o.a.j.p.j.s.J.Idle fee charging journey: [electrahub-jmeter][idle-fee][001] step=start charging attempt 1
2026-07-03 11:27:11,916 INFO o.a.j.p.j.s.J.Idle fee charging journey: [electrahub-jmeter][idle-fee][001] http POST /session/api/v1/sessions/start status=201 elapsedMs=935
2026-07-03 11:27:11,919 INFO o.a.j.p.j.s.J.Idle fee charging journey: [electrahub-jmeter][idle-fee][001] started session=ce6118be-73b7-4d25-8d00-388136074074 charger=EH-US-CHG-0004/CON-US-0004 status=PREPARING remote=Accepted attempt=1/71
2026-07-03 11:27:11,920 INFO o.a.j.p.j.s.J.Idle fee charging journey: [electrahub-jmeter][idle-fee][001] step=active sessions
2026-07-03 11:27:12,576 INFO o.a.j.p.j.s.J.Idle fee charging journey: [electrahub-jmeter][idle-fee][001] http GET /session/api/v1/sessions/active status=200 elapsedMs=654
2026-07-03 11:29:14,238 INFO o.a.j.p.j.s.J.Idle fee charging journey: [electrahub-jmeter][idle-fee][001] sse ok connected=1 snapshot=2 updates=45 receipts=0 heartbeats=0
2026-07-03 11:29:14,240 INFO o.a.j.p.j.s.J.Idle fee charging journey: [electrahub-jmeter][idle-fee][001] step=active sessions
2026-07-03 11:29:15,249 INFO o.a.j.p.j.s.J.Idle fee charging journey: [electrahub-jmeter][idle-fee][001] http GET /session/api/v1/sessions/active status=200 elapsedMs=1008
2026-07-03 11:29:15,252 INFO o.a.j.p.j.s.J.Idle fee charging journey: [electrahub-jmeter][idle-fee][001] active session predicate ok idle fee policy snapshot session=ce6118be-73b7-4d25-8d00-388136074074
2026-07-03 11:29:15,253 INFO o.a.j.p.j.s.J.Idle fee charging journey: [electrahub-jmeter][idle-fee][001] step=simulator meter value
2026-07-03 11:29:15,371 INFO o.a.j.p.j.s.J.Idle fee charging journey: [electrahub-jmeter][idle-fee][001] simulator POST /api/v1/chargers/EH-US-CHG-0004/connectors/1/meter-values/send status=202 elapsedMs=63
2026-07-03 11:29:15,372 INFO o.a.j.p.j.s.J.Idle fee charging journey: [electrahub-jmeter][idle-fee][001] step=stop charging session
2026-07-03 11:29:16,254 INFO o.a.j.p.j.s.J.Idle fee charging journey: [electrahub-jmeter][idle-fee][001] http POST /session/api/v1/sessions/ce6118be-73b7-4d25-8d00-388136074074/stop status=204 elapsedMs=881
2026-07-03 11:29:16,255 INFO o.a.j.p.j.s.J.Idle fee charging journey: [electrahub-jmeter][idle-fee][001] stop requested session=ce6118be-73b7-4d25-8d00-388136074074
2026-07-03 11:29:16,256 INFO o.a.j.p.j.s.J.Idle fee charging journey: [electrahub-jmeter][idle-fee][001] step=active sessions
2026-07-03 11:29:17,263 INFO o.a.j.p.j.s.J.Idle fee charging journey: [electrahub-jmeter][idle-fee][001] http GET /session/api/v1/sessions/active status=200 elapsedMs=1007
2026-07-03 11:29:17,264 INFO o.a.j.p.j.s.J.Idle fee charging journey: [electrahub-jmeter][idle-fee][001] active session predicate ok remote stop requires unplug session=ce6118be-73b7-4d25-8d00-388136074074
2026-07-03 11:29:17,265 INFO o.a.j.p.j.s.J.Idle fee charging journey: [electrahub-jmeter][idle-fee][001] remote stop kept idle-fee session active session=ce6118be-73b7-4d25-8d00-388136074074 status=SUSPENDED idleSeconds=1 idleFeeAmount=0.0 estimatedCost=1.4978
2026-07-03 11:29:17,266 INFO o.a.j.p.j.s.J.Idle fee charging journey: [electrahub-jmeter][idle-fee][001] waiting 70s for backend idle-fee ZSET ticker
2026-07-03 11:30:32,778 INFO o.a.j.p.j.s.J.Idle fee charging journey: [electrahub-jmeter][idle-fee][001] step=active sessions
2026-07-03 11:30:33,145 INFO o.a.j.p.j.s.J.Idle fee charging journey: [electrahub-jmeter][idle-fee][001] http GET /session/api/v1/sessions/active status=200 elapsedMs=364
2026-07-03 11:30:33,146 INFO o.a.j.p.j.s.J.Idle fee charging journey: [electrahub-jmeter][idle-fee][001] active session predicate ok backend idle ticker minute update session=ce6118be-73b7-4d25-8d00-388136074074
2026-07-03 11:30:33,148 INFO o.a.j.p.j.s.J.Idle fee charging journey: [electrahub-jmeter][idle-fee][001] backend idle tick ok session=ce6118be-73b7-4d25-8d00-388136074074 billableMinutes=1 idleSeconds=77 idleFeeAmount=3.0 estimatedCost=5.3005
2026-07-03 11:30:33,150 INFO o.a.j.p.j.s.J.Idle fee charging journey: [electrahub-jmeter][idle-fee][001] step=simulator charging stop
2026-07-03 11:30:33,281 INFO o.a.j.p.j.s.J.Idle fee charging journey: [electrahub-jmeter][idle-fee][001] simulator POST /api/v1/chargers/EH-US-CHG-0004/connectors/1/charging/stop status=404 elapsedMs=68
2026-07-03 11:30:33,285 INFO o.a.j.p.j.s.J.Idle fee charging journey: [electrahub-jmeter][idle-fee][001] simulator charging stop had no active transaction; falling back to OCPP Available unplug signal charger=EH-US-CHG-0004 connectorNumber=1
2026-07-03 11:30:33,286 INFO o.a.j.p.j.s.J.Idle fee charging journey: [electrahub-jmeter][idle-fee][001] step=simulator status Available
2026-07-03 11:30:33,358 INFO o.a.j.p.j.s.J.Idle fee charging journey: [electrahub-jmeter][idle-fee][001] simulator POST /api/v1/chargers/EH-US-CHG-0004/connectors/1/status status=200 elapsedMs=71
2026-07-03 11:30:33,359 INFO o.a.j.p.j.s.J.Idle fee charging journey: [electrahub-jmeter][idle-fee][001] step=active sessions
2026-07-03 11:30:34,148 INFO o.a.j.p.j.s.J.Idle fee charging journey: [electrahub-jmeter][idle-fee][001] http GET /session/api/v1/sessions/active status=200 elapsedMs=788
2026-07-03 11:30:39,150 INFO o.a.j.p.j.s.J.Idle fee charging journey: [electrahub-jmeter][idle-fee][001] step=active sessions
2026-07-03 11:30:40,187 INFO o.a.j.p.j.s.J.Idle fee charging journey: [electrahub-jmeter][idle-fee][001] http GET /session/api/v1/sessions/active status=200 elapsedMs=1036
2026-07-03 11:30:45,188 INFO o.a.j.p.j.s.J.Idle fee charging journey: [electrahub-jmeter][idle-fee][001] step=active sessions
2026-07-03 11:30:46,226 INFO o.a.j.p.j.s.J.Idle fee charging journey: [electrahub-jmeter][idle-fee][001] http GET /session/api/v1/sessions/active status=200 elapsedMs=1036
2026-07-03 11:30:53,928 INFO o.a.j.p.j.s.J.Idle fee charging journey: [electrahub-jmeter][idle-fee][001] step=active sessions
2026-07-03 11:30:54,977 INFO o.a.j.p.j.s.J.Idle fee charging journey: [electrahub-jmeter][idle-fee][001] http GET /session/api/v1/sessions/active status=200 elapsedMs=1048
2026-07-03 11:30:59,978 INFO o.a.j.p.j.s.J.Idle fee charging journey: [electrahub-jmeter][idle-fee][001] step=active sessions
2026-07-03 11:31:01,027 INFO o.a.j.p.j.s.J.Idle fee charging journey: [electrahub-jmeter][idle-fee][001] http GET /session/api/v1/sessions/active status=200 elapsedMs=1048
2026-07-03 11:31:06,029 INFO o.a.j.p.j.s.J.Idle fee charging journey: [electrahub-jmeter][idle-fee][001] step=active sessions
2026-07-03 11:31:07,065 INFO o.a.j.p.j.s.J.Idle fee charging journey: [electrahub-jmeter][idle-fee][001] http GET /session/api/v1/sessions/active status=200 elapsedMs=1035
2026-07-03 11:31:12,066 INFO o.a.j.p.j.s.J.Idle fee charging journey: [electrahub-jmeter][idle-fee][001] step=active sessions
2026-07-03 11:31:13,094 INFO o.a.j.p.j.s.J.Idle fee charging journey: [electrahub-jmeter][idle-fee][001] http GET /session/api/v1/sessions/active status=200 elapsedMs=1027
2026-07-03 11:31:18,095 INFO o.a.j.p.j.s.J.Idle fee charging journey: [electrahub-jmeter][idle-fee][001] step=active sessions
2026-07-03 11:31:19,120 INFO o.a.j.p.j.s.J.Idle fee charging journey: [electrahub-jmeter][idle-fee][001] http GET /session/api/v1/sessions/active status=200 elapsedMs=1022
2026-07-03 11:31:26,894 INFO o.a.j.p.j.s.J.Idle fee charging journey: [electrahub-jmeter][idle-fee][001] step=active sessions
2026-07-03 11:31:27,924 INFO o.a.j.p.j.s.J.Idle fee charging journey: [electrahub-jmeter][idle-fee][001] http GET /session/api/v1/sessions/active status=200 elapsedMs=1028
2026-07-03 11:31:32,925 INFO o.a.j.p.j.s.J.Idle fee charging journey: [electrahub-jmeter][idle-fee][001] step=active sessions
2026-07-03 11:31:33,952 INFO o.a.j.p.j.s.J.Idle fee charging journey: [electrahub-jmeter][idle-fee][001] http GET /session/api/v1/sessions/active status=200 elapsedMs=1025
2026-07-03 11:31:38,953 INFO o.a.j.p.j.s.J.Idle fee charging journey: [electrahub-jmeter][idle-fee][001] step=active sessions
2026-07-03 11:31:39,984 INFO o.a.j.p.j.s.J.Idle fee charging journey: [electrahub-jmeter][idle-fee][001] http GET /session/api/v1/sessions/active status=200 elapsedMs=1030
2026-07-03 11:31:44,986 INFO o.a.j.p.j.s.J.Idle fee charging journey: [electrahub-jmeter][idle-fee][001] step=active sessions
2026-07-03 11:31:46,009 INFO o.a.j.p.j.s.J.Idle fee charging journey: [electrahub-jmeter][idle-fee][001] http GET /session/api/v1/sessions/active status=200 elapsedMs=1021
2026-07-03 11:31:51,010 INFO o.a.j.p.j.s.J.Idle fee charging journey: [electrahub-jmeter][idle-fee][001] step=active sessions
2026-07-03 11:31:52,034 INFO o.a.j.p.j.s.J.Idle fee charging journey: [electrahub-jmeter][idle-fee][001] http GET /session/api/v1/sessions/active status=200 elapsedMs=1023
2026-07-03 11:31:59,767 INFO o.a.j.p.j.s.J.Idle fee charging journey: [electrahub-jmeter][idle-fee][001] step=active sessions
2026-07-03 11:32:00,792 INFO o.a.j.p.j.s.J.Idle fee charging journey: [electrahub-jmeter][idle-fee][001] http GET /session/api/v1/sessions/active status=200 elapsedMs=1024
2026-07-03 11:32:05,794 INFO o.a.j.p.j.s.J.Idle fee charging journey: [electrahub-jmeter][idle-fee][001] step=active sessions
2026-07-03 11:32:06,824 INFO o.a.j.p.j.s.J.Idle fee charging journey: [electrahub-jmeter][idle-fee][001] http GET /session/api/v1/sessions/active status=200 elapsedMs=1029
2026-07-03 11:32:11,825 INFO o.a.j.p.j.s.J.Idle fee charging journey: [electrahub-jmeter][idle-fee][001] step=active sessions
2026-07-03 11:32:12,846 INFO o.a.j.p.j.s.J.Idle fee charging journey: [electrahub-jmeter][idle-fee][001] http GET /session/api/v1/sessions/active status=200 elapsedMs=1020
2026-07-03 11:32:17,848 INFO o.a.j.p.j.s.J.Idle fee charging journey: [electrahub-jmeter][idle-fee][001] step=active sessions
2026-07-03 11:32:18,875 INFO o.a.j.p.j.s.J.Idle fee charging journey: [electrahub-jmeter][idle-fee][001] http GET /session/api/v1/sessions/active status=200 elapsedMs=1026
2026-07-03 11:32:23,876 INFO o.a.j.p.j.s.J.Idle fee charging journey: [electrahub-jmeter][idle-fee][001] step=active sessions
2026-07-03 11:32:24,902 INFO o.a.j.p.j.s.J.Idle fee charging journey: [electrahub-jmeter][idle-fee][001] http GET /session/api/v1/sessions/active status=200 elapsedMs=1023
2026-07-03 11:32:32,725 INFO o.a.j.p.j.s.J.Idle fee charging journey: [electrahub-jmeter][idle-fee][001] step=active sessions
2026-07-03 11:32:33,753 INFO o.a.j.p.j.s.J.Idle fee charging journey: [electrahub-jmeter][idle-fee][001] http GET /session/api/v1/sessions/active status=200 elapsedMs=1026
2026-07-03 11:32:38,763 ERROR o.a.j.p.j.s.J.Idle fee charging journey: [electrahub-jmeter][idle-fee][001] failed
java.lang.IllegalStateException: session ce6118be-73b7-4d25-8d00-388136074074 still appears in /sessions/active after stop
	at java.base/jdk.internal.reflect.NativeConstructorAccessorImpl.newInstance0(Native Method) ~[?:?]
	at java.base/jdk.internal.reflect.NativeConstructorAccessorImpl.newInstance(Unknown Source) ~[?:?]
	at java.base/jdk.internal.reflect.DelegatingConstructorAccessorImpl.newInstance(Unknown Source) ~[?:?]
	at java.base/java.lang.reflect.Constructor.newInstanceWithCaller(Unknown Source) ~[?:?]
	at java.base/java.lang.reflect.Constructor.newInstance(Unknown Source) ~[?:?]
	at org.codehaus.groovy.reflection.CachedConstructor.invoke(CachedConstructor.java:72) ~[groovy-3.0.20.jar:3.0.20]
	at org.codehaus.groovy.reflection.CachedConstructor.doConstructorInvoke(CachedConstructor.java:59) ~[groovy-3.0.20.jar:3.0.20]
	at org.codehaus.groovy.runtime.callsite.ConstructorSite$ConstructorSiteNoUnwrap.callConstructor(ConstructorSite.java:84) ~[groovy-3.0.20.jar:3.0.20]
	at org.codehaus.groovy.runtime.callsite.CallSiteArray.defaultCallConstructor(CallSiteArray.java:59) ~[groovy-3.0.20.jar:3.0.20]
	at org.codehaus.groovy.runtime.callsite.AbstractCallSite.callConstructor(AbstractCallSite.java:263) ~[groovy-3.0.20.jar:3.0.20]
	at org.codehaus.groovy.runtime.callsite.AbstractCallSite.callConstructor(AbstractCallSite.java:277) ~[groovy-3.0.20.jar:3.0.20]
	at Script1$_run_closure25.doCall(Script1.groovy:631) ~[?:?]
	at Script1$_run_closure25.doCall(Script1.groovy) ~[?:?]
	at java.base/jdk.internal.reflect.NativeMethodAccessorImpl.invoke0(Native Method) ~[?:?]
	at java.base/jdk.internal.reflect.NativeMethodAccessorImpl.invoke(Unknown Source) ~[?:?]
	at java.base/jdk.internal.reflect.DelegatingMethodAccessorImpl.invoke(Unknown Source) ~[?:?]
	at java.base/java.lang.reflect.Method.invoke(Unknown Source) ~[?:?]
	at org.codehaus.groovy.reflection.CachedMethod.invoke(CachedMethod.java:107) ~[groovy-3.0.20.jar:3.0.20]
	at groovy.lang.MetaMethod.doMethodInvoke(MetaMethod.java:323) ~[groovy-3.0.20.jar:3.0.20]
	at org.codehaus.groovy.runtime.metaclass.ClosureMetaClass.invokeMethod(ClosureMetaClass.java:274) ~[groovy-3.0.20.jar:3.0.20]
	at groovy.lang.MetaClassImpl.invokeMethod(MetaClassImpl.java:1030) ~[groovy-3.0.20.jar:3.0.20]
	at org.codehaus.groovy.runtime.callsite.PogoMetaClassSite.call(PogoMetaClassSite.java:38) ~[groovy-3.0.20.jar:3.0.20]
	at org.codehaus.groovy.runtime.callsite.CallSiteArray.defaultCall(CallSiteArray.java:47) ~[groovy-3.0.20.jar:3.0.20]
	at org.codehaus.groovy.runtime.callsite.AbstractCallSite.call(AbstractCallSite.java:125) ~[groovy-3.0.20.jar:3.0.20]
	at org.codehaus.groovy.runtime.callsite.AbstractCallSite.call(AbstractCallSite.java:148) ~[groovy-3.0.20.jar:3.0.20]
	at Script1$_run_closure27.doCall(Script1.groovy:705) ~[?:?]
	at java.base/jdk.internal.reflect.NativeMethodAccessorImpl.invoke0(Native Method) ~[?:?]
	at java.base/jdk.internal.reflect.NativeMethodAccessorImpl.invoke(Unknown Source) ~[?:?]
	at java.base/jdk.internal.reflect.DelegatingMethodAccessorImpl.invoke(Unknown Source) ~[?:?]
	at java.base/java.lang.reflect.Method.invoke(Unknown Source) ~[?:?]
	at org.codehaus.groovy.reflection.CachedMethod.invoke(CachedMethod.java:107) ~[groovy-3.0.20.jar:3.0.20]
	at groovy.lang.MetaMethod.doMethodInvoke(MetaMethod.java:323) ~[groovy-3.0.20.jar:3.0.20]
	at org.codehaus.groovy.runtime.metaclass.ClosureMetaClass.invokeMethod(ClosureMetaClass.java:274) ~[groovy-3.0.20.jar:3.0.20]
	at groovy.lang.MetaClassImpl.invokeMethod(MetaClassImpl.java:1030) ~[groovy-3.0.20.jar:3.0.20]
	at org.codehaus.groovy.runtime.callsite.PogoMetaClassSite.call(PogoMetaClassSite.java:38) ~[groovy-3.0.20.jar:3.0.20]
	at org.codehaus.groovy.runtime.callsite.CallSiteArray.defaultCall(CallSiteArray.java:47) [groovy-3.0.20.jar:3.0.20]
	at org.codehaus.groovy.runtime.callsite.AbstractCallSite.call(AbstractCallSite.java:125) [groovy-3.0.20.jar:3.0.20]
	at org.codehaus.groovy.runtime.callsite.AbstractCallSite.call(AbstractCallSite.java:148) [groovy-3.0.20.jar:3.0.20]
	at Script1.run(Script1.groovy:730) [script:?]
	at org.codehaus.groovy.jsr223.GroovyScriptEngineImpl.eval(GroovyScriptEngineImpl.java:317) [groovy-jsr223-3.0.20.jar:3.0.20]
	at org.codehaus.groovy.jsr223.GroovyCompiledScript.eval(GroovyCompiledScript.java:71) [groovy-jsr223-3.0.20.jar:3.0.20]
	at java.scripting/javax.script.CompiledScript.eval(Unknown Source) [java.scripting:?]
	at org.apache.jmeter.util.JSR223TestElement.processFileOrScript(JSR223TestElement.java:216) [ApacheJMeter_core.jar:5.6.3]
	at org.apache.jmeter.protocol.java.sampler.JSR223Sampler.sample(JSR223Sampler.java:72) [ApacheJMeter_java.jar:5.6.3]
	at org.apache.jmeter.threads.JMeterThread.doSampling(JMeterThread.java:651) [ApacheJMeter_core.jar:5.6.3]
	at org.apache.jmeter.threads.JMeterThread.executeSamplePackage(JMeterThread.java:570) [ApacheJMeter_core.jar:5.6.3]
	at org.apache.jmeter.threads.JMeterThread.processSampler(JMeterThread.java:501) [ApacheJMeter_core.jar:5.6.3]
	at org.apache.jmeter.threads.JMeterThread.run(JMeterThread.java:268) [ApacheJMeter_core.jar:5.6.3]
	at java.base/java.lang.Thread.run(Unknown Source) [?:?]
2026-07-03 11:32:38,768 ERROR o.a.j.p.j.s.JSR223Sampler: Problem in JSR223 script Idle fee charging journey, message: javax.script.ScriptException: java.lang.IllegalStateException: session ce6118be-73b7-4d25-8d00-388136074074 still appears in /sessions/active after stop
javax.script.ScriptException: java.lang.IllegalStateException: session ce6118be-73b7-4d25-8d00-388136074074 still appears in /sessions/active after stop
	at org.codehaus.groovy.jsr223.GroovyScriptEngineImpl.eval(GroovyScriptEngineImpl.java:320) ~[groovy-jsr223-3.0.20.jar:3.0.20]
	at org.codehaus.groovy.jsr223.GroovyCompiledScript.eval(GroovyCompiledScript.java:71) ~[groovy-jsr223-3.0.20.jar:3.0.20]
	at java.scripting/javax.script.CompiledScript.eval(Unknown Source) ~[java.scripting:?]
	at org.apache.jmeter.util.JSR223TestElement.processFileOrScript(JSR223TestElement.java:216) ~[ApacheJMeter_core.jar:5.6.3]
	at org.apache.jmeter.protocol.java.sampler.JSR223Sampler.sample(JSR223Sampler.java:72) [ApacheJMeter_java.jar:5.6.3]
	at org.apache.jmeter.threads.JMeterThread.doSampling(JMeterThread.java:651) [ApacheJMeter_core.jar:5.6.3]
	at org.apache.jmeter.threads.JMeterThread.executeSamplePackage(JMeterThread.java:570) [ApacheJMeter_core.jar:5.6.3]
	at org.apache.jmeter.threads.JMeterThread.processSampler(JMeterThread.java:501) [ApacheJMeter_core.jar:5.6.3]
	at org.apache.jmeter.threads.JMeterThread.run(JMeterThread.java:268) [ApacheJMeter_core.jar:5.6.3]
	at java.base/java.lang.Thread.run(Unknown Source) [?:?]
Caused by: java.lang.IllegalStateException: session ce6118be-73b7-4d25-8d00-388136074074 still appears in /sessions/active after stop
	at java.base/jdk.internal.reflect.NativeConstructorAccessorImpl.newInstance0(Native Method) ~[?:?]
	at java.base/jdk.internal.reflect.NativeConstructorAccessorImpl.newInstance(Unknown Source) ~[?:?]
	at java.base/jdk.internal.reflect.DelegatingConstructorAccessorImpl.newInstance(Unknown Source) ~[?:?]
	at java.base/java.lang.reflect.Constructor.newInstanceWithCaller(Unknown Source) ~[?:?]
	at java.base/java.lang.reflect.Constructor.newInstance(Unknown Source) ~[?:?]
	at org.codehaus.groovy.reflection.CachedConstructor.invoke(CachedConstructor.java:72) ~[groovy-3.0.20.jar:3.0.20]
	at org.codehaus.groovy.reflection.CachedConstructor.doConstructorInvoke(CachedConstructor.java:59) ~[groovy-3.0.20.jar:3.0.20]
	at org.codehaus.groovy.runtime.callsite.ConstructorSite$ConstructorSiteNoUnwrap.callConstructor(ConstructorSite.java:84) ~[groovy-3.0.20.jar:3.0.20]
	at org.codehaus.groovy.runtime.callsite.CallSiteArray.defaultCallConstructor(CallSiteArray.java:59) ~[groovy-3.0.20.jar:3.0.20]
	at org.codehaus.groovy.runtime.callsite.AbstractCallSite.callConstructor(AbstractCallSite.java:263) ~[groovy-3.0.20.jar:3.0.20]
	at org.codehaus.groovy.runtime.callsite.AbstractCallSite.callConstructor(AbstractCallSite.java:277) ~[groovy-3.0.20.jar:3.0.20]
	at Script1$_run_closure25.doCall(Script1.groovy:631) ~[?:?]
	at Script1$_run_closure25.doCall(Script1.groovy) ~[?:?]
	at java.base/jdk.internal.reflect.NativeMethodAccessorImpl.invoke0(Native Method) ~[?:?]
	at java.base/jdk.internal.reflect.NativeMethodAccessorImpl.invoke(Unknown Source) ~[?:?]
	at java.base/jdk.internal.reflect.DelegatingMethodAccessorImpl.invoke(Unknown Source) ~[?:?]
	at java.base/java.lang.reflect.Method.invoke(Unknown Source) ~[?:?]
	at org.codehaus.groovy.reflection.CachedMethod.invoke(CachedMethod.java:107) ~[groovy-3.0.20.jar:3.0.20]
	at groovy.lang.MetaMethod.doMethodInvoke(MetaMethod.java:323) ~[groovy-3.0.20.jar:3.0.20]
	at org.codehaus.groovy.runtime.metaclass.ClosureMetaClass.invokeMethod(ClosureMetaClass.java:274) ~[groovy-3.0.20.jar:3.0.20]
	at groovy.lang.MetaClassImpl.invokeMethod(MetaClassImpl.java:1030) ~[groovy-3.0.20.jar:3.0.20]
	at org.codehaus.groovy.runtime.callsite.PogoMetaClassSite.call(PogoMetaClassSite.java:38) ~[groovy-3.0.20.jar:3.0.20]
	at org.codehaus.groovy.runtime.callsite.CallSiteArray.defaultCall(CallSiteArray.java:47) ~[groovy-3.0.20.jar:3.0.20]
	at org.codehaus.groovy.runtime.callsite.AbstractCallSite.call(AbstractCallSite.java:125) ~[groovy-3.0.20.jar:3.0.20]
	at org.codehaus.groovy.runtime.callsite.AbstractCallSite.call(AbstractCallSite.java:148) ~[groovy-3.0.20.jar:3.0.20]
	at Script1$_run_closure27.doCall(Script1.groovy:705) ~[?:?]
	at java.base/jdk.internal.reflect.NativeMethodAccessorImpl.invoke0(Native Method) ~[?:?]
	at java.base/jdk.internal.reflect.NativeMethodAccessorImpl.invoke(Unknown Source) ~[?:?]
	at java.base/jdk.internal.reflect.DelegatingMethodAccessorImpl.invoke(Unknown Source) ~[?:?]
	at java.base/java.lang.reflect.Method.invoke(Unknown Source) ~[?:?]
	at org.codehaus.groovy.reflection.CachedMethod.invoke(CachedMethod.java:107) ~[groovy-3.0.20.jar:3.0.20]
	at groovy.lang.MetaMethod.doMethodInvoke(MetaMethod.java:323) ~[groovy-3.0.20.jar:3.0.20]
	at org.codehaus.groovy.runtime.metaclass.ClosureMetaClass.invokeMethod(ClosureMetaClass.java:274) ~[groovy-3.0.20.jar:3.0.20]
	at groovy.lang.MetaClassImpl.invokeMethod(MetaClassImpl.java:1030) ~[groovy-3.0.20.jar:3.0.20]
	at org.codehaus.groovy.runtime.callsite.PogoMetaClassSite.call(PogoMetaClassSite.java:38) ~[groovy-3.0.20.jar:3.0.20]
	at org.codehaus.groovy.runtime.callsite.CallSiteArray.defaultCall(CallSiteArray.java:47) ~[groovy-3.0.20.jar:3.0.20]
	at org.codehaus.groovy.runtime.callsite.AbstractCallSite.call(AbstractCallSite.java:125) ~[groovy-3.0.20.jar:3.0.20]
	at org.codehaus.groovy.runtime.callsite.AbstractCallSite.call(AbstractCallSite.java:148) ~[groovy-3.0.20.jar:3.0.20]
	at Script1.run(Script1.groovy:730) ~[?:?]
	at org.codehaus.groovy.jsr223.GroovyScriptEngineImpl.eval(GroovyScriptEngineImpl.java:317) ~[groovy-jsr223-3.0.20.jar:3.0.20]
	... 9 more
2026-07-03 11:32:38,772 INFO o.a.j.t.JMeterThread: Shutdown Test detected by thread: Idle-fee driver journeys 1-1
2026-07-03 11:32:38,774 INFO o.a.j.t.JMeterThread: Thread is done: Idle-fee driver journeys 1-1
2026-07-03 11:32:38,775 INFO o.a.j.t.JMeterThread: Thread finished: Idle-fee driver journeys 1-1
2026-07-03 11:32:38,775 INFO o.a.j.t.JMeterThread: Stopping: Idle-fee driver journeys 1-1
2026-07-03 11:32:38,775 INFO o.a.j.e.StandardJMeterEngine: Notifying test listeners of end of test
2026-07-03 11:32:38,776 INFO o.a.j.s.FileServer: Close: scripts/jmeter/data/connectors-100.csv
2026-07-03 11:32:38,783 INFO o.a.j.r.Summariser: summary =      1 in 00:05:31 =    0.0/s Avg: 303074 Min: 303074 Max: 303074 Err:     1 (100.00%)
