2026-07-03 01:08:42,749 INFO o.a.j.u.JMeterUtils: Setting Locale to en_EN
2026-07-03 01:08:42,781 INFO o.a.j.JMeter: Loading user properties from: /opt/apache-jmeter-5.6.3/bin/user.properties
2026-07-03 01:08:42,783 INFO o.a.j.JMeter: Loading system properties from: /opt/apache-jmeter-5.6.3/bin/system.properties
2026-07-03 01:08:42,784 INFO o.a.j.JMeter: Setting JMeter property: base_url=http://host.docker.internal:19093
2026-07-03 01:08:42,785 INFO o.a.j.JMeter: Setting JMeter property: simulator_url=http://host.docker.internal:19094
2026-07-03 01:08:42,787 INFO o.a.j.JMeter: Setting JMeter property: charger_country_code=US
2026-07-03 01:08:42,788 INFO o.a.j.JMeter: Setting JMeter property: dynamic_connector_selection=true
2026-07-03 01:08:42,788 INFO o.a.j.JMeter: Setting JMeter property: users=1
2026-07-03 01:08:42,789 INFO o.a.j.JMeter: Setting JMeter property: ramp_seconds=1
2026-07-03 01:08:42,790 INFO o.a.j.JMeter: Setting JMeter property: hold_seconds=15
2026-07-03 01:08:42,791 INFO o.a.j.JMeter: Setting JMeter property: sse_seconds=15
2026-07-03 01:08:42,791 INFO o.a.j.JMeter: Setting JMeter property: run_id=idle-fee-prod-current
2026-07-03 01:08:42,799 INFO o.a.j.JMeter: Copyright (c) 1998-2024 The Apache Software Foundation
2026-07-03 01:08:42,800 INFO o.a.j.JMeter: Version 5.6.3
2026-07-03 01:08:42,801 INFO o.a.j.JMeter: java.version=17.0.19
2026-07-03 01:08:42,802 INFO o.a.j.JMeter: java.vm.name=OpenJDK 64-Bit Server VM
2026-07-03 01:08:42,803 INFO o.a.j.JMeter: os.name=Linux
2026-07-03 01:08:42,804 INFO o.a.j.JMeter: os.arch=amd64
2026-07-03 01:08:42,804 INFO o.a.j.JMeter: os.version=6.18.33.1-microsoft-standard-WSL2
2026-07-03 01:08:42,805 INFO o.a.j.JMeter: file.encoding=UTF-8
2026-07-03 01:08:42,806 INFO o.a.j.JMeter: java.awt.headless=true
2026-07-03 01:08:42,807 INFO o.a.j.JMeter: Max memory     =1073741824
2026-07-03 01:08:42,807 INFO o.a.j.JMeter: Available Processors =16
2026-07-03 01:08:42,819 INFO o.a.j.JMeter: Default Locale=English (EN)
2026-07-03 01:08:42,821 INFO o.a.j.JMeter: JMeter  Locale=English (EN)
2026-07-03 01:08:42,821 INFO o.a.j.JMeter: JMeterHome=/opt/apache-jmeter-5.6.3
2026-07-03 01:08:42,822 INFO o.a.j.JMeter: user.dir  =/work
2026-07-03 01:08:42,823 INFO o.a.j.JMeter: PWD       =/work
2026-07-03 01:08:42,823 INFO o.a.j.JMeter: IP: 172.17.0.38 Name: 7521ad79f60a FullName: 7521ad79f60a
2026-07-03 01:08:42,843 INFO o.a.j.s.FileServer: Default base='/work'
2026-07-03 01:08:42,849 INFO o.a.j.s.FileServer: Set new base='/work/scripts/jmeter'
2026-07-03 01:08:43,036 INFO o.a.j.s.SaveService: Testplan (JMX) version: 2.2. Testlog (JTL) version: 2.2
2026-07-03 01:08:43,061 INFO o.a.j.s.SaveService: Using SaveService properties version 5.0
2026-07-03 01:08:43,065 INFO o.a.j.s.SaveService: Using SaveService properties file encoding UTF-8
2026-07-03 01:08:43,069 INFO o.a.j.s.SaveService: Loading file: scripts/jmeter/06-idle-fee-charging-flow.jmx
2026-07-03 01:08:43,153 INFO o.a.j.JMeter: Creating summariser <summary>
2026-07-03 01:08:43,169 INFO o.a.j.e.StandardJMeterEngine: Running the test!
2026-07-03 01:08:43,171 INFO o.a.j.s.SampleEvent: List of sample_variables: []
2026-07-03 01:08:43,171 INFO o.a.j.s.SampleEvent: List of sample_variables: []
2026-07-03 01:08:43,175 INFO o.a.j.e.u.CompoundVariable: Note: Function class names must contain the string: '.functions.'
2026-07-03 01:08:43,176 INFO o.a.j.e.u.CompoundVariable: Note: Function class names must not contain the string: '.gui.'
2026-07-03 01:08:43,397 INFO o.a.j.JMeter: Running test (1783040923397)
2026-07-03 01:08:43,415 INFO o.a.j.e.StandardJMeterEngine: Starting ThreadGroup: 1 : Idle-fee driver journeys
2026-07-03 01:08:43,416 INFO o.a.j.e.StandardJMeterEngine: Starting 1 threads for group Idle-fee driver journeys.
2026-07-03 01:08:43,417 INFO o.a.j.e.StandardJMeterEngine: Test will stop on error
2026-07-03 01:08:43,418 INFO o.a.j.t.ThreadGroup: Starting thread group... number=1 threads=1 ramp-up=1 delayedStart=false
2026-07-03 01:08:43,424 INFO o.a.j.t.ThreadGroup: Started thread group number 1
2026-07-03 01:08:43,425 INFO o.a.j.e.StandardJMeterEngine: All thread groups have been started
2026-07-03 01:08:43,431 INFO o.a.j.t.JMeterThread: Thread started: Idle-fee driver journeys 1-1
2026-07-03 01:08:43,441 INFO o.a.j.s.FileServer: Stored: scripts/jmeter/data/connectors-100.csv
2026-07-03 01:08:43,463 INFO o.a.j.s.SampleResult: Note: Sample TimeStamps are START times
2026-07-03 01:08:43,464 INFO o.a.j.s.SampleResult: sampleresult.default.encoding is set to UTF-8
2026-07-03 01:08:43,465 INFO o.a.j.s.SampleResult: sampleresult.useNanoTime=true
2026-07-03 01:08:43,465 INFO o.a.j.s.SampleResult: sampleresult.nanoThreadSleep=5000
2026-07-03 01:08:44,966 INFO o.a.j.p.j.s.J.Idle fee charging journey: [electrahub-jmeter][idle-fee][001] step=register
2026-07-03 01:08:45,147 INFO o.a.j.p.j.s.J.Idle fee charging journey: [electrahub-jmeter][idle-fee][001] http POST /auth/api/auth/register status=200 elapsedMs=134
2026-07-03 01:08:45,167 INFO o.a.j.p.j.s.J.Idle fee charging journey: [electrahub-jmeter][idle-fee][001] registered uid=43b730e4-8ed4-4c54-8839-bb49661e0a79
2026-07-03 01:08:45,188 INFO o.a.j.p.j.s.J.Idle fee charging journey: [electrahub-jmeter][idle-fee][001] step=payment state before setup
2026-07-03 01:08:45,205 INFO o.a.j.p.j.s.J.Idle fee charging journey: [electrahub-jmeter][idle-fee][001] http GET /payment/api/v1/payment/state status=451 elapsedMs=16
2026-07-03 01:08:45,207 INFO o.a.j.p.j.s.J.Idle fee charging journey: [electrahub-jmeter][idle-fee][001] step=accept terms
2026-07-03 01:08:45,226 INFO o.a.j.p.j.s.J.Idle fee charging journey: [electrahub-jmeter][idle-fee][001] http POST /auth/api/terms/accept status=201 elapsedMs=17
2026-07-03 01:08:45,235 INFO o.a.j.p.j.s.J.Idle fee charging journey: [electrahub-jmeter][idle-fee][001] accepted terms; refreshing token through login
2026-07-03 01:08:45,241 INFO o.a.j.p.j.s.J.Idle fee charging journey: [electrahub-jmeter][idle-fee][001] step=login
2026-07-03 01:08:45,322 INFO o.a.j.p.j.s.J.Idle fee charging journey: [electrahub-jmeter][idle-fee][001] http POST /auth/api/auth/login status=200 elapsedMs=80
2026-07-03 01:08:45,323 INFO o.a.j.p.j.s.J.Idle fee charging journey: [electrahub-jmeter][idle-fee][001] logged in uid=43b730e4-8ed4-4c54-8839-bb49661e0a79
2026-07-03 01:08:45,325 INFO o.a.j.p.j.s.J.Idle fee charging journey: [electrahub-jmeter][idle-fee][001] step=payment state after terms
2026-07-03 01:08:45,347 INFO o.a.j.p.j.s.J.Idle fee charging journey: [electrahub-jmeter][idle-fee][001] http GET /payment/api/v1/payment/state status=200 elapsedMs=21
2026-07-03 01:08:45,350 INFO o.a.j.p.j.s.J.Idle fee charging journey: [electrahub-jmeter][idle-fee][001] step=add card
2026-07-03 01:08:45,368 INFO o.a.j.p.j.s.J.Idle fee charging journey: [electrahub-jmeter][idle-fee][001] http POST /payment/api/v1/payment/cards status=201 elapsedMs=15
2026-07-03 01:08:45,372 INFO o.a.j.p.j.s.J.Idle fee charging journey: [electrahub-jmeter][idle-fee][001] step=wallet topup
2026-07-03 01:08:45,393 INFO o.a.j.p.j.s.J.Idle fee charging journey: [electrahub-jmeter][idle-fee][001] http POST /payment/api/v1/payment/wallet/topups status=201 elapsedMs=17
2026-07-03 01:08:45,395 INFO o.a.j.p.j.s.J.Idle fee charging journey: [electrahub-jmeter][idle-fee][001] step=payment state after setup
2026-07-03 01:08:45,427 INFO o.a.j.p.j.s.J.Idle fee charging journey: [electrahub-jmeter][idle-fee][001] http GET /payment/api/v1/payment/state status=200 elapsedMs=31
2026-07-03 01:08:45,428 INFO o.a.j.p.j.s.J.Idle fee charging journey: [electrahub-jmeter][idle-fee][001] payment ready wallet=120.00
2026-07-03 01:08:45,430 INFO o.a.j.p.j.s.J.Idle fee charging journey: [electrahub-jmeter][idle-fee][001] step=charger graphql list
2026-07-03 01:08:45,520 INFO o.a.j.p.j.s.J.Idle fee charging journey: [electrahub-jmeter][idle-fee][001] http POST /charger/graphql status=200 elapsedMs=89
2026-07-03 01:08:45,541 INFO o.a.j.p.j.s.J.Idle fee charging journey: [electrahub-jmeter][idle-fee][001] selected available connector EH-US-CHG-0002/CON-US-0002 location=US*EHB*LOC*USA001 candidate=1/67
2026-07-03 01:08:45,542 INFO o.a.j.p.j.s.J.Idle fee charging journey: [electrahub-jmeter][idle-fee][001] step=charger graphql view
2026-07-03 01:08:45,576 INFO o.a.j.p.j.s.J.Idle fee charging journey: [electrahub-jmeter][idle-fee][001] http POST /charger/graphql status=200 elapsedMs=32
2026-07-03 01:08:45,579 INFO o.a.j.p.j.s.J.Idle fee charging journey: [electrahub-jmeter][idle-fee][001] idle fee discovery ok charger=EH-US-CHG-0002/CON-US-0002 rate=2.0 USD
2026-07-03 01:08:45,580 INFO o.a.j.p.j.s.J.Idle fee charging journey: [electrahub-jmeter][idle-fee][001] step=payment state before start
2026-07-03 01:08:45,605 INFO o.a.j.p.j.s.J.Idle fee charging journey: [electrahub-jmeter][idle-fee][001] http GET /payment/api/v1/payment/state status=200 elapsedMs=22
2026-07-03 01:08:45,615 INFO o.a.j.p.j.s.J.Idle fee charging journey: [electrahub-jmeter][idle-fee][001] step=start charging attempt 1
2026-07-03 01:08:46,421 INFO o.a.j.p.j.s.J.Idle fee charging journey: [electrahub-jmeter][idle-fee][001] http POST /session/api/v1/sessions/start status=201 elapsedMs=805
2026-07-03 01:08:46,423 INFO o.a.j.p.j.s.J.Idle fee charging journey: [electrahub-jmeter][idle-fee][001] started session=03bae440-c2c0-4a0f-89ed-cbb06d563174 charger=EH-US-CHG-0002/CON-US-0002 status=PREPARING remote=Accepted attempt=1/67
2026-07-03 01:08:46,425 INFO o.a.j.p.j.s.J.Idle fee charging journey: [electrahub-jmeter][idle-fee][001] step=active sessions
2026-07-03 01:08:47,425 INFO o.a.j.p.j.s.J.Idle fee charging journey: [electrahub-jmeter][idle-fee][001] http GET /session/api/v1/sessions/active status=200 elapsedMs=999
2026-07-03 01:09:08,366 INFO o.a.j.p.j.s.J.Idle fee charging journey: [electrahub-jmeter][idle-fee][001] sse ok connected=1 snapshot=2 updates=13 receipts=0 heartbeats=0
2026-07-03 01:09:08,369 INFO o.a.j.p.j.s.J.Idle fee charging journey: [electrahub-jmeter][idle-fee][001] step=active sessions
2026-07-03 01:09:09,384 INFO o.a.j.p.j.s.J.Idle fee charging journey: [electrahub-jmeter][idle-fee][001] http GET /session/api/v1/sessions/active status=200 elapsedMs=1013
2026-07-03 01:09:09,388 INFO o.a.j.p.j.s.J.Idle fee charging journey: [electrahub-jmeter][idle-fee][001] active session predicate ok idle fee policy snapshot session=03bae440-c2c0-4a0f-89ed-cbb06d563174
2026-07-03 01:09:09,390 INFO o.a.j.p.j.s.J.Idle fee charging journey: [electrahub-jmeter][idle-fee][001] step=simulator meter value
2026-07-03 01:09:09,435 INFO o.a.j.p.j.s.J.Idle fee charging journey: [electrahub-jmeter][idle-fee][001] simulator POST /api/v1/chargers/EH-US-CHG-0002/connectors/1/meter-values/send status=202 elapsedMs=28
2026-07-03 01:09:09,439 INFO o.a.j.p.j.s.J.Idle fee charging journey: [electrahub-jmeter][idle-fee][001] step=simulator status SuspendedEV
2026-07-03 01:09:09,452 INFO o.a.j.p.j.s.J.Idle fee charging journey: [electrahub-jmeter][idle-fee][001] simulator POST /api/v1/chargers/EH-US-CHG-0002/connectors/1/status status=200 elapsedMs=6
2026-07-03 01:09:09,455 INFO o.a.j.p.j.s.J.Idle fee charging journey: [electrahub-jmeter][idle-fee][001] step=active sessions
2026-07-03 01:09:10,391 INFO o.a.j.p.j.s.J.Idle fee charging journey: [electrahub-jmeter][idle-fee][001] http GET /session/api/v1/sessions/active status=200 elapsedMs=935
2026-07-03 01:09:10,392 INFO o.a.j.p.j.s.J.Idle fee charging journey: [electrahub-jmeter][idle-fee][001] active session predicate ok idle started session=03bae440-c2c0-4a0f-89ed-cbb06d563174
2026-07-03 01:09:10,393 INFO o.a.j.p.j.s.J.Idle fee charging journey: [electrahub-jmeter][idle-fee][001] idle started session=03bae440-c2c0-4a0f-89ed-cbb06d563174 idleSeconds=0 idleStartedAt=-
2026-07-03 01:09:10,395 INFO o.a.j.p.j.s.J.Idle fee charging journey: [electrahub-jmeter][idle-fee][001] step=stop charging session
2026-07-03 01:09:11,408 INFO o.a.j.p.j.s.J.Idle fee charging journey: [electrahub-jmeter][idle-fee][001] http POST /session/api/v1/sessions/03bae440-c2c0-4a0f-89ed-cbb06d563174/stop status=204 elapsedMs=1011
2026-07-03 01:09:11,409 INFO o.a.j.p.j.s.J.Idle fee charging journey: [electrahub-jmeter][idle-fee][001] stop requested session=03bae440-c2c0-4a0f-89ed-cbb06d563174
2026-07-03 01:09:11,410 INFO o.a.j.p.j.s.J.Idle fee charging journey: [electrahub-jmeter][idle-fee][001] step=active sessions
2026-07-03 01:09:12,413 INFO o.a.j.p.j.s.J.Idle fee charging journey: [electrahub-jmeter][idle-fee][001] http GET /session/api/v1/sessions/active status=200 elapsedMs=1002
2026-07-03 01:09:12,415 INFO o.a.j.p.j.s.J.Idle fee charging journey: [electrahub-jmeter][idle-fee][001] active session predicate ok remote stop requires unplug session=03bae440-c2c0-4a0f-89ed-cbb06d563174
2026-07-03 01:09:12,416 INFO o.a.j.p.j.s.J.Idle fee charging journey: [electrahub-jmeter][idle-fee][001] remote stop kept idle-fee session active session=03bae440-c2c0-4a0f-89ed-cbb06d563174 idleSeconds=0
2026-07-03 01:09:12,417 INFO o.a.j.p.j.s.J.Idle fee charging journey: [electrahub-jmeter][idle-fee][001] step=simulator status Available
2026-07-03 01:09:12,435 INFO o.a.j.p.j.s.J.Idle fee charging journey: [electrahub-jmeter][idle-fee][001] simulator POST /api/v1/chargers/EH-US-CHG-0002/connectors/1/status status=200 elapsedMs=16
2026-07-03 01:09:12,436 INFO o.a.j.p.j.s.J.Idle fee charging journey: [electrahub-jmeter][idle-fee][001] step=active sessions
2026-07-03 01:09:13,422 INFO o.a.j.p.j.s.J.Idle fee charging journey: [electrahub-jmeter][idle-fee][001] http GET /session/api/v1/sessions/active status=200 elapsedMs=984
2026-07-03 01:09:18,424 INFO o.a.j.p.j.s.J.Idle fee charging journey: [electrahub-jmeter][idle-fee][001] step=active sessions
2026-07-03 01:09:19,458 INFO o.a.j.p.j.s.J.Idle fee charging journey: [electrahub-jmeter][idle-fee][001] http GET /session/api/v1/sessions/active status=200 elapsedMs=1032
2026-07-03 01:09:27,016 INFO o.a.j.p.j.s.J.Idle fee charging journey: [electrahub-jmeter][idle-fee][001] step=active sessions
2026-07-03 01:09:27,054 INFO o.a.j.p.j.s.J.Idle fee charging journey: [electrahub-jmeter][idle-fee][001] http GET /session/api/v1/sessions/active status=200 elapsedMs=35
2026-07-03 01:09:32,055 INFO o.a.j.p.j.s.J.Idle fee charging journey: [electrahub-jmeter][idle-fee][001] step=active sessions
2026-07-03 01:09:33,090 INFO o.a.j.p.j.s.J.Idle fee charging journey: [electrahub-jmeter][idle-fee][001] http GET /session/api/v1/sessions/active status=200 elapsedMs=1031
2026-07-03 01:09:38,091 INFO o.a.j.p.j.s.J.Idle fee charging journey: [electrahub-jmeter][idle-fee][001] step=active sessions
2026-07-03 01:09:39,132 INFO o.a.j.p.j.s.J.Idle fee charging journey: [electrahub-jmeter][idle-fee][001] http GET /session/api/v1/sessions/active status=200 elapsedMs=1040
2026-07-03 01:09:44,134 INFO o.a.j.p.j.s.J.Idle fee charging journey: [electrahub-jmeter][idle-fee][001] step=active sessions
2026-07-03 01:09:44,167 INFO o.a.j.p.j.s.J.Idle fee charging journey: [electrahub-jmeter][idle-fee][001] http GET /session/api/v1/sessions/active status=200 elapsedMs=31
2026-07-03 01:09:49,168 INFO o.a.j.p.j.s.J.Idle fee charging journey: [electrahub-jmeter][idle-fee][001] step=active sessions
2026-07-03 01:09:49,215 INFO o.a.j.p.j.s.J.Idle fee charging journey: [electrahub-jmeter][idle-fee][001] http GET /session/api/v1/sessions/active status=200 elapsedMs=46
2026-07-03 01:09:54,217 INFO o.a.j.p.j.s.J.Idle fee charging journey: [electrahub-jmeter][idle-fee][001] step=active sessions
2026-07-03 01:09:54,257 INFO o.a.j.p.j.s.J.Idle fee charging journey: [electrahub-jmeter][idle-fee][001] http GET /session/api/v1/sessions/active status=200 elapsedMs=38
2026-07-03 01:10:00,521 INFO o.a.j.p.j.s.J.Idle fee charging journey: [electrahub-jmeter][idle-fee][001] step=active sessions
2026-07-03 01:10:00,540 INFO o.a.j.p.j.s.J.Idle fee charging journey: [electrahub-jmeter][idle-fee][001] http GET /session/api/v1/sessions/active status=200 elapsedMs=18
2026-07-03 01:10:00,543 INFO o.a.j.p.j.s.J.Idle fee charging journey: [electrahub-jmeter][idle-fee][001] step=receipt
2026-07-03 01:10:00,556 INFO o.a.j.p.j.s.J.Idle fee charging journey: [electrahub-jmeter][idle-fee][001] http GET /session/api/v1/sessions/03bae440-c2c0-4a0f-89ed-cbb06d563174/receipt status=200 elapsedMs=12
2026-07-03 01:10:00,558 INFO o.a.j.p.j.s.J.Idle fee charging journey: [electrahub-jmeter][idle-fee][001] step=session history
2026-07-03 01:10:00,572 INFO o.a.j.p.j.s.J.Idle fee charging journey: [electrahub-jmeter][idle-fee][001] http GET /session/api/v1/sessions/history?page=0&size=10 status=200 elapsedMs=12
2026-07-03 01:10:00,574 INFO o.a.j.p.j.s.J.Idle fee charging journey: [electrahub-jmeter][idle-fee][001] step=dashboard stats
2026-07-03 01:10:00,592 INFO o.a.j.p.j.s.J.Idle fee charging journey: [electrahub-jmeter][idle-fee][001] http GET /session/api/v1/sessions/dashboard-stats status=200 elapsedMs=16
2026-07-03 01:10:00,593 INFO o.a.j.p.j.s.J.Idle fee charging journey: [electrahub-jmeter][idle-fee][001] receipt ok session=03bae440-c2c0-4a0f-89ed-cbb06d563174 status=Completed total=1.5588
2026-07-03 01:10:00,612 INFO o.a.j.r.Summariser: summary +      1 in 00:01:17 =    0.0/s Avg: 69536 Min: 69536 Max: 69536 Err:     0 (0.00%) Active: 1 Started: 1 Finished: 0
2026-07-03 01:10:00,613 INFO o.a.j.t.JMeterThread: Thread is done: Idle-fee driver journeys 1-1
2026-07-03 01:10:00,614 INFO o.a.j.t.JMeterThread: Thread finished: Idle-fee driver journeys 1-1
2026-07-03 01:10:00,615 INFO o.a.j.e.StandardJMeterEngine: Notifying test listeners of end of test
2026-07-03 01:10:00,616 INFO o.a.j.s.FileServer: Close: scripts/jmeter/data/connectors-100.csv
2026-07-03 01:10:00,623 INFO o.a.j.r.Summariser: summary =      1 in 00:01:17 =    0.0/s Avg: 69536 Min: 69536 Max: 69536 Err:     0 (0.00%)
