2026-07-03 14:40:57,790 INFO o.a.j.u.JMeterUtils: Setting Locale to en_EN
2026-07-03 14:40:57,864 INFO o.a.j.JMeter: Loading user properties from: /opt/apache-jmeter-5.6.3/bin/user.properties
2026-07-03 14:40:57,867 INFO o.a.j.JMeter: Loading system properties from: /opt/apache-jmeter-5.6.3/bin/system.properties
2026-07-03 14:40:57,868 INFO o.a.j.JMeter: Setting JMeter property: base_url=https://api.electrahub.net
2026-07-03 14:40:57,869 INFO o.a.j.JMeter: Setting JMeter property: simulator_url=https://ocpp-simulator.electrahub.net
2026-07-03 14:40:57,870 INFO o.a.j.JMeter: Setting JMeter property: users=1
2026-07-03 14:40:57,872 INFO o.a.j.JMeter: Setting JMeter property: ramp_seconds=1
2026-07-03 14:40:57,873 INFO o.a.j.JMeter: Setting JMeter property: request_timeout_ms=30000
2026-07-03 14:40:57,874 INFO o.a.j.JMeter: Setting JMeter property: session_command_timeout_ms=45000
2026-07-03 14:40:57,876 INFO o.a.j.JMeter: Setting JMeter property: dynamic_connector_selection=true
2026-07-03 14:40:57,877 INFO o.a.j.JMeter: Setting JMeter property: idle_tick_wait_seconds=70
2026-07-03 14:40:57,878 INFO o.a.j.JMeter: Setting JMeter property: run_id=idle-zset-20260703-r9
2026-07-03 14:40:57,888 INFO o.a.j.JMeter: Copyright (c) 1998-2024 The Apache Software Foundation
2026-07-03 14:40:57,890 INFO o.a.j.JMeter: Version 5.6.3
2026-07-03 14:40:57,891 INFO o.a.j.JMeter: java.version=17.0.19
2026-07-03 14:40:57,893 INFO o.a.j.JMeter: java.vm.name=OpenJDK 64-Bit Server VM
2026-07-03 14:40:57,894 INFO o.a.j.JMeter: os.name=Linux
2026-07-03 14:40:57,897 INFO o.a.j.JMeter: os.arch=amd64
2026-07-03 14:40:57,898 INFO o.a.j.JMeter: os.version=6.18.33.1-microsoft-standard-WSL2
2026-07-03 14:40:57,899 INFO o.a.j.JMeter: file.encoding=UTF-8
2026-07-03 14:40:57,899 INFO o.a.j.JMeter: java.awt.headless=true
2026-07-03 14:40:57,900 INFO o.a.j.JMeter: Max memory     =1073741824
2026-07-03 14:40:57,901 INFO o.a.j.JMeter: Available Processors =16
2026-07-03 14:40:57,915 INFO o.a.j.JMeter: Default Locale=English (EN)
2026-07-03 14:40:57,916 INFO o.a.j.JMeter: JMeter  Locale=English (EN)
2026-07-03 14:40:57,918 INFO o.a.j.JMeter: JMeterHome=/opt/apache-jmeter-5.6.3
2026-07-03 14:40:57,920 INFO o.a.j.JMeter: user.dir  =/work
2026-07-03 14:40:57,923 INFO o.a.j.JMeter: PWD       =/work
2026-07-03 14:40:57,925 INFO o.a.j.JMeter: IP: 172.17.0.39 Name: 053af650c37c FullName: 053af650c37c
2026-07-03 14:40:57,951 INFO o.a.j.s.FileServer: Default base='/work'
2026-07-03 14:40:57,955 INFO o.a.j.s.FileServer: Set new base='/work/scripts/jmeter'
2026-07-03 14:40:58,142 INFO o.a.j.s.SaveService: Testplan (JMX) version: 2.2. Testlog (JTL) version: 2.2
2026-07-03 14:40:58,169 INFO o.a.j.s.SaveService: Using SaveService properties version 5.0
2026-07-03 14:40:58,173 INFO o.a.j.s.SaveService: Using SaveService properties file encoding UTF-8
2026-07-03 14:40:58,179 INFO o.a.j.s.SaveService: Loading file: scripts/jmeter/06-idle-fee-charging-flow.jmx
2026-07-03 14:40:58,254 INFO o.a.j.JMeter: Creating summariser <summary>
2026-07-03 14:40:58,276 INFO o.a.j.e.StandardJMeterEngine: Running the test!
2026-07-03 14:40:58,277 INFO o.a.j.s.SampleEvent: List of sample_variables: []
2026-07-03 14:40:58,278 INFO o.a.j.s.SampleEvent: List of sample_variables: []
2026-07-03 14:40:58,283 INFO o.a.j.e.u.CompoundVariable: Note: Function class names must contain the string: '.functions.'
2026-07-03 14:40:58,283 INFO o.a.j.e.u.CompoundVariable: Note: Function class names must not contain the string: '.gui.'
2026-07-03 14:40:58,545 INFO o.a.j.JMeter: Running test (1783089658545)
2026-07-03 14:40:58,564 INFO o.a.j.e.StandardJMeterEngine: Starting ThreadGroup: 1 : Idle-fee driver journeys
2026-07-03 14:40:58,567 INFO o.a.j.e.StandardJMeterEngine: Starting 1 threads for group Idle-fee driver journeys.
2026-07-03 14:40:58,568 INFO o.a.j.e.StandardJMeterEngine: Test will stop on error
2026-07-03 14:40:58,569 INFO o.a.j.t.ThreadGroup: Starting thread group... number=1 threads=1 ramp-up=1 delayedStart=false
2026-07-03 14:40:58,572 INFO o.a.j.t.ThreadGroup: Started thread group number 1
2026-07-03 14:40:58,574 INFO o.a.j.e.StandardJMeterEngine: All thread groups have been started
2026-07-03 14:40:58,579 INFO o.a.j.t.JMeterThread: Thread started: Idle-fee driver journeys 1-1
2026-07-03 14:40:58,589 INFO o.a.j.s.FileServer: Stored: scripts/jmeter/data/connectors-100.csv
2026-07-03 14:40:58,610 INFO o.a.j.s.SampleResult: Note: Sample TimeStamps are START times
2026-07-03 14:40:58,610 INFO o.a.j.s.SampleResult: sampleresult.default.encoding is set to UTF-8
2026-07-03 14:40:58,611 INFO o.a.j.s.SampleResult: sampleresult.useNanoTime=true
2026-07-03 14:40:58,612 INFO o.a.j.s.SampleResult: sampleresult.nanoThreadSleep=5000
2026-07-03 14:41:00,045 INFO o.a.j.p.j.s.J.Idle fee charging journey: [electrahub-jmeter][idle-fee][001] step=register
2026-07-03 14:41:00,607 INFO o.a.j.p.j.s.J.Idle fee charging journey: [electrahub-jmeter][idle-fee][001] http POST /auth/api/auth/register status=200 elapsedMs=281
2026-07-03 14:41:00,627 INFO o.a.j.p.j.s.J.Idle fee charging journey: [electrahub-jmeter][idle-fee][001] registered uid=6f835719-a572-4ad4-8479-c39504c1bab8
2026-07-03 14:41:00,647 INFO o.a.j.p.j.s.J.Idle fee charging journey: [electrahub-jmeter][idle-fee][001] step=payment state before setup
2026-07-03 14:41:00,728 INFO o.a.j.p.j.s.J.Idle fee charging journey: [electrahub-jmeter][idle-fee][001] http GET /payment/api/v1/payment/state status=451 elapsedMs=80
2026-07-03 14:41:00,730 INFO o.a.j.p.j.s.J.Idle fee charging journey: [electrahub-jmeter][idle-fee][001] step=accept terms
2026-07-03 14:41:00,833 INFO o.a.j.p.j.s.J.Idle fee charging journey: [electrahub-jmeter][idle-fee][001] http POST /auth/api/terms/accept status=201 elapsedMs=102
2026-07-03 14:41:00,841 INFO o.a.j.p.j.s.J.Idle fee charging journey: [electrahub-jmeter][idle-fee][001] accepted terms; refreshing token through login
2026-07-03 14:41:00,843 INFO o.a.j.p.j.s.J.Idle fee charging journey: [electrahub-jmeter][idle-fee][001] step=login
2026-07-03 14:41:00,988 INFO o.a.j.p.j.s.J.Idle fee charging journey: [electrahub-jmeter][idle-fee][001] http POST /auth/api/auth/login status=200 elapsedMs=144
2026-07-03 14:41:00,989 INFO o.a.j.p.j.s.J.Idle fee charging journey: [electrahub-jmeter][idle-fee][001] logged in uid=6f835719-a572-4ad4-8479-c39504c1bab8
2026-07-03 14:41:00,991 INFO o.a.j.p.j.s.J.Idle fee charging journey: [electrahub-jmeter][idle-fee][001] step=payment state after terms
2026-07-03 14:41:01,060 INFO o.a.j.p.j.s.J.Idle fee charging journey: [electrahub-jmeter][idle-fee][001] http GET /payment/api/v1/payment/state status=200 elapsedMs=67
2026-07-03 14:41:01,061 INFO o.a.j.p.j.s.J.Idle fee charging journey: [electrahub-jmeter][idle-fee][001] step=add card
2026-07-03 14:41:01,122 INFO o.a.j.p.j.s.J.Idle fee charging journey: [electrahub-jmeter][idle-fee][001] http POST /payment/api/v1/payment/cards status=201 elapsedMs=58
2026-07-03 14:41:01,125 INFO o.a.j.p.j.s.J.Idle fee charging journey: [electrahub-jmeter][idle-fee][001] step=wallet topup
2026-07-03 14:41:01,190 INFO o.a.j.p.j.s.J.Idle fee charging journey: [electrahub-jmeter][idle-fee][001] http POST /payment/api/v1/payment/wallet/topups status=201 elapsedMs=63
2026-07-03 14:41:01,192 INFO o.a.j.p.j.s.J.Idle fee charging journey: [electrahub-jmeter][idle-fee][001] step=payment state after setup
2026-07-03 14:41:01,244 INFO o.a.j.p.j.s.J.Idle fee charging journey: [electrahub-jmeter][idle-fee][001] http GET /payment/api/v1/payment/state status=200 elapsedMs=51
2026-07-03 14:41:01,246 INFO o.a.j.p.j.s.J.Idle fee charging journey: [electrahub-jmeter][idle-fee][001] payment ready wallet=120.00
2026-07-03 14:41:01,248 INFO o.a.j.p.j.s.J.Idle fee charging journey: [electrahub-jmeter][idle-fee][001] step=charger graphql list
2026-07-03 14:41:02,069 INFO o.a.j.p.j.s.J.Idle fee charging journey: [electrahub-jmeter][idle-fee][001] http POST /charger/graphql status=200 elapsedMs=820
2026-07-03 14:41:02,087 INFO o.a.j.p.j.s.J.Idle fee charging journey: [electrahub-jmeter][idle-fee][001] selected available connector EH-US-CHG-0001/CON-US-0001 location=US*EHB*LOC*USA001 candidate=1/74
2026-07-03 14:41:02,088 INFO o.a.j.p.j.s.J.Idle fee charging journey: [electrahub-jmeter][idle-fee][001] step=charger graphql view
2026-07-03 14:41:02,184 INFO o.a.j.p.j.s.J.Idle fee charging journey: [electrahub-jmeter][idle-fee][001] http POST /charger/graphql status=200 elapsedMs=95
2026-07-03 14:41:02,185 INFO o.a.j.p.j.s.J.Idle fee charging journey: [electrahub-jmeter][idle-fee][001] idle fee discovery ok charger=EH-US-CHG-0001/CON-US-0001 rate=1.0 USD
2026-07-03 14:41:02,187 INFO o.a.j.p.j.s.J.Idle fee charging journey: [electrahub-jmeter][idle-fee][001] step=payment state before start
2026-07-03 14:41:02,249 INFO o.a.j.p.j.s.J.Idle fee charging journey: [electrahub-jmeter][idle-fee][001] http GET /payment/api/v1/payment/state status=200 elapsedMs=61
2026-07-03 14:41:02,253 INFO o.a.j.p.j.s.J.Idle fee charging journey: [electrahub-jmeter][idle-fee][001] step=start charging attempt 1
2026-07-03 14:41:04,390 INFO o.a.j.p.j.s.J.Idle fee charging journey: [electrahub-jmeter][idle-fee][001] http POST /session/api/v1/sessions/start status=201 elapsedMs=2135
2026-07-03 14:41:04,391 INFO o.a.j.p.j.s.J.Idle fee charging journey: [electrahub-jmeter][idle-fee][001] started session=bf3c373f-02f9-4cdd-8ba6-df16ffccf9d4 charger=EH-US-CHG-0001/CON-US-0001 status=PREPARING remote=Accepted attempt=1/74
2026-07-03 14:41:04,393 INFO o.a.j.p.j.s.J.Idle fee charging journey: [electrahub-jmeter][idle-fee][001] step=active sessions
2026-07-03 14:41:05,080 INFO o.a.j.p.j.s.J.Idle fee charging journey: [electrahub-jmeter][idle-fee][001] http GET /session/api/v1/sessions/active status=200 elapsedMs=685
2026-07-03 14:43:10,897 INFO o.a.j.p.j.s.J.Idle fee charging journey: [electrahub-jmeter][idle-fee][001] sse ok connected=1 snapshot=2 updates=55 receipts=0 heartbeats=0
2026-07-03 14:43:10,898 INFO o.a.j.p.j.s.J.Idle fee charging journey: [electrahub-jmeter][idle-fee][001] step=active sessions
2026-07-03 14:43:11,905 INFO o.a.j.p.j.s.J.Idle fee charging journey: [electrahub-jmeter][idle-fee][001] http GET /session/api/v1/sessions/active status=200 elapsedMs=1004
2026-07-03 14:43:11,907 INFO o.a.j.p.j.s.J.Idle fee charging journey: [electrahub-jmeter][idle-fee][001] active session predicate ok idle fee policy snapshot session=bf3c373f-02f9-4cdd-8ba6-df16ffccf9d4
2026-07-03 14:43:11,909 INFO o.a.j.p.j.s.J.Idle fee charging journey: [electrahub-jmeter][idle-fee][001] step=simulator meter value
2026-07-03 14:43:12,061 INFO o.a.j.p.j.s.J.Idle fee charging journey: [electrahub-jmeter][idle-fee][001] simulator POST /api/v1/chargers/EH-US-CHG-0001/connectors/1/meter-values/send status=202 elapsedMs=74
2026-07-03 14:43:12,063 INFO o.a.j.p.j.s.J.Idle fee charging journey: [electrahub-jmeter][idle-fee][001] step=stop charging session
2026-07-03 14:43:12,919 INFO o.a.j.p.j.s.J.Idle fee charging journey: [electrahub-jmeter][idle-fee][001] http POST /session/api/v1/sessions/bf3c373f-02f9-4cdd-8ba6-df16ffccf9d4/stop status=204 elapsedMs=855
2026-07-03 14:43:12,921 INFO o.a.j.p.j.s.J.Idle fee charging journey: [electrahub-jmeter][idle-fee][001] stop requested session=bf3c373f-02f9-4cdd-8ba6-df16ffccf9d4
2026-07-03 14:43:12,923 INFO o.a.j.p.j.s.J.Idle fee charging journey: [electrahub-jmeter][idle-fee][001] step=active sessions
2026-07-03 14:43:13,917 INFO o.a.j.p.j.s.J.Idle fee charging journey: [electrahub-jmeter][idle-fee][001] http GET /session/api/v1/sessions/active status=200 elapsedMs=993
2026-07-03 14:43:19,800 INFO o.a.j.p.j.s.J.Idle fee charging journey: [electrahub-jmeter][idle-fee][001] step=active sessions
2026-07-03 14:43:20,821 INFO o.a.j.p.j.s.J.Idle fee charging journey: [electrahub-jmeter][idle-fee][001] http GET /session/api/v1/sessions/active status=200 elapsedMs=1020
2026-07-03 14:43:20,822 INFO o.a.j.p.j.s.J.Idle fee charging journey: [electrahub-jmeter][idle-fee][001] active session predicate ok remote stop requires unplug session=bf3c373f-02f9-4cdd-8ba6-df16ffccf9d4
2026-07-03 14:43:20,823 INFO o.a.j.p.j.s.J.Idle fee charging journey: [electrahub-jmeter][idle-fee][001] remote stop kept idle-fee session active session=bf3c373f-02f9-4cdd-8ba6-df16ffccf9d4 status=SUSPENDED idleSeconds=8 idleFeeAmount=0.0 estimatedCost=430.7706
2026-07-03 14:43:20,824 INFO o.a.j.p.j.s.J.Idle fee charging journey: [electrahub-jmeter][idle-fee][001] waiting 70s for backend idle-fee ZSET ticker
2026-07-03 14:44:36,531 INFO o.a.j.p.j.s.J.Idle fee charging journey: [electrahub-jmeter][idle-fee][001] step=active sessions
2026-07-03 14:44:36,742 INFO o.a.j.p.j.s.J.Idle fee charging journey: [electrahub-jmeter][idle-fee][001] http GET /session/api/v1/sessions/active status=200 elapsedMs=210
2026-07-03 14:44:36,744 INFO o.a.j.p.j.s.J.Idle fee charging journey: [electrahub-jmeter][idle-fee][001] active session predicate ok backend idle ticker minute update session=bf3c373f-02f9-4cdd-8ba6-df16ffccf9d4
2026-07-03 14:44:36,746 INFO o.a.j.p.j.s.J.Idle fee charging journey: [electrahub-jmeter][idle-fee][001] backend idle tick ok session=bf3c373f-02f9-4cdd-8ba6-df16ffccf9d4 billableMinutes=1 idleSeconds=84 idleFeeAmount=3.0 estimatedCost=436.5752
2026-07-03 14:44:36,748 INFO o.a.j.p.j.s.J.Idle fee charging journey: [electrahub-jmeter][idle-fee][001] step=simulator charging stop
2026-07-03 14:44:36,861 INFO o.a.j.p.j.s.J.Idle fee charging journey: [electrahub-jmeter][idle-fee][001] simulator POST /api/v1/chargers/EH-US-CHG-0001/connectors/1/charging/stop status=200 elapsedMs=74
2026-07-03 14:44:36,863 INFO o.a.j.p.j.s.J.Idle fee charging journey: [electrahub-jmeter][idle-fee][001] simulator charging stop accepted charger=EH-US-CHG-0001 connectorNumber=1 meterStopWh=1201500
2026-07-03 14:44:36,864 INFO o.a.j.p.j.s.J.Idle fee charging journey: [electrahub-jmeter][idle-fee][001] step=active sessions
2026-07-03 14:44:37,756 INFO o.a.j.p.j.s.J.Idle fee charging journey: [electrahub-jmeter][idle-fee][001] http GET /session/api/v1/sessions/active status=200 elapsedMs=891
2026-07-03 14:44:42,757 INFO o.a.j.p.j.s.J.Idle fee charging journey: [electrahub-jmeter][idle-fee][001] step=active sessions
2026-07-03 14:44:42,873 INFO o.a.j.p.j.s.J.Idle fee charging journey: [electrahub-jmeter][idle-fee][001] http GET /session/api/v1/sessions/active status=200 elapsedMs=114
2026-07-03 14:44:42,874 INFO o.a.j.p.j.s.J.Idle fee charging journey: [electrahub-jmeter][idle-fee][001] step=receipt
2026-07-03 14:44:42,936 INFO o.a.j.p.j.s.J.Idle fee charging journey: [electrahub-jmeter][idle-fee][001] http GET /session/api/v1/sessions/bf3c373f-02f9-4cdd-8ba6-df16ffccf9d4/receipt status=200 elapsedMs=61
2026-07-03 14:44:42,938 INFO o.a.j.p.j.s.J.Idle fee charging journey: [electrahub-jmeter][idle-fee][001] step=session history
2026-07-03 14:44:43,011 INFO o.a.j.p.j.s.J.Idle fee charging journey: [electrahub-jmeter][idle-fee][001] http GET /session/api/v1/sessions/history?page=0&size=10 status=200 elapsedMs=73
2026-07-03 14:44:43,012 INFO o.a.j.p.j.s.J.Idle fee charging journey: [electrahub-jmeter][idle-fee][001] step=dashboard stats
2026-07-03 14:44:43,071 INFO o.a.j.p.j.s.J.Idle fee charging journey: [electrahub-jmeter][idle-fee][001] http GET /session/api/v1/sessions/dashboard-stats status=200 elapsedMs=58
2026-07-03 14:44:43,072 INFO o.a.j.p.j.s.J.Idle fee charging journey: [electrahub-jmeter][idle-fee][001] receipt ok session=bf3c373f-02f9-4cdd-8ba6-df16ffccf9d4 status=Completed total=4.2632
2026-07-03 14:44:43,086 INFO o.a.j.t.JMeterThread: Thread is done: Idle-fee driver journeys 1-1
2026-07-03 14:44:43,087 INFO o.a.j.t.JMeterThread: Thread finished: Idle-fee driver journeys 1-1
2026-07-03 14:44:43,088 INFO o.a.j.e.StandardJMeterEngine: Notifying test listeners of end of test
2026-07-03 14:44:43,089 INFO o.a.j.s.FileServer: Close: scripts/jmeter/data/connectors-100.csv
2026-07-03 14:44:43,094 INFO o.a.j.r.Summariser: summary =      1 in 00:03:45 =    0.0/s Avg: 204508 Min: 204508 Max: 204508 Err:     0 (0.00%)
