2026-07-03 11:02:31,278 INFO o.a.j.u.JMeterUtils: Setting Locale to en_EN
2026-07-03 11:02:31,306 INFO o.a.j.JMeter: Loading user properties from: /opt/apache-jmeter-5.6.3/bin/user.properties
2026-07-03 11:02:31,308 INFO o.a.j.JMeter: Loading system properties from: /opt/apache-jmeter-5.6.3/bin/system.properties
2026-07-03 11:02:31,309 INFO o.a.j.JMeter: Setting JMeter property: base_url=https://api.electrahub.net
2026-07-03 11:02:31,310 INFO o.a.j.JMeter: Setting JMeter property: users=1
2026-07-03 11:02:31,311 INFO o.a.j.JMeter: Setting JMeter property: ramp_seconds=1
2026-07-03 11:02:31,312 INFO o.a.j.JMeter: Setting JMeter property: request_timeout_ms=30000
2026-07-03 11:02:31,313 INFO o.a.j.JMeter: Setting JMeter property: session_command_timeout_ms=45000
2026-07-03 11:02:31,314 INFO o.a.j.JMeter: Setting JMeter property: dynamic_connector_selection=true
2026-07-03 11:02:31,316 INFO o.a.j.JMeter: Setting JMeter property: idle_tick_wait_seconds=70
2026-07-03 11:02:31,317 INFO o.a.j.JMeter: Setting JMeter property: run_id=idle-zset-20260703-r2
2026-07-03 11:02:31,326 INFO o.a.j.JMeter: Copyright (c) 1998-2024 The Apache Software Foundation
2026-07-03 11:02:31,327 INFO o.a.j.JMeter: Version 5.6.3
2026-07-03 11:02:31,327 INFO o.a.j.JMeter: java.version=17.0.19
2026-07-03 11:02:31,328 INFO o.a.j.JMeter: java.vm.name=OpenJDK 64-Bit Server VM
2026-07-03 11:02:31,329 INFO o.a.j.JMeter: os.name=Linux
2026-07-03 11:02:31,329 INFO o.a.j.JMeter: os.arch=amd64
2026-07-03 11:02:31,330 INFO o.a.j.JMeter: os.version=6.18.33.1-microsoft-standard-WSL2
2026-07-03 11:02:31,330 INFO o.a.j.JMeter: file.encoding=UTF-8
2026-07-03 11:02:31,331 INFO o.a.j.JMeter: java.awt.headless=true
2026-07-03 11:02:31,332 INFO o.a.j.JMeter: Max memory     =1073741824
2026-07-03 11:02:31,333 INFO o.a.j.JMeter: Available Processors =16
2026-07-03 11:02:31,343 INFO o.a.j.JMeter: Default Locale=English (EN)
2026-07-03 11:02:31,344 INFO o.a.j.JMeter: JMeter  Locale=English (EN)
2026-07-03 11:02:31,345 INFO o.a.j.JMeter: JMeterHome=/opt/apache-jmeter-5.6.3
2026-07-03 11:02:31,346 INFO o.a.j.JMeter: user.dir  =/work
2026-07-03 11:02:31,346 INFO o.a.j.JMeter: PWD       =/work
2026-07-03 11:02:31,347 INFO o.a.j.JMeter: IP: 172.17.0.39 Name: 4c75ef15db6f FullName: 4c75ef15db6f
2026-07-03 11:02:31,376 INFO o.a.j.s.FileServer: Default base='/work'
2026-07-03 11:02:31,380 INFO o.a.j.s.FileServer: Set new base='/work/scripts/jmeter'
2026-07-03 11:02:31,592 INFO o.a.j.s.SaveService: Testplan (JMX) version: 2.2. Testlog (JTL) version: 2.2
2026-07-03 11:02:31,626 INFO o.a.j.s.SaveService: Using SaveService properties version 5.0
2026-07-03 11:02:31,631 INFO o.a.j.s.SaveService: Using SaveService properties file encoding UTF-8
2026-07-03 11:02:31,635 INFO o.a.j.s.SaveService: Loading file: scripts/jmeter/06-idle-fee-charging-flow.jmx
2026-07-03 11:02:31,734 INFO o.a.j.JMeter: Creating summariser <summary>
2026-07-03 11:02:31,753 INFO o.a.j.e.StandardJMeterEngine: Running the test!
2026-07-03 11:02:31,754 INFO o.a.j.s.SampleEvent: List of sample_variables: []
2026-07-03 11:02:31,755 INFO o.a.j.s.SampleEvent: List of sample_variables: []
2026-07-03 11:02:31,759 INFO o.a.j.e.u.CompoundVariable: Note: Function class names must contain the string: '.functions.'
2026-07-03 11:02:31,760 INFO o.a.j.e.u.CompoundVariable: Note: Function class names must not contain the string: '.gui.'
2026-07-03 11:02:32,035 INFO o.a.j.JMeter: Running test (1783076552035)
2026-07-03 11:02:32,074 INFO o.a.j.e.StandardJMeterEngine: Starting ThreadGroup: 1 : Idle-fee driver journeys
2026-07-03 11:02:32,084 INFO o.a.j.e.StandardJMeterEngine: Starting 1 threads for group Idle-fee driver journeys.
2026-07-03 11:02:32,086 INFO o.a.j.e.StandardJMeterEngine: Test will stop on error
2026-07-03 11:02:32,087 INFO o.a.j.t.ThreadGroup: Starting thread group... number=1 threads=1 ramp-up=1 delayedStart=false
2026-07-03 11:02:32,095 INFO o.a.j.t.ThreadGroup: Started thread group number 1
2026-07-03 11:02:32,096 INFO o.a.j.e.StandardJMeterEngine: All thread groups have been started
2026-07-03 11:02:32,104 INFO o.a.j.t.JMeterThread: Thread started: Idle-fee driver journeys 1-1
2026-07-03 11:02:32,113 INFO o.a.j.s.FileServer: Stored: scripts/jmeter/data/connectors-100.csv
2026-07-03 11:02:32,154 INFO o.a.j.s.SampleResult: Note: Sample TimeStamps are START times
2026-07-03 11:02:32,155 INFO o.a.j.s.SampleResult: sampleresult.default.encoding is set to UTF-8
2026-07-03 11:02:32,156 INFO o.a.j.s.SampleResult: sampleresult.useNanoTime=true
2026-07-03 11:02:32,156 INFO o.a.j.s.SampleResult: sampleresult.nanoThreadSleep=5000
2026-07-03 11:02:33,522 INFO o.a.j.p.j.s.J.Idle fee charging journey: [electrahub-jmeter][idle-fee][001] step=register
2026-07-03 11:02:34,160 INFO o.a.j.p.j.s.J.Idle fee charging journey: [electrahub-jmeter][idle-fee][001] http POST /auth/api/auth/register status=200 elapsedMs=302
2026-07-03 11:02:34,175 INFO o.a.j.p.j.s.J.Idle fee charging journey: [electrahub-jmeter][idle-fee][001] registered uid=c346821a-9656-4523-81e0-cea6c12f80e3
2026-07-03 11:02:34,209 INFO o.a.j.p.j.s.J.Idle fee charging journey: [electrahub-jmeter][idle-fee][001] step=payment state before setup
2026-07-03 11:02:34,284 INFO o.a.j.p.j.s.J.Idle fee charging journey: [electrahub-jmeter][idle-fee][001] http GET /payment/api/v1/payment/state status=451 elapsedMs=74
2026-07-03 11:02:34,286 INFO o.a.j.p.j.s.J.Idle fee charging journey: [electrahub-jmeter][idle-fee][001] step=accept terms
2026-07-03 11:02:34,384 INFO o.a.j.p.j.s.J.Idle fee charging journey: [electrahub-jmeter][idle-fee][001] http POST /auth/api/terms/accept status=201 elapsedMs=97
2026-07-03 11:02:34,392 INFO o.a.j.p.j.s.J.Idle fee charging journey: [electrahub-jmeter][idle-fee][001] accepted terms; refreshing token through login
2026-07-03 11:02:34,393 INFO o.a.j.p.j.s.J.Idle fee charging journey: [electrahub-jmeter][idle-fee][001] step=login
2026-07-03 11:02:34,591 INFO o.a.j.p.j.s.J.Idle fee charging journey: [electrahub-jmeter][idle-fee][001] http POST /auth/api/auth/login status=200 elapsedMs=197
2026-07-03 11:02:34,592 INFO o.a.j.p.j.s.J.Idle fee charging journey: [electrahub-jmeter][idle-fee][001] logged in uid=c346821a-9656-4523-81e0-cea6c12f80e3
2026-07-03 11:02:34,593 INFO o.a.j.p.j.s.J.Idle fee charging journey: [electrahub-jmeter][idle-fee][001] step=payment state after terms
2026-07-03 11:02:34,667 INFO o.a.j.p.j.s.J.Idle fee charging journey: [electrahub-jmeter][idle-fee][001] http GET /payment/api/v1/payment/state status=200 elapsedMs=73
2026-07-03 11:02:34,669 INFO o.a.j.p.j.s.J.Idle fee charging journey: [electrahub-jmeter][idle-fee][001] step=add card
2026-07-03 11:02:34,736 INFO o.a.j.p.j.s.J.Idle fee charging journey: [electrahub-jmeter][idle-fee][001] http POST /payment/api/v1/payment/cards status=201 elapsedMs=66
2026-07-03 11:02:34,738 INFO o.a.j.p.j.s.J.Idle fee charging journey: [electrahub-jmeter][idle-fee][001] step=wallet topup
2026-07-03 11:02:34,810 INFO o.a.j.p.j.s.J.Idle fee charging journey: [electrahub-jmeter][idle-fee][001] http POST /payment/api/v1/payment/wallet/topups status=201 elapsedMs=69
2026-07-03 11:02:34,811 INFO o.a.j.p.j.s.J.Idle fee charging journey: [electrahub-jmeter][idle-fee][001] step=payment state after setup
2026-07-03 11:02:34,868 INFO o.a.j.p.j.s.J.Idle fee charging journey: [electrahub-jmeter][idle-fee][001] http GET /payment/api/v1/payment/state status=200 elapsedMs=56
2026-07-03 11:02:34,869 INFO o.a.j.p.j.s.J.Idle fee charging journey: [electrahub-jmeter][idle-fee][001] payment ready wallet=120.00
2026-07-03 11:02:34,871 INFO o.a.j.p.j.s.J.Idle fee charging journey: [electrahub-jmeter][idle-fee][001] step=charger graphql list
2026-07-03 11:02:35,222 INFO o.a.j.p.j.s.J.Idle fee charging journey: [electrahub-jmeter][idle-fee][001] http POST /charger/graphql status=200 elapsedMs=349
2026-07-03 11:02:35,250 INFO o.a.j.p.j.s.J.Idle fee charging journey: [electrahub-jmeter][idle-fee][001] selected available connector EH-US-CHG-0002/CON-US-0002 location=US*EHB*LOC*USA001 candidate=1/73
2026-07-03 11:02:35,252 INFO o.a.j.p.j.s.J.Idle fee charging journey: [electrahub-jmeter][idle-fee][001] step=charger graphql view
2026-07-03 11:02:35,344 INFO o.a.j.p.j.s.J.Idle fee charging journey: [electrahub-jmeter][idle-fee][001] http POST /charger/graphql status=200 elapsedMs=91
2026-07-03 11:02:35,346 INFO o.a.j.p.j.s.J.Idle fee charging journey: [electrahub-jmeter][idle-fee][001] idle fee discovery ok charger=EH-US-CHG-0002/CON-US-0002 rate=2.0 USD
2026-07-03 11:02:35,348 INFO o.a.j.p.j.s.J.Idle fee charging journey: [electrahub-jmeter][idle-fee][001] step=payment state before start
2026-07-03 11:02:35,409 INFO o.a.j.p.j.s.J.Idle fee charging journey: [electrahub-jmeter][idle-fee][001] http GET /payment/api/v1/payment/state status=200 elapsedMs=60
2026-07-03 11:02:35,414 INFO o.a.j.p.j.s.J.Idle fee charging journey: [electrahub-jmeter][idle-fee][001] step=start charging attempt 1
2026-07-03 11:02:36,627 INFO o.a.j.p.j.s.J.Idle fee charging journey: [electrahub-jmeter][idle-fee][001] http POST /session/api/v1/sessions/start status=201 elapsedMs=1211
2026-07-03 11:02:36,628 INFO o.a.j.p.j.s.J.Idle fee charging journey: [electrahub-jmeter][idle-fee][001] started session=6bb05ff9-ba7d-4bcc-a05e-59e76aad369a charger=EH-US-CHG-0002/CON-US-0002 status=PREPARING remote=Accepted attempt=1/73
2026-07-03 11:02:36,629 INFO o.a.j.p.j.s.J.Idle fee charging journey: [electrahub-jmeter][idle-fee][001] step=active sessions
2026-07-03 11:02:37,407 INFO o.a.j.p.j.s.J.Idle fee charging journey: [electrahub-jmeter][idle-fee][001] http GET /session/api/v1/sessions/active status=200 elapsedMs=776
2026-07-03 11:04:40,960 INFO o.a.j.p.j.s.J.Idle fee charging journey: [electrahub-jmeter][idle-fee][001] sse ok connected=1 snapshot=2 updates=51 receipts=0 heartbeats=0
2026-07-03 11:04:40,962 INFO o.a.j.p.j.s.J.Idle fee charging journey: [electrahub-jmeter][idle-fee][001] step=active sessions
2026-07-03 11:04:41,966 INFO o.a.j.p.j.s.J.Idle fee charging journey: [electrahub-jmeter][idle-fee][001] http GET /session/api/v1/sessions/active status=200 elapsedMs=1003
2026-07-03 11:04:41,968 INFO o.a.j.p.j.s.J.Idle fee charging journey: [electrahub-jmeter][idle-fee][001] active session predicate ok idle fee policy snapshot session=6bb05ff9-ba7d-4bcc-a05e-59e76aad369a
2026-07-03 11:04:41,970 INFO o.a.j.p.j.s.J.Idle fee charging journey: [electrahub-jmeter][idle-fee][001] step=simulator meter value
2026-07-03 11:04:45,455 INFO o.a.j.p.j.s.J.Idle fee charging journey: [electrahub-jmeter][idle-fee][001] simulator POST /api/v1/chargers/EH-US-CHG-0002/connectors/1/meter-values/send status=202 elapsedMs=71
2026-07-03 11:04:45,457 INFO o.a.j.p.j.s.J.Idle fee charging journey: [electrahub-jmeter][idle-fee][001] step=stop charging session
2026-07-03 11:04:46,000 INFO o.a.j.p.j.s.J.Idle fee charging journey: [electrahub-jmeter][idle-fee][001] http POST /session/api/v1/sessions/6bb05ff9-ba7d-4bcc-a05e-59e76aad369a/stop status=204 elapsedMs=541
2026-07-03 11:04:46,001 INFO o.a.j.p.j.s.J.Idle fee charging journey: [electrahub-jmeter][idle-fee][001] stop requested session=6bb05ff9-ba7d-4bcc-a05e-59e76aad369a
2026-07-03 11:04:46,003 INFO o.a.j.p.j.s.J.Idle fee charging journey: [electrahub-jmeter][idle-fee][001] step=active sessions
2026-07-03 11:04:47,011 INFO o.a.j.p.j.s.J.Idle fee charging journey: [electrahub-jmeter][idle-fee][001] http GET /session/api/v1/sessions/active status=200 elapsedMs=1007
2026-07-03 11:04:50,013 INFO o.a.j.p.j.s.J.Idle fee charging journey: [electrahub-jmeter][idle-fee][001] step=active sessions
2026-07-03 11:04:51,018 INFO o.a.j.p.j.s.J.Idle fee charging journey: [electrahub-jmeter][idle-fee][001] http GET /session/api/v1/sessions/active status=200 elapsedMs=1004
2026-07-03 11:04:54,020 INFO o.a.j.p.j.s.J.Idle fee charging journey: [electrahub-jmeter][idle-fee][001] step=active sessions
2026-07-03 11:04:55,039 INFO o.a.j.p.j.s.J.Idle fee charging journey: [electrahub-jmeter][idle-fee][001] http GET /session/api/v1/sessions/active status=200 elapsedMs=1017
2026-07-03 11:04:58,041 INFO o.a.j.p.j.s.J.Idle fee charging journey: [electrahub-jmeter][idle-fee][001] step=active sessions
2026-07-03 11:04:59,048 INFO o.a.j.p.j.s.J.Idle fee charging journey: [electrahub-jmeter][idle-fee][001] http GET /session/api/v1/sessions/active status=200 elapsedMs=1006
2026-07-03 11:05:02,049 INFO o.a.j.p.j.s.J.Idle fee charging journey: [electrahub-jmeter][idle-fee][001] step=active sessions
2026-07-03 11:05:03,076 INFO o.a.j.p.j.s.J.Idle fee charging journey: [electrahub-jmeter][idle-fee][001] http GET /session/api/v1/sessions/active status=200 elapsedMs=1026
2026-07-03 11:05:06,077 INFO o.a.j.p.j.s.J.Idle fee charging journey: [electrahub-jmeter][idle-fee][001] step=active sessions
2026-07-03 11:05:07,103 INFO o.a.j.p.j.s.J.Idle fee charging journey: [electrahub-jmeter][idle-fee][001] http GET /session/api/v1/sessions/active status=200 elapsedMs=1025
2026-07-03 11:05:12,907 INFO o.a.j.p.j.s.J.Idle fee charging journey: [electrahub-jmeter][idle-fee][001] step=active sessions
2026-07-03 11:05:13,925 INFO o.a.j.p.j.s.J.Idle fee charging journey: [electrahub-jmeter][idle-fee][001] http GET /session/api/v1/sessions/active status=200 elapsedMs=1016
2026-07-03 11:05:16,926 INFO o.a.j.p.j.s.J.Idle fee charging journey: [electrahub-jmeter][idle-fee][001] step=active sessions
2026-07-03 11:05:17,950 INFO o.a.j.p.j.s.J.Idle fee charging journey: [electrahub-jmeter][idle-fee][001] http GET /session/api/v1/sessions/active status=200 elapsedMs=1023
2026-07-03 11:05:20,951 INFO o.a.j.p.j.s.J.Idle fee charging journey: [electrahub-jmeter][idle-fee][001] step=active sessions
2026-07-03 11:05:21,968 INFO o.a.j.p.j.s.J.Idle fee charging journey: [electrahub-jmeter][idle-fee][001] http GET /session/api/v1/sessions/active status=200 elapsedMs=1016
2026-07-03 11:05:24,969 INFO o.a.j.p.j.s.J.Idle fee charging journey: [electrahub-jmeter][idle-fee][001] step=active sessions
2026-07-03 11:05:25,979 INFO o.a.j.p.j.s.J.Idle fee charging journey: [electrahub-jmeter][idle-fee][001] http GET /session/api/v1/sessions/active status=200 elapsedMs=1009
2026-07-03 11:05:28,981 INFO o.a.j.p.j.s.J.Idle fee charging journey: [electrahub-jmeter][idle-fee][001] step=active sessions
2026-07-03 11:05:29,999 INFO o.a.j.p.j.s.J.Idle fee charging journey: [electrahub-jmeter][idle-fee][001] http GET /session/api/v1/sessions/active status=200 elapsedMs=1017
2026-07-03 11:05:33,002 INFO o.a.j.p.j.s.J.Idle fee charging journey: [electrahub-jmeter][idle-fee][001] step=active sessions
2026-07-03 11:05:34,025 INFO o.a.j.p.j.s.J.Idle fee charging journey: [electrahub-jmeter][idle-fee][001] http GET /session/api/v1/sessions/active status=200 elapsedMs=1020
2026-07-03 11:05:37,027 INFO o.a.j.p.j.s.J.Idle fee charging journey: [electrahub-jmeter][idle-fee][001] step=active sessions
2026-07-03 11:05:38,044 INFO o.a.j.p.j.s.J.Idle fee charging journey: [electrahub-jmeter][idle-fee][001] http GET /session/api/v1/sessions/active status=200 elapsedMs=1015
2026-07-03 11:05:41,045 INFO o.a.j.p.j.s.J.Idle fee charging journey: [electrahub-jmeter][idle-fee][001] step=active sessions
2026-07-03 11:05:44,843 INFO o.a.j.p.j.s.J.Idle fee charging journey: [electrahub-jmeter][idle-fee][001] http GET /session/api/v1/sessions/active status=200 elapsedMs=3797
2026-07-03 11:05:47,850 ERROR o.a.j.p.j.s.J.Idle fee charging journey: [electrahub-jmeter][idle-fee][001] failed
java.lang.IllegalStateException: session 6bb05ff9-ba7d-4bcc-a05e-59e76aad369a did not satisfy remote stop requires unplug; last={"id":"6bb05ff9-ba7d-4bcc-a05e-59e76aad369a","stationId":"b752c03e-17ad-37ac-9946-35444ace8476","stationName":"US*EHB*LOC*USA001","connectorId":"CON-US-0002","connectorType":"CON-US-0002","startedAt":"2026-07-03T11:02:36.279369Z","energyDeliveredKwh":2.244,"currentPowerKw":44.0,"estimatedCost":1.8446,"batteryPercent":null,"estimatedTimeRemainingMin":null,"status":"CHARGING","idleFeeEnabled":true,"idleSeconds":0,"idleFeePerMinute":3.0,"idleFeeAmount":0.0,"idleStartedAt":"-","unplugRequiredToStop":false,"subscriptionDiscountApplied":true,"regularCost":2.3058,"discountedCost":1.8446,"subscriptionDiscountAmount":0.4612,"subscriptionPlanCode":"NEW_USER_20_OFF_500KWH_1Y","subscriptionPlanName":"New Driver 20% Charging Discount","subscriptionQuotaUnit":"KWH","subscriptionQuotaConsumed":2.244,"subscriptionCoveredEnergyKwh":2.244,"subscriptionUncoveredEnergyKwh":0.0,"subscriptionQuotaExhausted":false}
	at java.base/jdk.internal.reflect.NativeConstructorAccessorImpl.newInstance0(Native Method) ~[?:?]
	at java.base/jdk.internal.reflect.NativeConstructorAccessorImpl.newInstance(Unknown Source) ~[?:?]
	at java.base/jdk.internal.reflect.DelegatingConstructorAccessorImpl.newInstance(Unknown Source) ~[?:?]
	at java.base/java.lang.reflect.Constructor.newInstanceWithCaller(Unknown Source) ~[?:?]
	at java.base/java.lang.reflect.Constructor.newInstance(Unknown Source) ~[?:?]
	at org.codehaus.groovy.reflection.CachedConstructor.invoke(CachedConstructor.java:72) ~[groovy-3.0.20.jar:3.0.20]
	at org.codehaus.groovy.reflection.CachedConstructor.doConstructorInvoke(CachedConstructor.java:59) ~[groovy-3.0.20.jar:3.0.20]
	at org.codehaus.groovy.runtime.callsite.ConstructorSite$ConstructorSiteNoUnwrap.callConstructor(ConstructorSite.java:84) ~[groovy-3.0.20.jar:3.0.20]
	at org.codehaus.groovy.runtime.callsite.CallSiteArray.defaultCallConstructor(CallSiteArray.java:59) ~[groovy-3.0.20.jar:3.0.20]
	at org.codehaus.groovy.runtime.callsite.AbstractCallSite.callConstructor(AbstractCallSite.java:263) ~[groovy-3.0.20.jar:3.0.20]
	at org.codehaus.groovy.runtime.callsite.AbstractCallSite.callConstructor(AbstractCallSite.java:277) ~[groovy-3.0.20.jar:3.0.20]
	at Script1$_run_closure19.doCall(Script1.groovy:501) ~[?:?]
	at java.base/jdk.internal.reflect.NativeMethodAccessorImpl.invoke0(Native Method) ~[?:?]
	at java.base/jdk.internal.reflect.NativeMethodAccessorImpl.invoke(Unknown Source) ~[?:?]
	at java.base/jdk.internal.reflect.DelegatingMethodAccessorImpl.invoke(Unknown Source) ~[?:?]
	at java.base/java.lang.reflect.Method.invoke(Unknown Source) ~[?:?]
	at org.codehaus.groovy.reflection.CachedMethod.invoke(CachedMethod.java:107) ~[groovy-3.0.20.jar:3.0.20]
	at groovy.lang.MetaMethod.doMethodInvoke(MetaMethod.java:323) ~[groovy-3.0.20.jar:3.0.20]
	at org.codehaus.groovy.runtime.metaclass.ClosureMetaClass.invokeMethod(ClosureMetaClass.java:274) ~[groovy-3.0.20.jar:3.0.20]
	at groovy.lang.MetaClassImpl.invokeMethod(MetaClassImpl.java:1030) ~[groovy-3.0.20.jar:3.0.20]
	at org.codehaus.groovy.runtime.callsite.PogoMetaClassSite.call(PogoMetaClassSite.java:38) ~[groovy-3.0.20.jar:3.0.20]
	at org.codehaus.groovy.runtime.callsite.CallSiteArray.defaultCall(CallSiteArray.java:47) ~[groovy-3.0.20.jar:3.0.20]
	at org.codehaus.groovy.runtime.callsite.AbstractCallSite.call(AbstractCallSite.java:125) ~[groovy-3.0.20.jar:3.0.20]
	at Script1$_run_closure27.doCall(Script1.groovy:675) ~[?:?]
	at java.base/jdk.internal.reflect.NativeMethodAccessorImpl.invoke0(Native Method) ~[?:?]
	at java.base/jdk.internal.reflect.NativeMethodAccessorImpl.invoke(Unknown Source) ~[?:?]
	at java.base/jdk.internal.reflect.DelegatingMethodAccessorImpl.invoke(Unknown Source) ~[?:?]
	at java.base/java.lang.reflect.Method.invoke(Unknown Source) ~[?:?]
	at org.codehaus.groovy.reflection.CachedMethod.invoke(CachedMethod.java:107) ~[groovy-3.0.20.jar:3.0.20]
	at groovy.lang.MetaMethod.doMethodInvoke(MetaMethod.java:323) ~[groovy-3.0.20.jar:3.0.20]
	at org.codehaus.groovy.runtime.metaclass.ClosureMetaClass.invokeMethod(ClosureMetaClass.java:274) ~[groovy-3.0.20.jar:3.0.20]
	at groovy.lang.MetaClassImpl.invokeMethod(MetaClassImpl.java:1030) ~[groovy-3.0.20.jar:3.0.20]
	at org.codehaus.groovy.runtime.callsite.PogoMetaClassSite.call(PogoMetaClassSite.java:38) ~[groovy-3.0.20.jar:3.0.20]
	at org.codehaus.groovy.runtime.callsite.CallSiteArray.defaultCall(CallSiteArray.java:47) [groovy-3.0.20.jar:3.0.20]
	at org.codehaus.groovy.runtime.callsite.AbstractCallSite.call(AbstractCallSite.java:125) [groovy-3.0.20.jar:3.0.20]
	at org.codehaus.groovy.runtime.callsite.AbstractCallSite.call(AbstractCallSite.java:148) [groovy-3.0.20.jar:3.0.20]
	at Script1.run(Script1.groovy:725) [script:?]
	at org.codehaus.groovy.jsr223.GroovyScriptEngineImpl.eval(GroovyScriptEngineImpl.java:317) [groovy-jsr223-3.0.20.jar:3.0.20]
	at org.codehaus.groovy.jsr223.GroovyCompiledScript.eval(GroovyCompiledScript.java:71) [groovy-jsr223-3.0.20.jar:3.0.20]
	at java.scripting/javax.script.CompiledScript.eval(Unknown Source) [java.scripting:?]
	at org.apache.jmeter.util.JSR223TestElement.processFileOrScript(JSR223TestElement.java:216) [ApacheJMeter_core.jar:5.6.3]
	at org.apache.jmeter.protocol.java.sampler.JSR223Sampler.sample(JSR223Sampler.java:72) [ApacheJMeter_java.jar:5.6.3]
	at org.apache.jmeter.threads.JMeterThread.doSampling(JMeterThread.java:651) [ApacheJMeter_core.jar:5.6.3]
	at org.apache.jmeter.threads.JMeterThread.executeSamplePackage(JMeterThread.java:570) [ApacheJMeter_core.jar:5.6.3]
	at org.apache.jmeter.threads.JMeterThread.processSampler(JMeterThread.java:501) [ApacheJMeter_core.jar:5.6.3]
	at org.apache.jmeter.threads.JMeterThread.run(JMeterThread.java:268) [ApacheJMeter_core.jar:5.6.3]
	at java.base/java.lang.Thread.run(Unknown Source) [?:?]
2026-07-03 11:05:47,856 ERROR o.a.j.p.j.s.JSR223Sampler: Problem in JSR223 script Idle fee charging journey, message: javax.script.ScriptException: java.lang.IllegalStateException: session 6bb05ff9-ba7d-4bcc-a05e-59e76aad369a did not satisfy remote stop requires unplug; last={"id":"6bb05ff9-ba7d-4bcc-a05e-59e76aad369a","stationId":"b752c03e-17ad-37ac-9946-35444ace8476","stationName":"US*EHB*LOC*USA001","connectorId":"CON-US-0002","connectorType":"CON-US-0002","startedAt":"2026-07-03T11:02:36.279369Z","energyDeliveredKwh":2.244,"currentPowerKw":44.0,"estimatedCost":1.8446,"batteryPercent":null,"estimatedTimeRemainingMin":null,"status":"CHARGING","idleFeeEnabled":true,"idleSeconds":0,"idleFeePerMinute":3.0,"idleFeeAmount":0.0,"idleStartedAt":"-","unplugRequiredToStop":false,"subscriptionDiscountApplied":true,"regularCost":2.3058,"discountedCost":1.8446,"subscriptionDiscountAmount":0.4612,"subscriptionPlanCode":"NEW_USER_20_OFF_500KWH_1Y","subscriptionPlanName":"New Driver 20% Charging Discount","subscriptionQuotaUnit":"KWH","subscriptionQuotaConsumed":2.244,"subscriptionCoveredEnergyKwh":2.244,"subscriptionUncoveredEnergyKwh":0.0,"subscriptionQuotaExhausted":false}
javax.script.ScriptException: java.lang.IllegalStateException: session 6bb05ff9-ba7d-4bcc-a05e-59e76aad369a did not satisfy remote stop requires unplug; last={"id":"6bb05ff9-ba7d-4bcc-a05e-59e76aad369a","stationId":"b752c03e-17ad-37ac-9946-35444ace8476","stationName":"US*EHB*LOC*USA001","connectorId":"CON-US-0002","connectorType":"CON-US-0002","startedAt":"2026-07-03T11:02:36.279369Z","energyDeliveredKwh":2.244,"currentPowerKw":44.0,"estimatedCost":1.8446,"batteryPercent":null,"estimatedTimeRemainingMin":null,"status":"CHARGING","idleFeeEnabled":true,"idleSeconds":0,"idleFeePerMinute":3.0,"idleFeeAmount":0.0,"idleStartedAt":"-","unplugRequiredToStop":false,"subscriptionDiscountApplied":true,"regularCost":2.3058,"discountedCost":1.8446,"subscriptionDiscountAmount":0.4612,"subscriptionPlanCode":"NEW_USER_20_OFF_500KWH_1Y","subscriptionPlanName":"New Driver 20% Charging Discount","subscriptionQuotaUnit":"KWH","subscriptionQuotaConsumed":2.244,"subscriptionCoveredEnergyKwh":2.244,"subscriptionUncoveredEnergyKwh":0.0,"subscriptionQuotaExhausted":false}
	at org.codehaus.groovy.jsr223.GroovyScriptEngineImpl.eval(GroovyScriptEngineImpl.java:320) ~[groovy-jsr223-3.0.20.jar:3.0.20]
	at org.codehaus.groovy.jsr223.GroovyCompiledScript.eval(GroovyCompiledScript.java:71) ~[groovy-jsr223-3.0.20.jar:3.0.20]
	at java.scripting/javax.script.CompiledScript.eval(Unknown Source) ~[java.scripting:?]
	at org.apache.jmeter.util.JSR223TestElement.processFileOrScript(JSR223TestElement.java:216) ~[ApacheJMeter_core.jar:5.6.3]
	at org.apache.jmeter.protocol.java.sampler.JSR223Sampler.sample(JSR223Sampler.java:72) [ApacheJMeter_java.jar:5.6.3]
	at org.apache.jmeter.threads.JMeterThread.doSampling(JMeterThread.java:651) [ApacheJMeter_core.jar:5.6.3]
	at org.apache.jmeter.threads.JMeterThread.executeSamplePackage(JMeterThread.java:570) [ApacheJMeter_core.jar:5.6.3]
	at org.apache.jmeter.threads.JMeterThread.processSampler(JMeterThread.java:501) [ApacheJMeter_core.jar:5.6.3]
	at org.apache.jmeter.threads.JMeterThread.run(JMeterThread.java:268) [ApacheJMeter_core.jar:5.6.3]
	at java.base/java.lang.Thread.run(Unknown Source) [?:?]
Caused by: java.lang.IllegalStateException: session 6bb05ff9-ba7d-4bcc-a05e-59e76aad369a did not satisfy remote stop requires unplug; last={"id":"6bb05ff9-ba7d-4bcc-a05e-59e76aad369a","stationId":"b752c03e-17ad-37ac-9946-35444ace8476","stationName":"US*EHB*LOC*USA001","connectorId":"CON-US-0002","connectorType":"CON-US-0002","startedAt":"2026-07-03T11:02:36.279369Z","energyDeliveredKwh":2.244,"currentPowerKw":44.0,"estimatedCost":1.8446,"batteryPercent":null,"estimatedTimeRemainingMin":null,"status":"CHARGING","idleFeeEnabled":true,"idleSeconds":0,"idleFeePerMinute":3.0,"idleFeeAmount":0.0,"idleStartedAt":"-","unplugRequiredToStop":false,"subscriptionDiscountApplied":true,"regularCost":2.3058,"discountedCost":1.8446,"subscriptionDiscountAmount":0.4612,"subscriptionPlanCode":"NEW_USER_20_OFF_500KWH_1Y","subscriptionPlanName":"New Driver 20% Charging Discount","subscriptionQuotaUnit":"KWH","subscriptionQuotaConsumed":2.244,"subscriptionCoveredEnergyKwh":2.244,"subscriptionUncoveredEnergyKwh":0.0,"subscriptionQuotaExhausted":false}
	at java.base/jdk.internal.reflect.NativeConstructorAccessorImpl.newInstance0(Native Method) ~[?:?]
	at java.base/jdk.internal.reflect.NativeConstructorAccessorImpl.newInstance(Unknown Source) ~[?:?]
	at java.base/jdk.internal.reflect.DelegatingConstructorAccessorImpl.newInstance(Unknown Source) ~[?:?]
	at java.base/java.lang.reflect.Constructor.newInstanceWithCaller(Unknown Source) ~[?:?]
	at java.base/java.lang.reflect.Constructor.newInstance(Unknown Source) ~[?:?]
	at org.codehaus.groovy.reflection.CachedConstructor.invoke(CachedConstructor.java:72) ~[groovy-3.0.20.jar:3.0.20]
	at org.codehaus.groovy.reflection.CachedConstructor.doConstructorInvoke(CachedConstructor.java:59) ~[groovy-3.0.20.jar:3.0.20]
	at org.codehaus.groovy.runtime.callsite.ConstructorSite$ConstructorSiteNoUnwrap.callConstructor(ConstructorSite.java:84) ~[groovy-3.0.20.jar:3.0.20]
	at org.codehaus.groovy.runtime.callsite.CallSiteArray.defaultCallConstructor(CallSiteArray.java:59) ~[groovy-3.0.20.jar:3.0.20]
	at org.codehaus.groovy.runtime.callsite.AbstractCallSite.callConstructor(AbstractCallSite.java:263) ~[groovy-3.0.20.jar:3.0.20]
	at org.codehaus.groovy.runtime.callsite.AbstractCallSite.callConstructor(AbstractCallSite.java:277) ~[groovy-3.0.20.jar:3.0.20]
	at Script1$_run_closure19.doCall(Script1.groovy:501) ~[?:?]
	at java.base/jdk.internal.reflect.NativeMethodAccessorImpl.invoke0(Native Method) ~[?:?]
	at java.base/jdk.internal.reflect.NativeMethodAccessorImpl.invoke(Unknown Source) ~[?:?]
	at java.base/jdk.internal.reflect.DelegatingMethodAccessorImpl.invoke(Unknown Source) ~[?:?]
	at java.base/java.lang.reflect.Method.invoke(Unknown Source) ~[?:?]
	at org.codehaus.groovy.reflection.CachedMethod.invoke(CachedMethod.java:107) ~[groovy-3.0.20.jar:3.0.20]
	at groovy.lang.MetaMethod.doMethodInvoke(MetaMethod.java:323) ~[groovy-3.0.20.jar:3.0.20]
	at org.codehaus.groovy.runtime.metaclass.ClosureMetaClass.invokeMethod(ClosureMetaClass.java:274) ~[groovy-3.0.20.jar:3.0.20]
	at groovy.lang.MetaClassImpl.invokeMethod(MetaClassImpl.java:1030) ~[groovy-3.0.20.jar:3.0.20]
	at org.codehaus.groovy.runtime.callsite.PogoMetaClassSite.call(PogoMetaClassSite.java:38) ~[groovy-3.0.20.jar:3.0.20]
	at org.codehaus.groovy.runtime.callsite.CallSiteArray.defaultCall(CallSiteArray.java:47) ~[groovy-3.0.20.jar:3.0.20]
	at org.codehaus.groovy.runtime.callsite.AbstractCallSite.call(AbstractCallSite.java:125) ~[groovy-3.0.20.jar:3.0.20]
	at Script1$_run_closure27.doCall(Script1.groovy:675) ~[?:?]
	at java.base/jdk.internal.reflect.NativeMethodAccessorImpl.invoke0(Native Method) ~[?:?]
	at java.base/jdk.internal.reflect.NativeMethodAccessorImpl.invoke(Unknown Source) ~[?:?]
	at java.base/jdk.internal.reflect.DelegatingMethodAccessorImpl.invoke(Unknown Source) ~[?:?]
	at java.base/java.lang.reflect.Method.invoke(Unknown Source) ~[?:?]
	at org.codehaus.groovy.reflection.CachedMethod.invoke(CachedMethod.java:107) ~[groovy-3.0.20.jar:3.0.20]
	at groovy.lang.MetaMethod.doMethodInvoke(MetaMethod.java:323) ~[groovy-3.0.20.jar:3.0.20]
	at org.codehaus.groovy.runtime.metaclass.ClosureMetaClass.invokeMethod(ClosureMetaClass.java:274) ~[groovy-3.0.20.jar:3.0.20]
	at groovy.lang.MetaClassImpl.invokeMethod(MetaClassImpl.java:1030) ~[groovy-3.0.20.jar:3.0.20]
	at org.codehaus.groovy.runtime.callsite.PogoMetaClassSite.call(PogoMetaClassSite.java:38) ~[groovy-3.0.20.jar:3.0.20]
	at org.codehaus.groovy.runtime.callsite.CallSiteArray.defaultCall(CallSiteArray.java:47) ~[groovy-3.0.20.jar:3.0.20]
	at org.codehaus.groovy.runtime.callsite.AbstractCallSite.call(AbstractCallSite.java:125) ~[groovy-3.0.20.jar:3.0.20]
	at org.codehaus.groovy.runtime.callsite.AbstractCallSite.call(AbstractCallSite.java:148) ~[groovy-3.0.20.jar:3.0.20]
	at Script1.run(Script1.groovy:725) ~[?:?]
	at org.codehaus.groovy.jsr223.GroovyScriptEngineImpl.eval(GroovyScriptEngineImpl.java:317) ~[groovy-jsr223-3.0.20.jar:3.0.20]
	... 9 more
2026-07-03 11:05:47,860 INFO o.a.j.t.JMeterThread: Shutdown Test detected by thread: Idle-fee driver journeys 1-1
2026-07-03 11:05:47,862 INFO o.a.j.t.JMeterThread: Thread is done: Idle-fee driver journeys 1-1
2026-07-03 11:05:47,862 INFO o.a.j.t.JMeterThread: Stopping: Idle-fee driver journeys 1-1
2026-07-03 11:05:47,863 INFO o.a.j.t.JMeterThread: Thread finished: Idle-fee driver journeys 1-1
2026-07-03 11:05:47,864 INFO o.a.j.e.StandardJMeterEngine: Notifying test listeners of end of test
2026-07-03 11:05:47,865 INFO o.a.j.s.FileServer: Close: scripts/jmeter/data/connectors-100.csv
2026-07-03 11:05:47,871 INFO o.a.j.r.Summariser: summary =      1 in 00:03:16 =    0.0/s Avg: 179085 Min: 179085 Max: 179085 Err:     1 (100.00%)
