2026-07-02 01:16:31,935 INFO o.a.j.u.JMeterUtils: Setting Locale to en_EN
2026-07-02 01:16:31,971 INFO o.a.j.JMeter: Loading user properties from: /opt/apache-jmeter-5.6.3/bin/user.properties
2026-07-02 01:16:31,972 INFO o.a.j.JMeter: Loading system properties from: /opt/apache-jmeter-5.6.3/bin/system.properties
2026-07-02 01:16:31,973 INFO o.a.j.JMeter: Setting JMeter property: base_url=https://api.electrahub.net
2026-07-02 01:16:31,974 INFO o.a.j.JMeter: Setting JMeter property: users=5
2026-07-02 01:16:31,974 INFO o.a.j.JMeter: Setting JMeter property: ramp_seconds=60
2026-07-02 01:16:31,975 INFO o.a.j.JMeter: Setting JMeter property: hold_seconds=60
2026-07-02 01:16:31,977 INFO o.a.j.JMeter: Setting JMeter property: sse_seconds=30
2026-07-02 01:16:31,978 INFO o.a.j.JMeter: Setting JMeter property: dynamic_connector_selection=true
2026-07-02 01:16:31,979 INFO o.a.j.JMeter: Setting JMeter property: run_id=redis-smoke-5-tag29
2026-07-02 01:16:31,988 INFO o.a.j.JMeter: Copyright (c) 1998-2024 The Apache Software Foundation
2026-07-02 01:16:31,989 INFO o.a.j.JMeter: Version 5.6.3
2026-07-02 01:16:31,990 INFO o.a.j.JMeter: java.version=17.0.19
2026-07-02 01:16:31,991 INFO o.a.j.JMeter: java.vm.name=OpenJDK 64-Bit Server VM
2026-07-02 01:16:31,992 INFO o.a.j.JMeter: os.name=Linux
2026-07-02 01:16:31,992 INFO o.a.j.JMeter: os.arch=amd64
2026-07-02 01:16:31,993 INFO o.a.j.JMeter: os.version=6.18.33.1-microsoft-standard-WSL2
2026-07-02 01:16:31,994 INFO o.a.j.JMeter: file.encoding=UTF-8
2026-07-02 01:16:31,995 INFO o.a.j.JMeter: java.awt.headless=true
2026-07-02 01:16:31,997 INFO o.a.j.JMeter: Max memory     =1073741824
2026-07-02 01:16:31,999 INFO o.a.j.JMeter: Available Processors =16
2026-07-02 01:16:32,009 INFO o.a.j.JMeter: Default Locale=English (EN)
2026-07-02 01:16:32,010 INFO o.a.j.JMeter: JMeter  Locale=English (EN)
2026-07-02 01:16:32,014 INFO o.a.j.JMeter: JMeterHome=/opt/apache-jmeter-5.6.3
2026-07-02 01:16:32,017 INFO o.a.j.JMeter: user.dir  =/work
2026-07-02 01:16:32,021 INFO o.a.j.JMeter: PWD       =/work
2026-07-02 01:16:32,023 INFO o.a.j.JMeter: IP: 172.17.0.35 Name: da7ee9c773b5 FullName: da7ee9c773b5
2026-07-02 01:16:32,052 INFO o.a.j.JMeter: Setting property 'jmeter.reportgenerator.outputdir' to:'/work/outputs/jmeter/prod-redis-smoke-5-tag29/report'
2026-07-02 01:16:32,069 INFO o.a.j.s.FileServer: Default base='/work'
2026-07-02 01:16:32,079 INFO o.a.j.s.FileServer: Set new base='/work/scripts/jmeter'
2026-07-02 01:16:32,304 INFO o.a.j.s.SaveService: Testplan (JMX) version: 2.2. Testlog (JTL) version: 2.2
2026-07-02 01:16:32,334 INFO o.a.j.s.SaveService: Using SaveService properties version 5.0
2026-07-02 01:16:32,338 INFO o.a.j.s.SaveService: Using SaveService properties file encoding UTF-8
2026-07-02 01:16:32,345 INFO o.a.j.s.SaveService: Loading file: scripts/jmeter/03-full-e2e-charging-100-users.jmx
2026-07-02 01:16:32,428 INFO o.a.j.JMeter: Creating summariser <summary>
2026-07-02 01:16:32,440 INFO o.a.j.r.d.ReportGenerator: ReportGenerator will use for Parsing the separator: ','
2026-07-02 01:16:32,443 INFO o.a.j.r.d.ReportGenerator: Will generate report at end of test from  results file: outputs/jmeter/prod-redis-smoke-5-tag29/results.jtl
2026-07-02 01:16:32,443 INFO o.a.j.r.d.ReportGenerator: Reading report generator properties from: /opt/apache-jmeter-5.6.3/bin/reportgenerator.properties
2026-07-02 01:16:32,444 INFO o.a.j.r.d.ReportGenerator: Merging with JMeter properties
2026-07-02 01:16:32,450 INFO o.a.j.r.c.ReportGeneratorConfiguration: Property 'jmeter.reportgenerator.temp_dir' not found, using default value 'temp' instead.
2026-07-02 01:16:32,453 INFO o.a.j.r.c.ReportGeneratorConfiguration: Property 'jmeter.reportgenerator.apdex_per_transaction' not found, using default value 'null' instead.
2026-07-02 01:16:32,465 INFO o.a.j.r.c.ReportGeneratorConfiguration: apdex_per_transaction is empty, not APDEX per transaction customization
2026-07-02 01:16:32,466 INFO o.a.j.r.c.ReportGeneratorConfiguration: Property 'jmeter.reportgenerator.sample_filter' not found, using default value 'null' instead.
2026-07-02 01:16:32,467 INFO o.a.j.r.c.ReportGeneratorConfiguration: Property 'jmeter.reportgenerator.report_title' not found, using default value 'null' instead.
2026-07-02 01:16:32,467 INFO o.a.j.r.c.ReportGeneratorConfiguration: Property 'jmeter.reportgenerator.start_date' not found, using default value 'null' instead.
2026-07-02 01:16:32,469 INFO o.a.j.r.c.ReportGeneratorConfiguration: Property 'jmeter.reportgenerator.end_date' not found, using default value 'null' instead.
2026-07-02 01:16:32,470 INFO o.a.j.r.c.ReportGeneratorConfiguration: Property 'jmeter.reportgenerator.date_format' not found, using default value 'null' instead.
2026-07-02 01:16:32,471 INFO o.a.j.r.c.ReportGeneratorConfiguration: Will use date range start date: null, end date: null
2026-07-02 01:16:32,476 INFO o.a.j.r.c.ReportGeneratorConfiguration: Property 'jmeter.reportgenerator.graph.totalTPS.exclude_controllers' not found, using default value 'false' instead.
2026-07-02 01:16:32,477 INFO o.a.j.r.c.ReportGeneratorConfiguration: Property 'jmeter.reportgenerator.graph.activeThreadsOverTime.exclude_controllers' not found, using default value 'false' instead.
2026-07-02 01:16:32,478 INFO o.a.j.r.c.ReportGeneratorConfiguration: Property 'jmeter.reportgenerator.graph.timeVsThreads.exclude_controllers' not found, using default value 'false' instead.
2026-07-02 01:16:32,479 INFO o.a.j.r.c.ReportGeneratorConfiguration: Property 'jmeter.reportgenerator.graph.responseTimeDistribution.exclude_controllers' not found, using default value 'false' instead.
2026-07-02 01:16:32,480 INFO o.a.j.r.c.ReportGeneratorConfiguration: Property 'jmeter.reportgenerator.graph.transactionsPerSecond.exclude_controllers' not found, using default value 'false' instead.
2026-07-02 01:16:32,481 INFO o.a.j.r.c.ReportGeneratorConfiguration: Property 'jmeter.reportgenerator.graph.responseTimePercentiles.exclude_controllers' not found, using default value 'false' instead.
2026-07-02 01:16:32,481 INFO o.a.j.r.c.ReportGeneratorConfiguration: Property 'jmeter.reportgenerator.graph.responseTimePercentilesOverTime.exclude_controllers' not found, using default value 'false' instead.
2026-07-02 01:16:32,482 INFO o.a.j.r.c.ReportGeneratorConfiguration: Property 'jmeter.reportgenerator.graph.responseTimesOverTime.exclude_controllers' not found, using default value 'false' instead.
2026-07-02 01:16:32,483 INFO o.a.j.r.c.ReportGeneratorConfiguration: Property 'jmeter.reportgenerator.graph.connectTimeOverTime.exclude_controllers' not found, using default value 'false' instead.
2026-07-02 01:16:32,484 INFO o.a.j.r.c.ReportGeneratorConfiguration: Property 'jmeter.reportgenerator.graph.latenciesOverTime.exclude_controllers' not found, using default value 'false' instead.
2026-07-02 01:16:32,486 INFO o.a.j.r.c.ReportGeneratorConfiguration: Property 'jmeter.reportgenerator.exporter.json.filters_only_sample_series' not found, using default value 'true' instead.
2026-07-02 01:16:32,487 INFO o.a.j.r.c.ReportGeneratorConfiguration: Property 'jmeter.reportgenerator.exporter.json.series_filter' not found, using default value '' instead.
2026-07-02 01:16:32,488 INFO o.a.j.r.c.ReportGeneratorConfiguration: Property 'jmeter.reportgenerator.exporter.json.show_controllers_only' not found, using default value 'false' instead.
2026-07-02 01:16:32,489 INFO o.a.j.r.c.ReportGeneratorConfiguration: Property 'jmeter.reportgenerator.exporter.html.filters_only_sample_series' not found, using default value 'true' instead.
2026-07-02 01:16:32,490 INFO o.a.j.r.c.ReportGeneratorConfiguration: Property 'jmeter.reportgenerator.exporter.html.series_filter' not found, using default value '' instead.
2026-07-02 01:16:32,490 INFO o.a.j.r.c.ReportGeneratorConfiguration: Property 'jmeter.reportgenerator.exporter.html.show_controllers_only' not found, using default value 'false' instead.
2026-07-02 01:16:32,510 INFO o.a.j.e.StandardJMeterEngine: Running the test!
2026-07-02 01:16:32,512 INFO o.a.j.s.SampleEvent: List of sample_variables: []
2026-07-02 01:16:32,512 INFO o.a.j.s.SampleEvent: List of sample_variables: []
2026-07-02 01:16:32,517 INFO o.a.j.e.u.CompoundVariable: Note: Function class names must contain the string: '.functions.'
2026-07-02 01:16:32,518 INFO o.a.j.e.u.CompoundVariable: Note: Function class names must not contain the string: '.gui.'
2026-07-02 01:16:32,836 INFO o.a.j.JMeter: Running test (1782954992836)
2026-07-02 01:16:32,863 INFO o.a.j.e.StandardJMeterEngine: Starting ThreadGroup: 1 : 100 driver charging journeys
2026-07-02 01:16:32,865 INFO o.a.j.e.StandardJMeterEngine: Starting 5 threads for group 100 driver charging journeys.
2026-07-02 01:16:32,866 INFO o.a.j.e.StandardJMeterEngine: Thread will continue on error
2026-07-02 01:16:32,867 INFO o.a.j.t.ThreadGroup: Starting thread group... number=1 threads=5 ramp-up=60 delayedStart=false
2026-07-02 01:16:32,875 INFO o.a.j.t.ThreadGroup: Started thread group number 1
2026-07-02 01:16:32,876 INFO o.a.j.e.StandardJMeterEngine: All thread groups have been started
2026-07-02 01:16:32,881 INFO o.a.j.t.JMeterThread: Thread started: 100 driver charging journeys 1-1
2026-07-02 01:16:32,884 INFO o.a.j.s.FileServer: Stored: scripts/jmeter/data/connectors-100.csv
2026-07-02 01:16:32,940 INFO o.a.j.s.SampleResult: Note: Sample TimeStamps are START times
2026-07-02 01:16:32,945 INFO o.a.j.s.SampleResult: sampleresult.default.encoding is set to UTF-8
2026-07-02 01:16:32,947 INFO o.a.j.s.SampleResult: sampleresult.useNanoTime=true
2026-07-02 01:16:32,949 INFO o.a.j.s.SampleResult: sampleresult.nanoThreadSleep=5000
2026-07-02 01:16:34,690 INFO o.a.j.p.j.s.J.Full charging journey with SSE: [electrahub-jmeter][full][001] step=register
2026-07-02 01:16:35,238 INFO o.a.j.p.j.s.J.Full charging journey with SSE: [electrahub-jmeter][full][001] http POST /auth/api/auth/register status=200 elapsedMs=268
2026-07-02 01:16:35,254 INFO o.a.j.p.j.s.J.Full charging journey with SSE: [electrahub-jmeter][full][001] registered uid=8e472ead-399f-4c2b-93e3-a3243c600ee9
2026-07-02 01:16:35,284 INFO o.a.j.p.j.s.J.Full charging journey with SSE: [electrahub-jmeter][full][001] step=payment state before setup
2026-07-02 01:16:35,409 INFO o.a.j.p.j.s.J.Full charging journey with SSE: [electrahub-jmeter][full][001] http GET /payment/api/v1/payment/state status=451 elapsedMs=123
2026-07-02 01:16:35,411 INFO o.a.j.p.j.s.J.Full charging journey with SSE: [electrahub-jmeter][full][001] step=accept terms
2026-07-02 01:16:35,474 INFO o.a.j.p.j.s.J.Full charging journey with SSE: [electrahub-jmeter][full][001] http POST /auth/api/terms/accept status=201 elapsedMs=61
2026-07-02 01:16:35,483 INFO o.a.j.p.j.s.J.Full charging journey with SSE: [electrahub-jmeter][full][001] accepted terms; refreshing token through login
2026-07-02 01:16:35,484 INFO o.a.j.p.j.s.J.Full charging journey with SSE: [electrahub-jmeter][full][001] step=login
2026-07-02 01:16:35,643 INFO o.a.j.p.j.s.J.Full charging journey with SSE: [electrahub-jmeter][full][001] http POST /auth/api/auth/login status=200 elapsedMs=158
2026-07-02 01:16:35,645 INFO o.a.j.p.j.s.J.Full charging journey with SSE: [electrahub-jmeter][full][001] logged in uid=8e472ead-399f-4c2b-93e3-a3243c600ee9
2026-07-02 01:16:35,646 INFO o.a.j.p.j.s.J.Full charging journey with SSE: [electrahub-jmeter][full][001] step=payment state after terms
2026-07-02 01:16:35,716 INFO o.a.j.p.j.s.J.Full charging journey with SSE: [electrahub-jmeter][full][001] http GET /payment/api/v1/payment/state status=200 elapsedMs=69
2026-07-02 01:16:35,717 INFO o.a.j.p.j.s.J.Full charging journey with SSE: [electrahub-jmeter][full][001] step=add card
2026-07-02 01:16:35,778 INFO o.a.j.p.j.s.J.Full charging journey with SSE: [electrahub-jmeter][full][001] http POST /payment/api/v1/payment/cards status=201 elapsedMs=59
2026-07-02 01:16:35,780 INFO o.a.j.p.j.s.J.Full charging journey with SSE: [electrahub-jmeter][full][001] step=wallet topup
2026-07-02 01:16:35,857 INFO o.a.j.p.j.s.J.Full charging journey with SSE: [electrahub-jmeter][full][001] http POST /payment/api/v1/payment/wallet/topups status=201 elapsedMs=75
2026-07-02 01:16:35,858 INFO o.a.j.p.j.s.J.Full charging journey with SSE: [electrahub-jmeter][full][001] step=payment state after setup
2026-07-02 01:16:35,919 INFO o.a.j.p.j.s.J.Full charging journey with SSE: [electrahub-jmeter][full][001] http GET /payment/api/v1/payment/state status=200 elapsedMs=60
2026-07-02 01:16:35,920 INFO o.a.j.p.j.s.J.Full charging journey with SSE: [electrahub-jmeter][full][001] payment ready wallet=120.00
2026-07-02 01:16:35,922 INFO o.a.j.p.j.s.J.Full charging journey with SSE: [electrahub-jmeter][full][001] step=charger graphql list
2026-07-02 01:16:36,047 INFO o.a.j.p.j.s.J.Full charging journey with SSE: [electrahub-jmeter][full][001] http POST /charger/graphql status=200 elapsedMs=124
2026-07-02 01:16:36,062 INFO o.a.j.p.j.s.J.Full charging journey with SSE: [electrahub-jmeter][full][001] dynamic connector selection found no available connector; using CSV connector
2026-07-02 01:16:36,063 INFO o.a.j.p.j.s.J.Full charging journey with SSE: [electrahub-jmeter][full][001] step=charger graphql view
2026-07-02 01:16:36,141 INFO o.a.j.p.j.s.J.Full charging journey with SSE: [electrahub-jmeter][full][001] http POST /charger/graphql status=200 elapsedMs=76
2026-07-02 01:16:36,143 INFO o.a.j.p.j.s.J.Full charging journey with SSE: [electrahub-jmeter][full][001] step=payment state before start
2026-07-02 01:16:36,197 INFO o.a.j.p.j.s.J.Full charging journey with SSE: [electrahub-jmeter][full][001] http GET /payment/api/v1/payment/state status=200 elapsedMs=53
2026-07-02 01:16:36,222 INFO o.a.j.p.j.s.J.Full charging journey with SSE: [electrahub-jmeter][full][001] using connector csv fallback attempts=100 startIndex=1/100
2026-07-02 01:16:36,226 INFO o.a.j.p.j.s.J.Full charging journey with SSE: [electrahub-jmeter][full][001] step=start charging attempt 1
2026-07-02 01:16:37,656 INFO o.a.j.p.j.s.J.Full charging journey with SSE: [electrahub-jmeter][full][001] http POST /session/api/v1/sessions/start status=201 elapsedMs=1429
2026-07-02 01:16:37,657 INFO o.a.j.p.j.s.J.Full charging journey with SSE: [electrahub-jmeter][full][001] started session=2f02954a-dc16-40d8-94f1-4e61084e57f2 charger=EH-US-CHG-0001/CON-US-0001 status=PREPARING remote=Accepted attempt=1/100
2026-07-02 01:16:37,658 INFO o.a.j.p.j.s.J.Full charging journey with SSE: [electrahub-jmeter][full][001] step=active sessions
2026-07-02 01:16:38,254 INFO o.a.j.p.j.s.J.Full charging journey with SSE: [electrahub-jmeter][full][001] http GET /session/api/v1/sessions/active status=200 elapsedMs=595
2026-07-02 01:16:44,877 INFO o.a.j.t.JMeterThread: Thread started: 100 driver charging journeys 1-2
2026-07-02 01:16:44,884 INFO o.a.j.p.j.s.J.Full charging journey with SSE: [electrahub-jmeter][full][002] step=register
2026-07-02 01:16:45,129 INFO o.a.j.p.j.s.J.Full charging journey with SSE: [electrahub-jmeter][full][002] http POST /auth/api/auth/register status=200 elapsedMs=199
2026-07-02 01:16:45,130 INFO o.a.j.p.j.s.J.Full charging journey with SSE: [electrahub-jmeter][full][002] registered uid=ccefe8d9-0706-4ac0-af40-18db0de74550
2026-07-02 01:16:45,139 INFO o.a.j.p.j.s.J.Full charging journey with SSE: [electrahub-jmeter][full][002] step=payment state before setup
2026-07-02 01:16:45,194 INFO o.a.j.p.j.s.J.Full charging journey with SSE: [electrahub-jmeter][full][002] http GET /payment/api/v1/payment/state status=451 elapsedMs=54
2026-07-02 01:16:45,195 INFO o.a.j.p.j.s.J.Full charging journey with SSE: [electrahub-jmeter][full][002] step=accept terms
2026-07-02 01:16:45,255 INFO o.a.j.p.j.s.J.Full charging journey with SSE: [electrahub-jmeter][full][002] http POST /auth/api/terms/accept status=201 elapsedMs=59
2026-07-02 01:16:45,257 INFO o.a.j.p.j.s.J.Full charging journey with SSE: [electrahub-jmeter][full][002] accepted terms; refreshing token through login
2026-07-02 01:16:45,258 INFO o.a.j.p.j.s.J.Full charging journey with SSE: [electrahub-jmeter][full][002] step=login
2026-07-02 01:16:45,417 INFO o.a.j.p.j.s.J.Full charging journey with SSE: [electrahub-jmeter][full][002] http POST /auth/api/auth/login status=200 elapsedMs=157
2026-07-02 01:16:45,418 INFO o.a.j.p.j.s.J.Full charging journey with SSE: [electrahub-jmeter][full][002] logged in uid=ccefe8d9-0706-4ac0-af40-18db0de74550
2026-07-02 01:16:45,419 INFO o.a.j.p.j.s.J.Full charging journey with SSE: [electrahub-jmeter][full][002] step=payment state after terms
2026-07-02 01:16:45,487 INFO o.a.j.p.j.s.J.Full charging journey with SSE: [electrahub-jmeter][full][002] http GET /payment/api/v1/payment/state status=200 elapsedMs=67
2026-07-02 01:16:45,488 INFO o.a.j.p.j.s.J.Full charging journey with SSE: [electrahub-jmeter][full][002] step=add card
2026-07-02 01:16:45,559 INFO o.a.j.p.j.s.J.Full charging journey with SSE: [electrahub-jmeter][full][002] http POST /payment/api/v1/payment/cards status=201 elapsedMs=69
2026-07-02 01:16:45,560 INFO o.a.j.p.j.s.J.Full charging journey with SSE: [electrahub-jmeter][full][002] step=wallet topup
2026-07-02 01:16:45,622 INFO o.a.j.p.j.s.J.Full charging journey with SSE: [electrahub-jmeter][full][002] http POST /payment/api/v1/payment/wallet/topups status=201 elapsedMs=61
2026-07-02 01:16:45,624 INFO o.a.j.p.j.s.J.Full charging journey with SSE: [electrahub-jmeter][full][002] step=payment state after setup
2026-07-02 01:16:45,688 INFO o.a.j.p.j.s.J.Full charging journey with SSE: [electrahub-jmeter][full][002] http GET /payment/api/v1/payment/state status=200 elapsedMs=63
2026-07-02 01:16:45,690 INFO o.a.j.p.j.s.J.Full charging journey with SSE: [electrahub-jmeter][full][002] payment ready wallet=120.00
2026-07-02 01:16:45,690 INFO o.a.j.p.j.s.J.Full charging journey with SSE: [electrahub-jmeter][full][002] step=charger graphql list
2026-07-02 01:16:45,812 INFO o.a.j.p.j.s.J.Full charging journey with SSE: [electrahub-jmeter][full][002] http POST /charger/graphql status=200 elapsedMs=119
2026-07-02 01:16:45,814 INFO o.a.j.p.j.s.J.Full charging journey with SSE: [electrahub-jmeter][full][002] dynamic connector selection found no available connector; using CSV connector
2026-07-02 01:16:45,815 INFO o.a.j.p.j.s.J.Full charging journey with SSE: [electrahub-jmeter][full][002] step=charger graphql view
2026-07-02 01:16:45,891 INFO o.a.j.p.j.s.J.Full charging journey with SSE: [electrahub-jmeter][full][002] http POST /charger/graphql status=200 elapsedMs=74
2026-07-02 01:16:45,892 INFO o.a.j.p.j.s.J.Full charging journey with SSE: [electrahub-jmeter][full][002] step=payment state before start
2026-07-02 01:16:45,951 INFO o.a.j.p.j.s.J.Full charging journey with SSE: [electrahub-jmeter][full][002] http GET /payment/api/v1/payment/state status=200 elapsedMs=58
2026-07-02 01:16:45,958 INFO o.a.j.p.j.s.J.Full charging journey with SSE: [electrahub-jmeter][full][002] using connector csv fallback attempts=100 startIndex=2/100
2026-07-02 01:16:45,959 INFO o.a.j.p.j.s.J.Full charging journey with SSE: [electrahub-jmeter][full][002] step=start charging attempt 1
2026-07-02 01:16:46,305 INFO o.a.j.p.j.s.J.Full charging journey with SSE: [electrahub-jmeter][full][002] http POST /session/api/v1/sessions/start status=201 elapsedMs=344
2026-07-02 01:16:46,306 INFO o.a.j.p.j.s.J.Full charging journey with SSE: [electrahub-jmeter][full][002] started session=06922ec6-cb73-4730-857c-0e94a2c6383a charger=EH-US-CHG-0002/CON-US-0002 status=PREPARING remote=Accepted attempt=1/100
2026-07-02 01:16:46,307 INFO o.a.j.p.j.s.J.Full charging journey with SSE: [electrahub-jmeter][full][002] step=active sessions
2026-07-02 01:16:47,301 INFO o.a.j.p.j.s.J.Full charging journey with SSE: [electrahub-jmeter][full][002] http GET /session/api/v1/sessions/active status=200 elapsedMs=993
2026-07-02 01:16:56,877 INFO o.a.j.t.JMeterThread: Thread started: 100 driver charging journeys 1-3
2026-07-02 01:16:56,884 INFO o.a.j.p.j.s.J.Full charging journey with SSE: [electrahub-jmeter][full][003] step=register
2026-07-02 01:16:57,130 INFO o.a.j.p.j.s.J.Full charging journey with SSE: [electrahub-jmeter][full][003] http POST /auth/api/auth/register status=200 elapsedMs=203
2026-07-02 01:16:57,131 INFO o.a.j.p.j.s.J.Full charging journey with SSE: [electrahub-jmeter][full][003] registered uid=b6926fd2-b3ed-4bd4-9627-0bf8e2923416
2026-07-02 01:16:57,139 INFO o.a.j.p.j.s.J.Full charging journey with SSE: [electrahub-jmeter][full][003] step=payment state before setup
2026-07-02 01:16:57,197 INFO o.a.j.p.j.s.J.Full charging journey with SSE: [electrahub-jmeter][full][003] http GET /payment/api/v1/payment/state status=451 elapsedMs=57
2026-07-02 01:16:57,198 INFO o.a.j.p.j.s.J.Full charging journey with SSE: [electrahub-jmeter][full][003] step=accept terms
2026-07-02 01:16:57,264 INFO o.a.j.p.j.s.J.Full charging journey with SSE: [electrahub-jmeter][full][003] http POST /auth/api/terms/accept status=201 elapsedMs=65
2026-07-02 01:16:57,265 INFO o.a.j.p.j.s.J.Full charging journey with SSE: [electrahub-jmeter][full][003] accepted terms; refreshing token through login
2026-07-02 01:16:57,265 INFO o.a.j.p.j.s.J.Full charging journey with SSE: [electrahub-jmeter][full][003] step=login
2026-07-02 01:16:57,416 INFO o.a.j.p.j.s.J.Full charging journey with SSE: [electrahub-jmeter][full][003] http POST /auth/api/auth/login status=200 elapsedMs=150
2026-07-02 01:16:57,418 INFO o.a.j.p.j.s.J.Full charging journey with SSE: [electrahub-jmeter][full][003] logged in uid=b6926fd2-b3ed-4bd4-9627-0bf8e2923416
2026-07-02 01:16:57,419 INFO o.a.j.p.j.s.J.Full charging journey with SSE: [electrahub-jmeter][full][003] step=payment state after terms
2026-07-02 01:16:57,486 INFO o.a.j.p.j.s.J.Full charging journey with SSE: [electrahub-jmeter][full][003] http GET /payment/api/v1/payment/state status=200 elapsedMs=66
2026-07-02 01:16:57,488 INFO o.a.j.p.j.s.J.Full charging journey with SSE: [electrahub-jmeter][full][003] step=add card
2026-07-02 01:16:57,564 INFO o.a.j.p.j.s.J.Full charging journey with SSE: [electrahub-jmeter][full][003] http POST /payment/api/v1/payment/cards status=201 elapsedMs=75
2026-07-02 01:16:57,565 INFO o.a.j.p.j.s.J.Full charging journey with SSE: [electrahub-jmeter][full][003] step=wallet topup
2026-07-02 01:16:57,629 INFO o.a.j.p.j.s.J.Full charging journey with SSE: [electrahub-jmeter][full][003] http POST /payment/api/v1/payment/wallet/topups status=201 elapsedMs=63
2026-07-02 01:16:57,630 INFO o.a.j.p.j.s.J.Full charging journey with SSE: [electrahub-jmeter][full][003] step=payment state after setup
2026-07-02 01:16:57,688 INFO o.a.j.p.j.s.J.Full charging journey with SSE: [electrahub-jmeter][full][003] http GET /payment/api/v1/payment/state status=200 elapsedMs=56
2026-07-02 01:16:57,690 INFO o.a.j.p.j.s.J.Full charging journey with SSE: [electrahub-jmeter][full][003] payment ready wallet=120.00
2026-07-02 01:16:57,691 INFO o.a.j.p.j.s.J.Full charging journey with SSE: [electrahub-jmeter][full][003] step=charger graphql list
2026-07-02 01:16:57,801 INFO o.a.j.p.j.s.J.Full charging journey with SSE: [electrahub-jmeter][full][003] http POST /charger/graphql status=200 elapsedMs=109
2026-07-02 01:16:57,804 INFO o.a.j.p.j.s.J.Full charging journey with SSE: [electrahub-jmeter][full][003] dynamic connector selection found no available connector; using CSV connector
2026-07-02 01:16:57,804 INFO o.a.j.p.j.s.J.Full charging journey with SSE: [electrahub-jmeter][full][003] step=charger graphql view
2026-07-02 01:16:57,882 INFO o.a.j.p.j.s.J.Full charging journey with SSE: [electrahub-jmeter][full][003] http POST /charger/graphql status=200 elapsedMs=76
2026-07-02 01:16:57,883 INFO o.a.j.p.j.s.J.Full charging journey with SSE: [electrahub-jmeter][full][003] step=payment state before start
2026-07-02 01:16:57,948 INFO o.a.j.p.j.s.J.Full charging journey with SSE: [electrahub-jmeter][full][003] http GET /payment/api/v1/payment/state status=200 elapsedMs=64
2026-07-02 01:16:57,953 INFO o.a.j.p.j.s.J.Full charging journey with SSE: [electrahub-jmeter][full][003] using connector csv fallback attempts=100 startIndex=3/100
2026-07-02 01:16:57,955 INFO o.a.j.p.j.s.J.Full charging journey with SSE: [electrahub-jmeter][full][003] step=start charging attempt 1
2026-07-02 01:16:58,387 INFO o.a.j.p.j.s.J.Full charging journey with SSE: [electrahub-jmeter][full][003] http POST /session/api/v1/sessions/start status=201 elapsedMs=431
2026-07-02 01:16:58,388 INFO o.a.j.p.j.s.J.Full charging journey with SSE: [electrahub-jmeter][full][003] started session=ca7eadcd-a93a-4e37-8e95-d023edfc43d9 charger=EH-US-CHG-0003/CON-US-0003 status=PREPARING remote=Accepted attempt=1/100
2026-07-02 01:16:58,389 INFO o.a.j.p.j.s.J.Full charging journey with SSE: [electrahub-jmeter][full][003] step=active sessions
2026-07-02 01:16:59,384 INFO o.a.j.p.j.s.J.Full charging journey with SSE: [electrahub-jmeter][full][003] http GET /session/api/v1/sessions/active status=200 elapsedMs=994
2026-07-02 01:17:08,876 INFO o.a.j.t.JMeterThread: Thread started: 100 driver charging journeys 1-4
2026-07-02 01:17:08,881 INFO o.a.j.p.j.s.J.Full charging journey with SSE: [electrahub-jmeter][full][004] step=register
2026-07-02 01:17:09,148 INFO o.a.j.p.j.s.J.Full charging journey with SSE: [electrahub-jmeter][full][004] http POST /auth/api/auth/register status=200 elapsedMs=216
2026-07-02 01:17:09,149 INFO o.a.j.p.j.s.J.Full charging journey with SSE: [electrahub-jmeter][full][004] registered uid=fa9c5c5f-9bcb-4f81-aa31-3968f7b98da8
2026-07-02 01:17:09,157 INFO o.a.j.p.j.s.J.Full charging journey with SSE: [electrahub-jmeter][full][004] step=payment state before setup
2026-07-02 01:17:09,217 INFO o.a.j.p.j.s.J.Full charging journey with SSE: [electrahub-jmeter][full][004] http GET /payment/api/v1/payment/state status=451 elapsedMs=60
2026-07-02 01:17:09,218 INFO o.a.j.p.j.s.J.Full charging journey with SSE: [electrahub-jmeter][full][004] step=accept terms
2026-07-02 01:17:09,279 INFO o.a.j.p.j.s.J.Full charging journey with SSE: [electrahub-jmeter][full][004] http POST /auth/api/terms/accept status=201 elapsedMs=60
2026-07-02 01:17:09,280 INFO o.a.j.p.j.s.J.Full charging journey with SSE: [electrahub-jmeter][full][004] accepted terms; refreshing token through login
2026-07-02 01:17:09,281 INFO o.a.j.p.j.s.J.Full charging journey with SSE: [electrahub-jmeter][full][004] step=login
2026-07-02 01:17:09,433 INFO o.a.j.p.j.s.J.Full charging journey with SSE: [electrahub-jmeter][full][004] http POST /auth/api/auth/login status=200 elapsedMs=151
2026-07-02 01:17:09,434 INFO o.a.j.p.j.s.J.Full charging journey with SSE: [electrahub-jmeter][full][004] logged in uid=fa9c5c5f-9bcb-4f81-aa31-3968f7b98da8
2026-07-02 01:17:09,435 INFO o.a.j.p.j.s.J.Full charging journey with SSE: [electrahub-jmeter][full][004] step=payment state after terms
2026-07-02 01:17:09,497 INFO o.a.j.p.j.s.J.Full charging journey with SSE: [electrahub-jmeter][full][004] http GET /payment/api/v1/payment/state status=200 elapsedMs=61
2026-07-02 01:17:09,499 INFO o.a.j.p.j.s.J.Full charging journey with SSE: [electrahub-jmeter][full][004] step=add card
2026-07-02 01:17:09,562 INFO o.a.j.p.j.s.J.Full charging journey with SSE: [electrahub-jmeter][full][004] http POST /payment/api/v1/payment/cards status=201 elapsedMs=62
2026-07-02 01:17:09,563 INFO o.a.j.p.j.s.J.Full charging journey with SSE: [electrahub-jmeter][full][004] step=wallet topup
2026-07-02 01:17:09,631 INFO o.a.j.p.j.s.J.Full charging journey with SSE: [electrahub-jmeter][full][004] http POST /payment/api/v1/payment/wallet/topups status=201 elapsedMs=66
2026-07-02 01:17:09,632 INFO o.a.j.p.j.s.J.Full charging journey with SSE: [electrahub-jmeter][full][004] step=payment state after setup
2026-07-02 01:17:09,695 INFO o.a.j.p.j.s.J.Full charging journey with SSE: [electrahub-jmeter][full][001] sse ok connected=1 snapshot=2 updates=19 receipts=0 heartbeats=0
2026-07-02 01:17:09,698 INFO o.a.j.p.j.s.J.Full charging journey with SSE: [electrahub-jmeter][full][001] holding session for 25s before stop
2026-07-02 01:17:09,699 INFO o.a.j.p.j.s.J.Full charging journey with SSE: [electrahub-jmeter][full][004] http GET /payment/api/v1/payment/state status=200 elapsedMs=66
2026-07-02 01:17:09,700 INFO o.a.j.p.j.s.J.Full charging journey with SSE: [electrahub-jmeter][full][004] payment ready wallet=120.00
2026-07-02 01:17:09,702 INFO o.a.j.p.j.s.J.Full charging journey with SSE: [electrahub-jmeter][full][004] step=charger graphql list
2026-07-02 01:17:09,825 INFO o.a.j.p.j.s.J.Full charging journey with SSE: [electrahub-jmeter][full][004] http POST /charger/graphql status=200 elapsedMs=121
2026-07-02 01:17:09,827 INFO o.a.j.p.j.s.J.Full charging journey with SSE: [electrahub-jmeter][full][004] dynamic connector selection found no available connector; using CSV connector
2026-07-02 01:17:09,828 INFO o.a.j.p.j.s.J.Full charging journey with SSE: [electrahub-jmeter][full][004] step=charger graphql view
2026-07-02 01:17:09,906 INFO o.a.j.p.j.s.J.Full charging journey with SSE: [electrahub-jmeter][full][004] http POST /charger/graphql status=200 elapsedMs=76
2026-07-02 01:17:09,907 INFO o.a.j.p.j.s.J.Full charging journey with SSE: [electrahub-jmeter][full][004] step=payment state before start
2026-07-02 01:17:09,966 INFO o.a.j.p.j.s.J.Full charging journey with SSE: [electrahub-jmeter][full][004] http GET /payment/api/v1/payment/state status=200 elapsedMs=58
2026-07-02 01:17:09,971 INFO o.a.j.p.j.s.J.Full charging journey with SSE: [electrahub-jmeter][full][004] using connector csv fallback attempts=100 startIndex=4/100
2026-07-02 01:17:09,972 INFO o.a.j.p.j.s.J.Full charging journey with SSE: [electrahub-jmeter][full][004] step=start charging attempt 1
2026-07-02 01:17:10,699 INFO o.a.j.p.j.s.J.Full charging journey with SSE: [electrahub-jmeter][full][004] http POST /session/api/v1/sessions/start status=201 elapsedMs=726
2026-07-02 01:17:10,700 INFO o.a.j.p.j.s.J.Full charging journey with SSE: [electrahub-jmeter][full][004] started session=9582129e-e784-4aa1-acaf-b58dc1faf165 charger=EH-US-CHG-0004/CON-US-0004 status=PREPARING remote=Accepted attempt=1/100
2026-07-02 01:17:10,701 INFO o.a.j.p.j.s.J.Full charging journey with SSE: [electrahub-jmeter][full][004] step=active sessions
2026-07-02 01:17:11,692 INFO o.a.j.p.j.s.J.Full charging journey with SSE: [electrahub-jmeter][full][004] http GET /session/api/v1/sessions/active status=200 elapsedMs=990
2026-07-02 01:17:18,751 INFO o.a.j.p.j.s.J.Full charging journey with SSE: [electrahub-jmeter][full][002] sse ok connected=1 snapshot=2 updates=21 receipts=0 heartbeats=0
2026-07-02 01:17:18,752 INFO o.a.j.p.j.s.J.Full charging journey with SSE: [electrahub-jmeter][full][002] holding session for 27s before stop
2026-07-02 01:17:20,876 INFO o.a.j.t.JMeterThread: Thread started: 100 driver charging journeys 1-5
2026-07-02 01:17:20,882 INFO o.a.j.p.j.s.J.Full charging journey with SSE: [electrahub-jmeter][full][005] step=register
2026-07-02 01:17:21,158 INFO o.a.j.p.j.s.J.Full charging journey with SSE: [electrahub-jmeter][full][005] http POST /auth/api/auth/register status=200 elapsedMs=238
2026-07-02 01:17:21,159 INFO o.a.j.p.j.s.J.Full charging journey with SSE: [electrahub-jmeter][full][005] registered uid=8536731f-8ee1-4f27-8f52-2a659482c923
2026-07-02 01:17:21,168 INFO o.a.j.p.j.s.J.Full charging journey with SSE: [electrahub-jmeter][full][005] step=payment state before setup
2026-07-02 01:17:21,230 INFO o.a.j.p.j.s.J.Full charging journey with SSE: [electrahub-jmeter][full][005] http GET /payment/api/v1/payment/state status=451 elapsedMs=61
2026-07-02 01:17:21,231 INFO o.a.j.p.j.s.J.Full charging journey with SSE: [electrahub-jmeter][full][005] step=accept terms
2026-07-02 01:17:21,298 INFO o.a.j.p.j.s.J.Full charging journey with SSE: [electrahub-jmeter][full][005] http POST /auth/api/terms/accept status=201 elapsedMs=66
2026-07-02 01:17:21,299 INFO o.a.j.p.j.s.J.Full charging journey with SSE: [electrahub-jmeter][full][005] accepted terms; refreshing token through login
2026-07-02 01:17:21,299 INFO o.a.j.p.j.s.J.Full charging journey with SSE: [electrahub-jmeter][full][005] step=login
2026-07-02 01:17:21,459 INFO o.a.j.p.j.s.J.Full charging journey with SSE: [electrahub-jmeter][full][005] http POST /auth/api/auth/login status=200 elapsedMs=159
2026-07-02 01:17:21,460 INFO o.a.j.p.j.s.J.Full charging journey with SSE: [electrahub-jmeter][full][005] logged in uid=8536731f-8ee1-4f27-8f52-2a659482c923
2026-07-02 01:17:21,460 INFO o.a.j.p.j.s.J.Full charging journey with SSE: [electrahub-jmeter][full][005] step=payment state after terms
2026-07-02 01:17:21,528 INFO o.a.j.p.j.s.J.Full charging journey with SSE: [electrahub-jmeter][full][005] http GET /payment/api/v1/payment/state status=200 elapsedMs=67
2026-07-02 01:17:21,530 INFO o.a.j.p.j.s.J.Full charging journey with SSE: [electrahub-jmeter][full][005] step=add card
2026-07-02 01:17:21,595 INFO o.a.j.p.j.s.J.Full charging journey with SSE: [electrahub-jmeter][full][005] http POST /payment/api/v1/payment/cards status=201 elapsedMs=62
2026-07-02 01:17:21,596 INFO o.a.j.p.j.s.J.Full charging journey with SSE: [electrahub-jmeter][full][005] step=wallet topup
2026-07-02 01:17:21,655 INFO o.a.j.p.j.s.J.Full charging journey with SSE: [electrahub-jmeter][full][005] http POST /payment/api/v1/payment/wallet/topups status=201 elapsedMs=58
2026-07-02 01:17:21,657 INFO o.a.j.p.j.s.J.Full charging journey with SSE: [electrahub-jmeter][full][005] step=payment state after setup
2026-07-02 01:17:21,717 INFO o.a.j.p.j.s.J.Full charging journey with SSE: [electrahub-jmeter][full][005] http GET /payment/api/v1/payment/state status=200 elapsedMs=59
2026-07-02 01:17:21,719 INFO o.a.j.p.j.s.J.Full charging journey with SSE: [electrahub-jmeter][full][005] payment ready wallet=120.00
2026-07-02 01:17:21,719 INFO o.a.j.p.j.s.J.Full charging journey with SSE: [electrahub-jmeter][full][005] step=charger graphql list
2026-07-02 01:17:21,840 INFO o.a.j.p.j.s.J.Full charging journey with SSE: [electrahub-jmeter][full][005] http POST /charger/graphql status=200 elapsedMs=120
2026-07-02 01:17:21,841 INFO o.a.j.p.j.s.J.Full charging journey with SSE: [electrahub-jmeter][full][005] dynamic connector selection found no available connector; using CSV connector
2026-07-02 01:17:21,842 INFO o.a.j.p.j.s.J.Full charging journey with SSE: [electrahub-jmeter][full][005] step=charger graphql view
2026-07-02 01:17:21,914 INFO o.a.j.p.j.s.J.Full charging journey with SSE: [electrahub-jmeter][full][005] http POST /charger/graphql status=200 elapsedMs=71
2026-07-02 01:17:21,916 INFO o.a.j.p.j.s.J.Full charging journey with SSE: [electrahub-jmeter][full][005] step=payment state before start
2026-07-02 01:17:21,970 INFO o.a.j.p.j.s.J.Full charging journey with SSE: [electrahub-jmeter][full][005] http GET /payment/api/v1/payment/state status=200 elapsedMs=53
2026-07-02 01:17:21,974 INFO o.a.j.p.j.s.J.Full charging journey with SSE: [electrahub-jmeter][full][005] using connector csv fallback attempts=100 startIndex=5/100
2026-07-02 01:17:21,975 INFO o.a.j.p.j.s.J.Full charging journey with SSE: [electrahub-jmeter][full][005] step=start charging attempt 1
2026-07-02 01:17:22,068 INFO o.a.j.p.j.s.J.Full charging journey with SSE: [electrahub-jmeter][full][005] http POST /session/api/v1/sessions/start status=409 elapsedMs=92
2026-07-02 01:17:22,069 INFO o.a.j.p.j.s.J.Full charging journey with SSE: [electrahub-jmeter][full][005] start skipped EH-US-CHG-0005/CON-US-0005 HTTP 409; trying next connector
2026-07-02 01:17:23,071 INFO o.a.j.p.j.s.J.Full charging journey with SSE: [electrahub-jmeter][full][005] step=start charging attempt 2
2026-07-02 01:17:23,155 INFO o.a.j.p.j.s.J.Full charging journey with SSE: [electrahub-jmeter][full][005] http POST /session/api/v1/sessions/start status=409 elapsedMs=83
2026-07-02 01:17:23,157 INFO o.a.j.p.j.s.J.Full charging journey with SSE: [electrahub-jmeter][full][005] start skipped EH-US-CHG-0006/CON-US-0006 HTTP 409; trying next connector
2026-07-02 01:17:24,158 INFO o.a.j.p.j.s.J.Full charging journey with SSE: [electrahub-jmeter][full][005] step=start charging attempt 3
2026-07-02 01:17:24,262 INFO o.a.j.p.j.s.J.Full charging journey with SSE: [electrahub-jmeter][full][005] http POST /session/api/v1/sessions/start status=409 elapsedMs=102
2026-07-02 01:17:24,263 INFO o.a.j.p.j.s.J.Full charging journey with SSE: [electrahub-jmeter][full][005] start skipped EH-US-CHG-0007/CON-US-0007 HTTP 409; trying next connector
2026-07-02 01:17:25,264 INFO o.a.j.p.j.s.J.Full charging journey with SSE: [electrahub-jmeter][full][005] step=start charging attempt 4
2026-07-02 01:17:25,808 INFO o.a.j.p.j.s.J.Full charging journey with SSE: [electrahub-jmeter][full][005] http POST /session/api/v1/sessions/start status=201 elapsedMs=543
2026-07-02 01:17:25,809 INFO o.a.j.p.j.s.J.Full charging journey with SSE: [electrahub-jmeter][full][005] started session=7691d1dd-6710-4aca-a2c5-101d128ece94 charger=EH-US-CHG-0008/CON-US-0008 status=PREPARING remote=Accepted attempt=4/100
2026-07-02 01:17:25,810 INFO o.a.j.p.j.s.J.Full charging journey with SSE: [electrahub-jmeter][full][005] step=active sessions
2026-07-02 01:17:26,812 INFO o.a.j.p.j.s.J.Full charging journey with SSE: [electrahub-jmeter][full][005] http GET /session/api/v1/sessions/active status=200 elapsedMs=1002
2026-07-02 01:17:30,844 INFO o.a.j.p.j.s.J.Full charging journey with SSE: [electrahub-jmeter][full][003] sse ok connected=1 snapshot=2 updates=19 receipts=0 heartbeats=0
2026-07-02 01:17:30,845 INFO o.a.j.p.j.s.J.Full charging journey with SSE: [electrahub-jmeter][full][003] holding session for 27s before stop
2026-07-02 01:17:36,632 INFO o.a.j.p.j.s.J.Full charging journey with SSE: [electrahub-jmeter][full][001] step=stop charging session
2026-07-02 01:17:39,822 INFO o.a.j.p.j.s.J.Full charging journey with SSE: [electrahub-jmeter][full][001] http POST /session/api/v1/sessions/2f02954a-dc16-40d8-94f1-4e61084e57f2/stop status=204 elapsedMs=3137
2026-07-02 01:17:39,823 INFO o.a.j.p.j.s.J.Full charging journey with SSE: [electrahub-jmeter][full][001] stop requested session=2f02954a-dc16-40d8-94f1-4e61084e57f2
2026-07-02 01:17:39,824 INFO o.a.j.p.j.s.J.Full charging journey with SSE: [electrahub-jmeter][full][001] step=active sessions
2026-07-02 01:17:40,824 INFO o.a.j.p.j.s.J.Full charging journey with SSE: [electrahub-jmeter][full][001] http GET /session/api/v1/sessions/active status=200 elapsedMs=999
2026-07-02 01:17:43,873 INFO o.a.j.p.j.s.J.Full charging journey with SSE: [electrahub-jmeter][full][004] sse ok connected=1 snapshot=2 updates=11 receipts=0 heartbeats=0
2026-07-02 01:17:43,874 INFO o.a.j.p.j.s.J.Full charging journey with SSE: [electrahub-jmeter][full][004] holding session for 26s before stop
2026-07-02 01:17:45,825 INFO o.a.j.p.j.s.J.Full charging journey with SSE: [electrahub-jmeter][full][001] step=active sessions
2026-07-02 01:17:45,958 INFO o.a.j.p.j.s.J.Full charging journey with SSE: [electrahub-jmeter][full][001] http GET /session/api/v1/sessions/active status=200 elapsedMs=132
2026-07-02 01:17:45,959 INFO o.a.j.p.j.s.J.Full charging journey with SSE: [electrahub-jmeter][full][001] step=receipt
2026-07-02 01:17:46,024 INFO o.a.j.p.j.s.J.Full charging journey with SSE: [electrahub-jmeter][full][001] http GET /session/api/v1/sessions/2f02954a-dc16-40d8-94f1-4e61084e57f2/receipt status=200 elapsedMs=64
2026-07-02 01:17:46,025 INFO o.a.j.p.j.s.J.Full charging journey with SSE: [electrahub-jmeter][full][001] step=session history
2026-07-02 01:17:46,118 INFO o.a.j.p.j.s.J.Full charging journey with SSE: [electrahub-jmeter][full][001] http GET /session/api/v1/sessions/history?page=0&size=10 status=200 elapsedMs=92
2026-07-02 01:17:46,120 INFO o.a.j.p.j.s.J.Full charging journey with SSE: [electrahub-jmeter][full][001] step=dashboard stats
2026-07-02 01:17:46,199 INFO o.a.j.p.j.s.J.Full charging journey with SSE: [electrahub-jmeter][full][001] http GET /session/api/v1/sessions/dashboard-stats status=200 elapsedMs=78
2026-07-02 01:17:46,201 INFO o.a.j.p.j.s.J.Full charging journey with SSE: [electrahub-jmeter][full][001] receipt ok session=2f02954a-dc16-40d8-94f1-4e61084e57f2 status=Completed total=1.4373
2026-07-02 01:17:46,232 INFO o.a.j.t.JMeterThread: Thread is done: 100 driver charging journeys 1-1
2026-07-02 01:17:46,233 INFO o.a.j.t.JMeterThread: Thread finished: 100 driver charging journeys 1-1
2026-07-02 01:17:47,685 INFO o.a.j.p.j.s.J.Full charging journey with SSE: [electrahub-jmeter][full][002] step=stop charging session
2026-07-02 01:17:50,883 INFO o.a.j.p.j.s.J.Full charging journey with SSE: [electrahub-jmeter][full][002] http POST /session/api/v1/sessions/06922ec6-cb73-4730-857c-0e94a2c6383a/stop status=204 elapsedMs=3197
2026-07-02 01:17:50,884 INFO o.a.j.p.j.s.J.Full charging journey with SSE: [electrahub-jmeter][full][002] stop requested session=06922ec6-cb73-4730-857c-0e94a2c6383a
2026-07-02 01:17:50,884 INFO o.a.j.p.j.s.J.Full charging journey with SSE: [electrahub-jmeter][full][002] step=active sessions
2026-07-02 01:17:51,923 INFO o.a.j.p.j.s.J.Full charging journey with SSE: [electrahub-jmeter][full][002] http GET /session/api/v1/sessions/active status=200 elapsedMs=1038
2026-07-02 01:17:56,924 INFO o.a.j.p.j.s.J.Full charging journey with SSE: [electrahub-jmeter][full][002] step=active sessions
2026-07-02 01:17:57,059 INFO o.a.j.p.j.s.J.Full charging journey with SSE: [electrahub-jmeter][full][002] http GET /session/api/v1/sessions/active status=200 elapsedMs=133
2026-07-02 01:17:57,060 INFO o.a.j.p.j.s.J.Full charging journey with SSE: [electrahub-jmeter][full][002] step=receipt
2026-07-02 01:17:57,126 INFO o.a.j.p.j.s.J.Full charging journey with SSE: [electrahub-jmeter][full][002] http GET /session/api/v1/sessions/06922ec6-cb73-4730-857c-0e94a2c6383a/receipt status=200 elapsedMs=64
2026-07-02 01:17:57,127 INFO o.a.j.p.j.s.J.Full charging journey with SSE: [electrahub-jmeter][full][002] step=session history
2026-07-02 01:17:57,191 INFO o.a.j.p.j.s.J.Full charging journey with SSE: [electrahub-jmeter][full][002] http GET /session/api/v1/sessions/history?page=0&size=10 status=200 elapsedMs=63
2026-07-02 01:17:57,192 INFO o.a.j.p.j.s.J.Full charging journey with SSE: [electrahub-jmeter][full][002] step=dashboard stats
2026-07-02 01:17:57,257 INFO o.a.j.p.j.s.J.Full charging journey with SSE: [electrahub-jmeter][full][002] http GET /session/api/v1/sessions/dashboard-stats status=200 elapsedMs=64
2026-07-02 01:17:57,259 INFO o.a.j.p.j.s.J.Full charging journey with SSE: [electrahub-jmeter][full][002] receipt ok session=06922ec6-cb73-4730-857c-0e94a2c6383a status=Completed total=1.438
2026-07-02 01:17:57,262 INFO o.a.j.t.JMeterThread: Thread is done: 100 driver charging journeys 1-2
2026-07-02 01:17:57,262 INFO o.a.j.t.JMeterThread: Thread finished: 100 driver charging journeys 1-2
2026-07-02 01:17:58,927 INFO o.a.j.p.j.s.J.Full charging journey with SSE: [electrahub-jmeter][full][005] sse ok connected=1 snapshot=2 updates=11 receipts=0 heartbeats=0
2026-07-02 01:17:58,928 INFO o.a.j.p.j.s.J.Full charging journey with SSE: [electrahub-jmeter][full][005] holding session for 22s before stop
2026-07-02 01:17:59,778 INFO o.a.j.p.j.s.J.Full charging journey with SSE: [electrahub-jmeter][full][003] step=stop charging session
2026-07-02 01:18:02,943 INFO o.a.j.p.j.s.J.Full charging journey with SSE: [electrahub-jmeter][full][003] http POST /session/api/v1/sessions/ca7eadcd-a93a-4e37-8e95-d023edfc43d9/stop status=204 elapsedMs=3164
2026-07-02 01:18:02,944 INFO o.a.j.p.j.s.J.Full charging journey with SSE: [electrahub-jmeter][full][003] stop requested session=ca7eadcd-a93a-4e37-8e95-d023edfc43d9
2026-07-02 01:18:02,944 INFO o.a.j.p.j.s.J.Full charging journey with SSE: [electrahub-jmeter][full][003] step=active sessions
2026-07-02 01:18:06,741 INFO o.a.j.p.j.s.J.Full charging journey with SSE: [electrahub-jmeter][full][003] http GET /session/api/v1/sessions/active status=200 elapsedMs=3796
2026-07-02 01:18:11,742 INFO o.a.j.p.j.s.J.Full charging journey with SSE: [electrahub-jmeter][full][003] step=active sessions
2026-07-02 01:18:11,858 INFO o.a.j.p.j.s.J.Full charging journey with SSE: [electrahub-jmeter][full][003] http GET /session/api/v1/sessions/active status=200 elapsedMs=115
2026-07-02 01:18:11,859 INFO o.a.j.p.j.s.J.Full charging journey with SSE: [electrahub-jmeter][full][003] step=receipt
2026-07-02 01:18:11,920 INFO o.a.j.p.j.s.J.Full charging journey with SSE: [electrahub-jmeter][full][003] http GET /session/api/v1/sessions/ca7eadcd-a93a-4e37-8e95-d023edfc43d9/receipt status=200 elapsedMs=60
2026-07-02 01:18:11,921 INFO o.a.j.p.j.s.J.Full charging journey with SSE: [electrahub-jmeter][full][003] step=session history
2026-07-02 01:18:11,986 INFO o.a.j.p.j.s.J.Full charging journey with SSE: [electrahub-jmeter][full][003] http GET /session/api/v1/sessions/history?page=0&size=10 status=200 elapsedMs=64
2026-07-02 01:18:11,987 INFO o.a.j.p.j.s.J.Full charging journey with SSE: [electrahub-jmeter][full][003] step=dashboard stats
2026-07-02 01:18:12,048 INFO o.a.j.p.j.s.J.Full charging journey with SSE: [electrahub-jmeter][full][003] http GET /session/api/v1/sessions/dashboard-stats status=200 elapsedMs=60
2026-07-02 01:18:12,049 INFO o.a.j.p.j.s.J.Full charging journey with SSE: [electrahub-jmeter][full][003] receipt ok session=ca7eadcd-a93a-4e37-8e95-d023edfc43d9 status=Completed total=1.438
2026-07-02 01:18:12,051 INFO o.a.j.t.JMeterThread: Thread is done: 100 driver charging journeys 1-3
2026-07-02 01:18:12,051 INFO o.a.j.t.JMeterThread: Thread finished: 100 driver charging journeys 1-3
2026-07-02 01:18:12,664 INFO o.a.j.p.j.s.J.Full charging journey with SSE: [electrahub-jmeter][full][004] step=stop charging session
2026-07-02 01:18:15,782 INFO o.a.j.p.j.s.J.Full charging journey with SSE: [electrahub-jmeter][full][004] http POST /session/api/v1/sessions/9582129e-e784-4aa1-acaf-b58dc1faf165/stop status=204 elapsedMs=3117
2026-07-02 01:18:15,783 INFO o.a.j.p.j.s.J.Full charging journey with SSE: [electrahub-jmeter][full][004] stop requested session=9582129e-e784-4aa1-acaf-b58dc1faf165
2026-07-02 01:18:15,784 INFO o.a.j.p.j.s.J.Full charging journey with SSE: [electrahub-jmeter][full][004] step=active sessions
2026-07-02 01:18:15,849 INFO o.a.j.p.j.s.J.Full charging journey with SSE: [electrahub-jmeter][full][004] http GET /session/api/v1/sessions/active status=200 elapsedMs=64
2026-07-02 01:18:15,850 INFO o.a.j.p.j.s.J.Full charging journey with SSE: [electrahub-jmeter][full][004] step=receipt
2026-07-02 01:18:15,903 INFO o.a.j.p.j.s.J.Full charging journey with SSE: [electrahub-jmeter][full][004] http GET /session/api/v1/sessions/9582129e-e784-4aa1-acaf-b58dc1faf165/receipt status=200 elapsedMs=52
2026-07-02 01:18:15,904 INFO o.a.j.p.j.s.J.Full charging journey with SSE: [electrahub-jmeter][full][004] step=session history
2026-07-02 01:18:15,966 INFO o.a.j.p.j.s.J.Full charging journey with SSE: [electrahub-jmeter][full][004] http GET /session/api/v1/sessions/history?page=0&size=10 status=200 elapsedMs=60
2026-07-02 01:18:15,966 INFO o.a.j.p.j.s.J.Full charging journey with SSE: [electrahub-jmeter][full][004] step=dashboard stats
2026-07-02 01:18:16,027 INFO o.a.j.p.j.s.J.Full charging journey with SSE: [electrahub-jmeter][full][004] http GET /session/api/v1/sessions/dashboard-stats status=200 elapsedMs=60
2026-07-02 01:18:16,028 INFO o.a.j.p.j.s.J.Full charging journey with SSE: [electrahub-jmeter][full][004] receipt ok session=9582129e-e784-4aa1-acaf-b58dc1faf165 status=In Progress total=1.435
2026-07-02 01:18:16,029 INFO o.a.j.t.JMeterThread: Thread is done: 100 driver charging journeys 1-4
2026-07-02 01:18:16,030 INFO o.a.j.t.JMeterThread: Thread finished: 100 driver charging journeys 1-4
2026-07-02 01:18:23,717 INFO o.a.j.p.j.s.J.Full charging journey with SSE: [electrahub-jmeter][full][005] step=stop charging session
2026-07-02 01:18:27,887 INFO o.a.j.p.j.s.J.Full charging journey with SSE: [electrahub-jmeter][full][005] http POST /session/api/v1/sessions/7691d1dd-6710-4aca-a2c5-101d128ece94/stop status=204 elapsedMs=4121
2026-07-02 01:18:27,888 INFO o.a.j.p.j.s.J.Full charging journey with SSE: [electrahub-jmeter][full][005] stop requested session=7691d1dd-6710-4aca-a2c5-101d128ece94
2026-07-02 01:18:27,889 INFO o.a.j.p.j.s.J.Full charging journey with SSE: [electrahub-jmeter][full][005] step=active sessions
2026-07-02 01:18:28,861 INFO o.a.j.p.j.s.J.Full charging journey with SSE: [electrahub-jmeter][full][005] http GET /session/api/v1/sessions/active status=200 elapsedMs=971
2026-07-02 01:18:33,864 INFO o.a.j.p.j.s.J.Full charging journey with SSE: [electrahub-jmeter][full][005] step=active sessions
2026-07-02 01:18:33,992 INFO o.a.j.p.j.s.J.Full charging journey with SSE: [electrahub-jmeter][full][005] http GET /session/api/v1/sessions/active status=200 elapsedMs=127
2026-07-02 01:18:33,993 INFO o.a.j.p.j.s.J.Full charging journey with SSE: [electrahub-jmeter][full][005] step=receipt
2026-07-02 01:18:34,073 INFO o.a.j.p.j.s.J.Full charging journey with SSE: [electrahub-jmeter][full][005] http GET /session/api/v1/sessions/7691d1dd-6710-4aca-a2c5-101d128ece94/receipt status=200 elapsedMs=79
2026-07-02 01:18:34,074 INFO o.a.j.p.j.s.J.Full charging journey with SSE: [electrahub-jmeter][full][005] step=session history
2026-07-02 01:18:34,135 INFO o.a.j.p.j.s.J.Full charging journey with SSE: [electrahub-jmeter][full][005] http GET /session/api/v1/sessions/history?page=0&size=10 status=200 elapsedMs=59
2026-07-02 01:18:34,136 INFO o.a.j.p.j.s.J.Full charging journey with SSE: [electrahub-jmeter][full][005] step=dashboard stats
2026-07-02 01:18:34,195 INFO o.a.j.p.j.s.J.Full charging journey with SSE: [electrahub-jmeter][full][005] http GET /session/api/v1/sessions/dashboard-stats status=200 elapsedMs=59
2026-07-02 01:18:34,196 INFO o.a.j.p.j.s.J.Full charging journey with SSE: [electrahub-jmeter][full][005] receipt ok session=7691d1dd-6710-4aca-a2c5-101d128ece94 status=Completed total=1.4365
2026-07-02 01:18:34,198 INFO o.a.j.r.Summariser: summary +      5 in 00:02:01 =    0.0/s Avg: 67921 Min: 62431 Max: 70121 Err:     0 (0.00%) Active: 1 Started: 5 Finished: 4
2026-07-02 01:18:34,199 INFO o.a.j.t.JMeterThread: Thread is done: 100 driver charging journeys 1-5
2026-07-02 01:18:34,199 INFO o.a.j.t.JMeterThread: Thread finished: 100 driver charging journeys 1-5
2026-07-02 01:18:34,200 INFO o.a.j.e.StandardJMeterEngine: Notifying test listeners of end of test
2026-07-02 01:18:34,201 INFO o.a.j.s.FileServer: Close: scripts/jmeter/data/connectors-100.csv
2026-07-02 01:18:34,207 INFO o.a.j.r.Summariser: summary =      5 in 00:02:01 =    0.0/s Avg: 67921 Min: 62431 Max: 70121 Err:     0 (0.00%)
2026-07-02 01:18:34,208 INFO o.a.j.JMeter: Generating Dashboard
2026-07-02 01:18:34,209 INFO o.a.j.r.d.ReportGenerator: Flushing result collector before report Generation
2026-07-02 01:18:34,223 INFO o.a.j.r.p.NormalizerSampleConsumer: Using format, 'ms', to parse timeStamp field
2026-07-02 01:18:34,276 INFO o.a.j.r.p.AbstractSampleConsumer: class org.apache.jmeter.report.processor.AggregateConsumer#stopProducing(): beginDate produced 0 samples
2026-07-02 01:18:34,277 INFO o.a.j.r.p.AbstractSampleConsumer: class org.apache.jmeter.report.processor.AggregateConsumer#stopProducing(): endDate produced 0 samples
2026-07-02 01:18:34,279 INFO o.a.j.r.p.AbstractSampleConsumer: class org.apache.jmeter.report.processor.ApdexSummaryConsumer#stopProducing(): apdexSummary produced 0 samples
2026-07-02 01:18:34,280 INFO o.a.j.r.p.AbstractSampleConsumer: class org.apache.jmeter.report.processor.RequestsSummaryConsumer#stopProducing(): requestsSummary produced 0 samples
2026-07-02 01:18:34,285 INFO o.a.j.r.p.AbstractSampleConsumer: class org.apache.jmeter.report.processor.StatisticsSummaryConsumer#stopProducing(): statisticsSummary produced 0 samples
2026-07-02 01:18:34,289 INFO o.a.j.r.p.AbstractSampleConsumer: class org.apache.jmeter.report.processor.Top5ErrorsBySamplerConsumer#stopProducing(): top5ErrorsBySampler produced 0 samples
2026-07-02 01:18:34,290 INFO o.a.j.r.p.AbstractSampleConsumer: class org.apache.jmeter.report.processor.ErrorsSummaryConsumer#stopProducing(): errorsSummary produced 0 samples
2026-07-02 01:18:34,290 INFO o.a.j.r.p.AbstractSampleConsumer: class org.apache.jmeter.report.processor.graph.impl.HitsPerSecondGraphConsumer#stopProducing(): hitsPerSecond produced 0 samples
2026-07-02 01:18:34,325 INFO o.a.j.r.p.AbstractSampleConsumer: class org.apache.jmeter.report.processor.graph.impl.LatencyVSRequestGraphConsumer#stopProducing(): latencyVsRequest produced 0 samples
2026-07-02 01:18:34,327 INFO o.a.j.r.p.AbstractSampleConsumer: class org.apache.jmeter.report.processor.graph.impl.SyntheticResponseTimeDistributionGraphConsumer#stopProducing(): syntheticResponseTimeDistribution produced 0 samples
2026-07-02 01:18:34,328 INFO o.a.j.r.p.AbstractSampleConsumer: class org.apache.jmeter.report.processor.graph.impl.BytesThroughputGraphConsumer#stopProducing(): bytesThroughputOverTime produced 0 samples
2026-07-02 01:18:34,328 INFO o.a.j.r.p.AbstractSampleConsumer: class org.apache.jmeter.report.processor.graph.impl.CodesPerSecondGraphConsumer#stopProducing(): codesPerSecond produced 0 samples
2026-07-02 01:18:34,352 INFO o.a.j.r.p.AbstractSampleConsumer: class org.apache.jmeter.report.processor.graph.impl.ResponseTimeVSRequestGraphConsumer#stopProducing(): responseTimeVsRequest produced 0 samples
2026-07-02 01:18:34,353 INFO o.a.j.r.p.AbstractSampleConsumer: class org.apache.jmeter.report.processor.FilterConsumer#stopProducing(): startIntervalControlerFilter produced 35 samples
2026-07-02 01:18:34,354 INFO o.a.j.r.p.AbstractSampleConsumer: class org.apache.jmeter.report.processor.graph.impl.TotalTPSGraphConsumer#stopProducing(): totalTPS produced 0 samples
2026-07-02 01:18:34,354 INFO o.a.j.r.p.AbstractSampleConsumer: class org.apache.jmeter.report.processor.graph.impl.ActiveThreadsGraphConsumer#stopProducing(): activeThreadsOverTime produced 0 samples
2026-07-02 01:18:34,355 INFO o.a.j.r.p.AbstractSampleConsumer: class org.apache.jmeter.report.processor.graph.impl.TimeVSThreadGraphConsumer#stopProducing(): timeVsThreads produced 0 samples
2026-07-02 01:18:34,356 INFO o.a.j.r.p.AbstractSampleConsumer: class org.apache.jmeter.report.processor.graph.impl.ResponseTimeDistributionGraphConsumer#stopProducing(): responseTimeDistribution produced 0 samples
2026-07-02 01:18:34,356 INFO o.a.j.r.p.AbstractSampleConsumer: class org.apache.jmeter.report.processor.graph.impl.TransactionsPerSecondGraphConsumer#stopProducing(): transactionsPerSecond produced 0 samples
2026-07-02 01:18:34,357 INFO o.a.j.r.p.AbstractSampleConsumer: class org.apache.jmeter.report.processor.graph.impl.ResponseTimePercentilesGraphConsumer#stopProducing(): responseTimePercentiles produced 0 samples
2026-07-02 01:18:34,358 INFO o.a.j.r.p.AbstractSampleConsumer: class org.apache.jmeter.report.processor.graph.impl.ResponseTimePercentilesOverTimeGraphConsumer#stopProducing(): responseTimePercentilesOverTime produced 0 samples
2026-07-02 01:18:34,359 INFO o.a.j.r.p.AbstractSampleConsumer: class org.apache.jmeter.report.processor.graph.impl.ResponseTimeOverTimeGraphConsumer#stopProducing(): responseTimesOverTime produced 0 samples
2026-07-02 01:18:34,360 INFO o.a.j.r.p.AbstractSampleConsumer: class org.apache.jmeter.report.processor.graph.impl.ConnectTimeOverTimeGraphConsumer#stopProducing(): connectTimeOverTime produced 0 samples
2026-07-02 01:18:34,361 INFO o.a.j.r.p.AbstractSampleConsumer: class org.apache.jmeter.report.processor.graph.impl.LatencyOverTimeGraphConsumer#stopProducing(): latenciesOverTime produced 0 samples
2026-07-02 01:18:34,362 INFO o.a.j.r.p.AbstractSampleConsumer: class org.apache.jmeter.report.processor.FilterConsumer#stopProducing(): nameFilter produced 75 samples
2026-07-02 01:18:34,363 INFO o.a.j.r.p.AbstractSampleConsumer: class org.apache.jmeter.report.processor.FilterConsumer#stopProducing(): dateRangeFilter produced 15 samples
2026-07-02 01:18:34,363 INFO o.a.j.r.p.AbstractSampleConsumer: class org.apache.jmeter.report.processor.NormalizerSampleConsumer#stopProducing(): normalizer produced 5 samples
2026-07-02 01:18:34,365 INFO o.a.j.r.p.CsvFileSampleSource: produce(): 5 samples produced in 127ms on channel 0
2026-07-02 01:18:34,365 INFO o.a.j.r.d.ReportGenerator: Exporting data using exporter:'json' of className:'org.apache.jmeter.report.dashboard.JsonExporter'
2026-07-02 01:18:34,422 INFO o.a.j.r.d.JsonExporter: Found data for consumer statisticsSummary in context
2026-07-02 01:18:34,423 INFO o.a.j.r.d.JsonExporter: Creating statistics for overall
2026-07-02 01:18:34,424 INFO o.a.j.r.d.JsonExporter: Creating statistics for other transactions
2026-07-02 01:18:34,425 INFO o.a.j.r.d.JsonExporter: Checking output folder
2026-07-02 01:18:34,428 INFO o.a.j.r.d.JsonExporter: Writing statistics JSON to /work/outputs/jmeter/prod-redis-smoke-5-tag29/report/statistics.json
2026-07-02 01:18:34,462 INFO o.a.j.r.d.ReportGenerator: Exporting data using exporter:'html' of className:'org.apache.jmeter.report.dashboard.HtmlTemplateExporter'
2026-07-02 01:18:34,473 INFO o.a.j.r.d.HtmlTemplateExporter: Will generate dashboard in folder: /work/outputs/jmeter/prod-redis-smoke-5-tag29/report
2026-07-02 01:18:34,542 INFO o.a.j.r.d.HtmlTemplateExporter: Report will be generated in: /work/outputs/jmeter/prod-redis-smoke-5-tag29/report, creating folder structure
2026-07-02 01:18:34,551 INFO o.a.j.r.d.TemplateVisitor: Copying folder from '/opt/apache-jmeter-5.6.3/bin/report-template' to '/work/outputs/jmeter/prod-redis-smoke-5-tag29/report', got message: /work/outputs/jmeter/prod-redis-smoke-5-tag29/report, found non empty folder with following content [/work/outputs/jmeter/prod-redis-smoke-5-tag29/report/statistics.json], will be ignored
2026-07-02 01:18:35,877 INFO o.a.j.JMeter: Dashboard generated
