2026-06-25 20:09:42,058 INFO o.a.j.u.JMeterUtils: Setting Locale to en_EN
2026-06-25 20:09:42,073 INFO o.a.j.JMeter: Loading user properties from: /opt/apache-jmeter-5.5/bin/user.properties
2026-06-25 20:09:42,074 INFO o.a.j.JMeter: Loading system properties from: /opt/apache-jmeter-5.5/bin/system.properties
2026-06-25 20:09:42,076 INFO o.a.j.JMeter: Setting System property: log4j2.formatMsgNoLookups=true
2026-06-25 20:09:42,076 INFO o.a.j.JMeter: Setting JMeter property: base_url=http://host.docker.internal:19090
2026-06-25 20:09:42,077 INFO o.a.j.JMeter: Setting JMeter property: users=1
2026-06-25 20:09:42,078 INFO o.a.j.JMeter: Setting JMeter property: ramp_seconds=1
2026-06-25 20:09:42,080 INFO o.a.j.JMeter: Setting JMeter property: run_id=sparky-prod-portforward
2026-06-25 20:09:42,081 INFO o.a.j.JMeter: Setting JMeter property: sparky_require_charger_status=true
2026-06-25 20:09:42,088 INFO o.a.j.JMeter: Copyright (c) 1998-2022 The Apache Software Foundation
2026-06-25 20:09:42,089 INFO o.a.j.JMeter: Version 5.5
2026-06-25 20:09:42,090 INFO o.a.j.JMeter: java.version=1.8.0_275
2026-06-25 20:09:42,090 INFO o.a.j.JMeter: java.vm.name=OpenJDK 64-Bit Server VM
2026-06-25 20:09:42,091 INFO o.a.j.JMeter: os.name=Linux
2026-06-25 20:09:42,091 INFO o.a.j.JMeter: os.arch=amd64
2026-06-25 20:09:42,092 INFO o.a.j.JMeter: os.version=6.18.33.1-microsoft-standard-WSL2
2026-06-25 20:09:42,092 INFO o.a.j.JMeter: file.encoding=UTF-8
2026-06-25 20:09:42,093 INFO o.a.j.JMeter: java.awt.headless=true
2026-06-25 20:09:42,093 INFO o.a.j.JMeter: Max memory     =7558135808
2026-06-25 20:09:42,094 INFO o.a.j.JMeter: Available Processors =16
2026-06-25 20:09:42,099 INFO o.a.j.JMeter: Default Locale=English (EN)
2026-06-25 20:09:42,100 INFO o.a.j.JMeter: JMeter  Locale=English (EN)
2026-06-25 20:09:42,101 INFO o.a.j.JMeter: JMeterHome=/opt/apache-jmeter-5.5
2026-06-25 20:09:42,101 INFO o.a.j.JMeter: user.dir  =/work
2026-06-25 20:09:42,102 INFO o.a.j.JMeter: PWD       =/work
2026-06-25 20:09:42,103 INFO o.a.j.JMeter: IP: 172.17.0.32 Name: 5ed062cfb0fe FullName: 5ed062cfb0fe
2026-06-25 20:09:42,129 INFO o.a.j.s.FileServer: Default base='/work'
2026-06-25 20:09:42,132 INFO o.a.j.s.FileServer: Set new base='/work/scripts/jmeter'
2026-06-25 20:09:42,241 INFO o.a.j.s.SaveService: Testplan (JMX) version: 2.2. Testlog (JTL) version: 2.2
2026-06-25 20:09:42,256 INFO o.a.j.s.SaveService: Using SaveService properties file encoding UTF-8
2026-06-25 20:09:42,260 INFO o.a.j.s.SaveService: Using SaveService properties version 5.0
2026-06-25 20:09:42,265 INFO o.a.j.s.SaveService: Loading file: scripts/jmeter/04-sparky-ai-chat-regression.jmx
2026-06-25 20:09:42,305 INFO o.a.j.JMeter: Creating summariser <summary>
2026-06-25 20:09:42,316 INFO o.a.j.e.StandardJMeterEngine: Running the test!
2026-06-25 20:09:42,317 INFO o.a.j.s.SampleEvent: List of sample_variables: []
2026-06-25 20:09:42,318 INFO o.a.j.s.SampleEvent: List of sample_variables: []
2026-06-25 20:09:42,322 INFO o.a.j.e.u.CompoundVariable: Note: Function class names must contain the string: '.functions.'
2026-06-25 20:09:42,323 INFO o.a.j.e.u.CompoundVariable: Note: Function class names must not contain the string: '.gui.'
2026-06-25 20:09:42,710 INFO o.a.j.JMeter: Running test (1782410982710)
2026-06-25 20:09:42,795 INFO o.a.j.e.StandardJMeterEngine: Starting ThreadGroup: 1 : Sparky prompt matrix
2026-06-25 20:09:42,797 INFO o.a.j.e.StandardJMeterEngine: Starting 1 threads for group Sparky prompt matrix.
2026-06-25 20:09:42,798 INFO o.a.j.e.StandardJMeterEngine: Test will stop on error
2026-06-25 20:09:42,800 INFO o.a.j.t.ThreadGroup: Starting thread group... number=1 threads=1 ramp-up=1 delayedStart=false
2026-06-25 20:09:42,807 INFO o.a.j.t.ThreadGroup: Started thread group number 1
2026-06-25 20:09:42,808 INFO o.a.j.e.StandardJMeterEngine: All thread groups have been started
2026-06-25 20:09:42,810 INFO o.a.j.t.JMeterThread: Thread started: Sparky prompt matrix 1-1
2026-06-25 20:09:42,815 INFO o.a.j.s.SampleResult: Note: Sample TimeStamps are START times
2026-06-25 20:09:42,818 INFO o.a.j.s.SampleResult: sampleresult.default.encoding is set to ISO-8859-1
2026-06-25 20:09:42,819 INFO o.a.j.s.SampleResult: sampleresult.useNanoTime=true
2026-06-25 20:09:42,820 INFO o.a.j.s.SampleResult: sampleresult.nanoThreadSleep=5000
2026-06-25 20:09:44,605 INFO o.a.j.t.JMeterThread: Thread is done: Sparky prompt matrix 1-1
2026-06-25 20:09:44,605 INFO o.a.j.t.JMeterThread: Thread finished: Sparky prompt matrix 1-1
2026-06-25 20:09:44,606 INFO o.a.j.e.StandardJMeterEngine: Notifying test listeners of end of test
2026-06-25 20:09:44,609 INFO o.a.j.r.Summariser: summary =      1 in 00:00:02 =    0.5/s Avg:  1781 Min:  1781 Max:  1781 Err:     0 (0.00%)
