2026-07-02 23:03:50,373 INFO o.a.j.u.JMeterUtils: Setting Locale to en_EN
2026-07-02 23:03:50,407 INFO o.a.j.JMeter: Loading user properties from: /opt/apache-jmeter-5.6.3/bin/user.properties
2026-07-02 23:03:50,408 INFO o.a.j.JMeter: Loading system properties from: /opt/apache-jmeter-5.6.3/bin/system.properties
2026-07-02 23:03:50,409 INFO o.a.j.JMeter: Setting JMeter property: base_url=http://host.docker.internal:19093
2026-07-02 23:03:50,410 INFO o.a.j.JMeter: Setting JMeter property: simulator_url=http://host.docker.internal:19094
2026-07-02 23:03:50,411 INFO o.a.j.JMeter: Setting JMeter property: charger_country_code=US
2026-07-02 23:03:50,412 INFO o.a.j.JMeter: Setting JMeter property: dynamic_connector_selection=true
2026-07-02 23:03:50,413 INFO o.a.j.JMeter: Setting JMeter property: users=1
2026-07-02 23:03:50,414 INFO o.a.j.JMeter: Setting JMeter property: ramp_seconds=1
2026-07-02 23:03:50,414 INFO o.a.j.JMeter: Setting JMeter property: hold_seconds=30
2026-07-02 23:03:50,415 INFO o.a.j.JMeter: Setting JMeter property: sse_seconds=15
2026-07-02 23:03:50,418 INFO o.a.j.JMeter: Setting JMeter property: run_id=idle-fee-prod-portforward-r3
2026-07-02 23:03:50,428 INFO o.a.j.JMeter: Copyright (c) 1998-2024 The Apache Software Foundation
2026-07-02 23:03:50,429 INFO o.a.j.JMeter: Version 5.6.3
2026-07-02 23:03:50,430 INFO o.a.j.JMeter: java.version=17.0.19
2026-07-02 23:03:50,430 INFO o.a.j.JMeter: java.vm.name=OpenJDK 64-Bit Server VM
2026-07-02 23:03:50,431 INFO o.a.j.JMeter: os.name=Linux
2026-07-02 23:03:50,432 INFO o.a.j.JMeter: os.arch=amd64
2026-07-02 23:03:50,433 INFO o.a.j.JMeter: os.version=6.18.33.1-microsoft-standard-WSL2
2026-07-02 23:03:50,433 INFO o.a.j.JMeter: file.encoding=UTF-8
2026-07-02 23:03:50,434 INFO o.a.j.JMeter: java.awt.headless=true
2026-07-02 23:03:50,435 INFO o.a.j.JMeter: Max memory     =1073741824
2026-07-02 23:03:50,435 INFO o.a.j.JMeter: Available Processors =16
2026-07-02 23:03:50,444 INFO o.a.j.JMeter: Default Locale=English (EN)
2026-07-02 23:03:50,446 INFO o.a.j.JMeter: JMeter  Locale=English (EN)
2026-07-02 23:03:50,447 INFO o.a.j.JMeter: JMeterHome=/opt/apache-jmeter-5.6.3
2026-07-02 23:03:50,448 INFO o.a.j.JMeter: user.dir  =/work
2026-07-02 23:03:50,449 INFO o.a.j.JMeter: PWD       =/work
2026-07-02 23:03:50,450 INFO o.a.j.JMeter: IP: 172.17.0.36 Name: aaa9d39b78bc FullName: aaa9d39b78bc
2026-07-02 23:03:50,470 INFO o.a.j.s.FileServer: Default base='/work'
2026-07-02 23:03:50,473 INFO o.a.j.s.FileServer: Set new base='/work/scripts/jmeter'
2026-07-02 23:03:50,643 INFO o.a.j.s.SaveService: Testplan (JMX) version: 2.2. Testlog (JTL) version: 2.2
2026-07-02 23:03:50,669 INFO o.a.j.s.SaveService: Using SaveService properties version 5.0
2026-07-02 23:03:50,672 INFO o.a.j.s.SaveService: Using SaveService properties file encoding UTF-8
2026-07-02 23:03:50,675 INFO o.a.j.s.SaveService: Loading file: scripts/jmeter/06-idle-fee-charging-flow.jmx
2026-07-02 23:03:50,730 INFO o.a.j.JMeter: Creating summariser <summary>
2026-07-02 23:03:50,747 INFO o.a.j.e.StandardJMeterEngine: Running the test!
2026-07-02 23:03:50,748 INFO o.a.j.s.SampleEvent: List of sample_variables: []
2026-07-02 23:03:50,749 INFO o.a.j.s.SampleEvent: List of sample_variables: []
2026-07-02 23:03:50,754 INFO o.a.j.e.u.CompoundVariable: Note: Function class names must contain the string: '.functions.'
2026-07-02 23:03:50,756 INFO o.a.j.e.u.CompoundVariable: Note: Function class names must not contain the string: '.gui.'
2026-07-02 23:03:51,079 INFO o.a.j.JMeter: Running test (1783033431079)
2026-07-02 23:03:51,111 INFO o.a.j.e.StandardJMeterEngine: Starting ThreadGroup: 1 : Idle-fee driver journeys
2026-07-02 23:03:51,112 INFO o.a.j.e.StandardJMeterEngine: Starting 1 threads for group Idle-fee driver journeys.
2026-07-02 23:03:51,112 INFO o.a.j.e.StandardJMeterEngine: Test will stop on error
2026-07-02 23:03:51,113 INFO o.a.j.t.ThreadGroup: Starting thread group... number=1 threads=1 ramp-up=1 delayedStart=false
2026-07-02 23:03:51,117 INFO o.a.j.t.ThreadGroup: Started thread group number 1
2026-07-02 23:03:51,118 INFO o.a.j.e.StandardJMeterEngine: All thread groups have been started
2026-07-02 23:03:51,127 INFO o.a.j.t.JMeterThread: Thread started: Idle-fee driver journeys 1-1
2026-07-02 23:03:51,137 INFO o.a.j.s.FileServer: Stored: scripts/jmeter/data/connectors-100.csv
2026-07-02 23:03:51,161 INFO o.a.j.s.SampleResult: Note: Sample TimeStamps are START times
2026-07-02 23:03:51,162 INFO o.a.j.s.SampleResult: sampleresult.default.encoding is set to UTF-8
2026-07-02 23:03:51,163 INFO o.a.j.s.SampleResult: sampleresult.useNanoTime=true
2026-07-02 23:03:51,163 INFO o.a.j.s.SampleResult: sampleresult.nanoThreadSleep=5000
2026-07-02 23:03:52,727 INFO o.a.j.p.j.s.J.Idle fee charging journey: [electrahub-jmeter][idle-fee][001] step=register
2026-07-02 23:03:52,957 INFO o.a.j.p.j.s.J.Idle fee charging journey: [electrahub-jmeter][idle-fee][001] http POST /auth/api/auth/register status=200 elapsedMs=187
2026-07-02 23:03:52,973 INFO o.a.j.p.j.s.J.Idle fee charging journey: [electrahub-jmeter][idle-fee][001] registered uid=96dcb0e8-2fd1-4abb-b972-e342830e2689
2026-07-02 23:03:52,993 INFO o.a.j.p.j.s.J.Idle fee charging journey: [electrahub-jmeter][idle-fee][001] step=payment state before setup
2026-07-02 23:03:53,010 INFO o.a.j.p.j.s.J.Idle fee charging journey: [electrahub-jmeter][idle-fee][001] http GET /payment/api/v1/payment/state status=451 elapsedMs=15
2026-07-02 23:03:53,012 INFO o.a.j.p.j.s.J.Idle fee charging journey: [electrahub-jmeter][idle-fee][001] step=accept terms
2026-07-02 23:03:53,068 INFO o.a.j.p.j.s.J.Idle fee charging journey: [electrahub-jmeter][idle-fee][001] http POST /auth/api/terms/accept status=201 elapsedMs=55
2026-07-02 23:03:53,076 INFO o.a.j.p.j.s.J.Idle fee charging journey: [electrahub-jmeter][idle-fee][001] accepted terms; refreshing token through login
2026-07-02 23:03:53,077 INFO o.a.j.p.j.s.J.Idle fee charging journey: [electrahub-jmeter][idle-fee][001] step=login
2026-07-02 23:03:53,948 INFO o.a.j.p.j.s.J.Idle fee charging journey: [electrahub-jmeter][idle-fee][001] http POST /auth/api/auth/login status=200 elapsedMs=869
2026-07-02 23:03:55,258 INFO o.a.j.p.j.s.J.Idle fee charging journey: [electrahub-jmeter][idle-fee][001] logged in uid=96dcb0e8-2fd1-4abb-b972-e342830e2689
2026-07-02 23:03:55,260 INFO o.a.j.p.j.s.J.Idle fee charging journey: [electrahub-jmeter][idle-fee][001] step=payment state after terms
2026-07-02 23:03:55,292 INFO o.a.j.p.j.s.J.Idle fee charging journey: [electrahub-jmeter][idle-fee][001] http GET /payment/api/v1/payment/state status=200 elapsedMs=30
2026-07-02 23:03:55,293 INFO o.a.j.p.j.s.J.Idle fee charging journey: [electrahub-jmeter][idle-fee][001] step=add card
2026-07-02 23:03:55,372 INFO o.a.j.p.j.s.J.Idle fee charging journey: [electrahub-jmeter][idle-fee][001] http POST /payment/api/v1/payment/cards status=201 elapsedMs=77
2026-07-02 23:03:55,375 INFO o.a.j.p.j.s.J.Idle fee charging journey: [electrahub-jmeter][idle-fee][001] step=wallet topup
2026-07-02 23:03:55,398 INFO o.a.j.p.j.s.J.Idle fee charging journey: [electrahub-jmeter][idle-fee][001] http POST /payment/api/v1/payment/wallet/topups status=201 elapsedMs=20
2026-07-02 23:03:55,402 INFO o.a.j.p.j.s.J.Idle fee charging journey: [electrahub-jmeter][idle-fee][001] step=payment state after setup
2026-07-02 23:03:55,470 INFO o.a.j.p.j.s.J.Idle fee charging journey: [electrahub-jmeter][idle-fee][001] http GET /payment/api/v1/payment/state status=200 elapsedMs=66
2026-07-02 23:03:55,472 INFO o.a.j.p.j.s.J.Idle fee charging journey: [electrahub-jmeter][idle-fee][001] payment ready wallet=120.00
2026-07-02 23:03:55,473 INFO o.a.j.p.j.s.J.Idle fee charging journey: [electrahub-jmeter][idle-fee][001] step=charger graphql list
2026-07-02 23:03:56,360 INFO o.a.j.p.j.s.J.Idle fee charging journey: [electrahub-jmeter][idle-fee][001] http POST /charger/graphql status=200 elapsedMs=886
2026-07-02 23:03:56,379 INFO o.a.j.p.j.s.J.Idle fee charging journey: [electrahub-jmeter][idle-fee][001] selected available connector EH-US-CHG-0001/CON-US-0001 location=US*EHB*LOC*USA001 candidate=1/69
2026-07-02 23:03:56,380 INFO o.a.j.p.j.s.J.Idle fee charging journey: [electrahub-jmeter][idle-fee][001] step=charger graphql view
2026-07-02 23:03:56,422 INFO o.a.j.p.j.s.J.Idle fee charging journey: [electrahub-jmeter][idle-fee][001] http POST /charger/graphql status=200 elapsedMs=40
2026-07-02 23:03:56,425 INFO o.a.j.p.j.s.J.Idle fee charging journey: [electrahub-jmeter][idle-fee][001] idle fee discovery ok charger=EH-US-CHG-0001/CON-US-0001 rate=1.0 USD
2026-07-02 23:03:56,426 INFO o.a.j.p.j.s.J.Idle fee charging journey: [electrahub-jmeter][idle-fee][001] step=payment state before start
2026-07-02 23:03:56,439 INFO o.a.j.p.j.s.J.Idle fee charging journey: [electrahub-jmeter][idle-fee][001] http GET /payment/api/v1/payment/state status=200 elapsedMs=12
2026-07-02 23:03:56,445 INFO o.a.j.p.j.s.J.Idle fee charging journey: [electrahub-jmeter][idle-fee][001] step=start charging attempt 1
2026-07-02 23:03:57,726 INFO o.a.j.p.j.s.J.Idle fee charging journey: [electrahub-jmeter][idle-fee][001] http POST /session/api/v1/sessions/start status=201 elapsedMs=1280
2026-07-02 23:03:57,727 INFO o.a.j.p.j.s.J.Idle fee charging journey: [electrahub-jmeter][idle-fee][001] started session=f8093b01-42d4-4ad9-a087-028a5f66fa9f charger=EH-US-CHG-0001/CON-US-0001 status=PREPARING remote=Accepted attempt=1/69
2026-07-02 23:03:57,728 INFO o.a.j.p.j.s.J.Idle fee charging journey: [electrahub-jmeter][idle-fee][001] step=active sessions
2026-07-02 23:03:58,422 INFO o.a.j.p.j.s.J.Idle fee charging journey: [electrahub-jmeter][idle-fee][001] http GET /session/api/v1/sessions/active status=200 elapsedMs=693
2026-07-02 23:04:20,581 INFO o.a.j.p.j.s.J.Idle fee charging journey: [electrahub-jmeter][idle-fee][001] sse ok connected=1 snapshot=2 updates=13 receipts=0 heartbeats=0
2026-07-02 23:04:20,585 INFO o.a.j.p.j.s.J.Idle fee charging journey: [electrahub-jmeter][idle-fee][001] step=active sessions
2026-07-02 23:04:21,584 INFO o.a.j.p.j.s.J.Idle fee charging journey: [electrahub-jmeter][idle-fee][001] http GET /session/api/v1/sessions/active status=200 elapsedMs=999
2026-07-02 23:04:21,588 INFO o.a.j.p.j.s.J.Idle fee charging journey: [electrahub-jmeter][idle-fee][001] active session predicate ok idle fee policy snapshot session=f8093b01-42d4-4ad9-a087-028a5f66fa9f
2026-07-02 23:04:21,590 INFO o.a.j.p.j.s.J.Idle fee charging journey: [electrahub-jmeter][idle-fee][001] step=simulator meter value
2026-07-02 23:04:21,601 INFO o.a.j.p.j.s.J.Idle fee charging journey: [electrahub-jmeter][idle-fee][001] simulator POST /api/v1/chargers/EH-US-CHG-0001/connectors/1/meter-values/send status=202 elapsedMs=6
2026-07-02 23:04:21,603 INFO o.a.j.p.j.s.J.Idle fee charging journey: [electrahub-jmeter][idle-fee][001] step=simulator status SuspendedEV
2026-07-02 23:04:21,611 INFO o.a.j.p.j.s.J.Idle fee charging journey: [electrahub-jmeter][idle-fee][001] simulator POST /api/v1/chargers/EH-US-CHG-0001/connectors/1/status status=200 elapsedMs=6
2026-07-02 23:04:21,613 INFO o.a.j.p.j.s.J.Idle fee charging journey: [electrahub-jmeter][idle-fee][001] step=active sessions
2026-07-02 23:04:22,597 INFO o.a.j.p.j.s.J.Idle fee charging journey: [electrahub-jmeter][idle-fee][001] http GET /session/api/v1/sessions/active status=200 elapsedMs=983
2026-07-02 23:04:22,598 INFO o.a.j.p.j.s.J.Idle fee charging journey: [electrahub-jmeter][idle-fee][001] active session predicate ok idle started session=f8093b01-42d4-4ad9-a087-028a5f66fa9f
2026-07-02 23:04:22,600 INFO o.a.j.p.j.s.J.Idle fee charging journey: [electrahub-jmeter][idle-fee][001] idle started session=f8093b01-42d4-4ad9-a087-028a5f66fa9f idleSeconds=0 idleStartedAt=-
2026-07-02 23:04:22,602 INFO o.a.j.p.j.s.J.Idle fee charging journey: [electrahub-jmeter][idle-fee][001] step=stop charging session
2026-07-02 23:04:23,626 INFO o.a.j.p.j.s.J.Idle fee charging journey: [electrahub-jmeter][idle-fee][001] http POST /session/api/v1/sessions/f8093b01-42d4-4ad9-a087-028a5f66fa9f/stop status=204 elapsedMs=1023
2026-07-02 23:04:23,628 INFO o.a.j.p.j.s.J.Idle fee charging journey: [electrahub-jmeter][idle-fee][001] stop requested session=f8093b01-42d4-4ad9-a087-028a5f66fa9f
2026-07-02 23:04:23,629 INFO o.a.j.p.j.s.J.Idle fee charging journey: [electrahub-jmeter][idle-fee][001] step=active sessions
2026-07-02 23:04:24,625 INFO o.a.j.p.j.s.J.Idle fee charging journey: [electrahub-jmeter][idle-fee][001] http GET /session/api/v1/sessions/active status=200 elapsedMs=994
2026-07-02 23:04:24,629 INFO o.a.j.p.j.s.J.Idle fee charging journey: [electrahub-jmeter][idle-fee][001] active session predicate ok remote stop requires unplug session=f8093b01-42d4-4ad9-a087-028a5f66fa9f
2026-07-02 23:04:24,630 INFO o.a.j.p.j.s.J.Idle fee charging journey: [electrahub-jmeter][idle-fee][001] remote stop kept idle-fee session active session=f8093b01-42d4-4ad9-a087-028a5f66fa9f idleSeconds=3
2026-07-02 23:04:24,631 INFO o.a.j.p.j.s.J.Idle fee charging journey: [electrahub-jmeter][idle-fee][001] step=simulator status Available
2026-07-02 23:04:24,637 INFO o.a.j.p.j.s.J.Idle fee charging journey: [electrahub-jmeter][idle-fee][001] simulator POST /api/v1/chargers/EH-US-CHG-0001/connectors/1/status status=200 elapsedMs=4
2026-07-02 23:04:24,638 INFO o.a.j.p.j.s.J.Idle fee charging journey: [electrahub-jmeter][idle-fee][001] step=active sessions
2026-07-02 23:04:25,635 INFO o.a.j.p.j.s.J.Idle fee charging journey: [electrahub-jmeter][idle-fee][001] http GET /session/api/v1/sessions/active status=200 elapsedMs=996
2026-07-02 23:04:32,897 INFO o.a.j.p.j.s.J.Idle fee charging journey: [electrahub-jmeter][idle-fee][001] step=active sessions
2026-07-02 23:04:32,919 INFO o.a.j.p.j.s.J.Idle fee charging journey: [electrahub-jmeter][idle-fee][001] http GET /session/api/v1/sessions/active status=200 elapsedMs=20
2026-07-02 23:04:32,920 INFO o.a.j.p.j.s.J.Idle fee charging journey: [electrahub-jmeter][idle-fee][001] step=receipt
2026-07-02 23:04:32,948 INFO o.a.j.p.j.s.J.Idle fee charging journey: [electrahub-jmeter][idle-fee][001] http GET /session/api/v1/sessions/f8093b01-42d4-4ad9-a087-028a5f66fa9f/receipt status=200 elapsedMs=25
2026-07-02 23:04:32,950 INFO o.a.j.p.j.s.J.Idle fee charging journey: [electrahub-jmeter][idle-fee][001] step=session history
2026-07-02 23:04:33,105 INFO o.a.j.p.j.s.J.Idle fee charging journey: [electrahub-jmeter][idle-fee][001] http GET /session/api/v1/sessions/history?page=0&size=10 status=200 elapsedMs=154
2026-07-02 23:04:33,107 INFO o.a.j.p.j.s.J.Idle fee charging journey: [electrahub-jmeter][idle-fee][001] step=dashboard stats
2026-07-02 23:04:33,204 INFO o.a.j.p.j.s.J.Idle fee charging journey: [electrahub-jmeter][idle-fee][001] http GET /session/api/v1/sessions/dashboard-stats status=200 elapsedMs=96
2026-07-02 23:04:33,205 INFO o.a.j.p.j.s.J.Idle fee charging journey: [electrahub-jmeter][idle-fee][001] receipt ok session=f8093b01-42d4-4ad9-a087-028a5f66fa9f status=Completed total=1.9495
2026-07-02 23:04:33,219 INFO o.a.j.r.Summariser: summary +      1 in 00:00:42 =    0.0/s Avg: 35723 Min: 35723 Max: 35723 Err:     0 (0.00%) Active: 1 Started: 1 Finished: 0
2026-07-02 23:04:33,220 INFO o.a.j.t.JMeterThread: Thread is done: Idle-fee driver journeys 1-1
2026-07-02 23:04:33,221 INFO o.a.j.t.JMeterThread: Thread finished: Idle-fee driver journeys 1-1
2026-07-02 23:04:33,222 INFO o.a.j.e.StandardJMeterEngine: Notifying test listeners of end of test
2026-07-02 23:04:33,223 INFO o.a.j.s.FileServer: Close: scripts/jmeter/data/connectors-100.csv
2026-07-02 23:04:33,231 INFO o.a.j.r.Summariser: summary =      1 in 00:00:42 =    0.0/s Avg: 35723 Min: 35723 Max: 35723 Err:     0 (0.00%)
